Archive member included because of file (symbol)

C:/Program Files/Microchip/MPLAB C32/bin/../lib/gcc/pic32mx/3.4.4/../../../../pic32mx/lib/speed\libc.a(setjmp.o)
                              build/OLIMEX/production/_ext/2012694729/MMBasic.o (setjmp)
C:/Program Files/Microchip/MPLAB C32/bin/../lib/gcc/pic32mx/3.4.4/../../../../pic32mx/lib/speed\libc.a(memcmp.o)
                              build/OLIMEX/production/_ext/2012694729/Files.o (memcmp)
C:/Program Files/Microchip/MPLAB C32/bin/../lib/gcc/pic32mx/3.4.4/../../../../pic32mx/lib/speed\libc.a(memcpy.o)
                              build/OLIMEX/production/_ext/2012694729/MMBasic.o (memcpy)
C:/Program Files/Microchip/MPLAB C32/bin/../lib/gcc/pic32mx/3.4.4/../../../../pic32mx/lib/speed\libc.a(memset.o)
                              build/OLIMEX/production/_ext/2012694729/Custom.o (memset)
C:/Program Files/Microchip/MPLAB C32/bin/../lib/gcc/pic32mx/3.4.4/../../../../pic32mx/lib/speed\libc.a(strcmp.o)
                              build/OLIMEX/production/_ext/2012694729/Files.o (strcmp)
C:/Program Files/Microchip/MPLAB C32/bin/../lib/gcc/pic32mx/3.4.4/../../../../pic32mx/lib/speed\libc.a(strcpy.o)
                              build/OLIMEX/production/_ext/2012694729/Commands.o (strcpy)
C:/Program Files/Microchip/MPLAB C32/bin/../lib/gcc/pic32mx/3.4.4/../../../../pic32mx/lib/speed\libc.a(strlen.o)
                              build/OLIMEX/production/_ext/2012694729/Commands.o (strlen)
C:/Program Files/Microchip/MPLAB C32/bin/../lib/gcc/pic32mx/3.4.4/../../../../pic32mx/lib/speed\libc.a(general-exception.o)
                              C:/Program Files/Microchip/MPLAB C32/bin/../lib/gcc/pic32mx/3.4.4/../../../../pic32mx/lib/speed/crt0.o (_general_exception_context)
C:/Program Files/Microchip/MPLAB C32/bin/../lib/gcc/pic32mx/3.4.4/../../../../pic32mx/lib/speed\libc.a(strcat.o)
                              build/OLIMEX/production/_ext/2012694729/Commands.o (strcat)
C:/Program Files/Microchip/MPLAB C32/bin/../lib/gcc/pic32mx/3.4.4/../../../../pic32mx/lib/speed\libc.a(strncmp.o)
                              build/OLIMEX/production/_ext/2012694729/Editor.o (strncmp)
C:/Program Files/Microchip/MPLAB C32/bin/../lib/gcc/pic32mx/3.4.4/../../../../pic32mx/lib/speed\libc.a(strncpy.o)
                              build/OLIMEX/production/_ext/2012694729/Files.o (strncpy)
C:/Program Files/Microchip/MPLAB C32/bin/../lib/gcc/pic32mx/3.4.4/../../../../pic32mx/lib/speed\libc.a(strchr.o)
                              build/OLIMEX/production/_ext/2012694729/Commands.o (strchr)
C:/Program Files/Microchip/MPLAB C32/bin/../lib/gcc/pic32mx/3.4.4/../../../../pic32mx/lib/speed\libc.a(memmove.o)
                              build/OLIMEX/production/_ext/2012694729/Commands.o (memmove)
C:/Program Files/Microchip/MPLAB C32/bin/../lib/gcc/pic32mx/3.4.4/../../../../pic32mx/lib/speed\libc.a(exit.o)
                              C:/Program Files/Microchip/MPLAB C32/bin/../lib/gcc/pic32mx/3.4.4/../../../../pic32mx/lib/speed/crt0.o (exit)
C:/Program Files/Microchip/MPLAB C32/bin/../lib/gcc/pic32mx/3.4.4/../../../../pic32mx/lib/speed\libc.a(ctype.o)
                              build/OLIMEX/production/_ext/2012694729/Commands.o (_ctype)
C:/Program Files/Microchip/MPLAB C32/bin/../lib/gcc/pic32mx/3.4.4/../../../../pic32mx/lib/speed\libc.a(ctypef.o)
                              build/OLIMEX/production/_ext/2012694729/Functions.o (tolower)
C:/Program Files/Microchip/MPLAB C32/bin/../lib/gcc/pic32mx/3.4.4/../../../../pic32mx/lib/speed\libc.a(malloc.o)
                              build/OLIMEX/production/_ext/2012694729/Commands.o (free)
C:/Program Files/Microchip/MPLAB C32/bin/../lib/gcc/pic32mx/3.4.4/../../../../pic32mx/lib/speed\libc.a(malloc_calloc.o)
                              build/OLIMEX/production/_ext/2012694729/MMBasic.o (calloc)
C:/Program Files/Microchip/MPLAB C32/bin/../lib/gcc/pic32mx/3.4.4/../../../../pic32mx/lib/speed\libc.a(rand.o)
                              build/OLIMEX/production/_ext/2012694729/Functions.o (rand)
C:/Program Files/Microchip/MPLAB C32/bin/../lib/gcc/pic32mx/3.4.4/../../../../pic32mx/lib/speed\libc.a(errno.o)
                              C:/Program Files/Microchip/MPLAB C32/bin/../lib/gcc/pic32mx/3.4.4/../../../../pic32mx/lib/speed\libc.a(malloc.o) (errno)
C:/Program Files/Microchip/MPLAB C32/bin/../lib/gcc/pic32mx/3.4.4/../../../../pic32mx/lib/speed\libc.a(strtol.o)
                              build/OLIMEX/production/_ext/2012694729/Commands.o (strtol)
C:/Program Files/Microchip/MPLAB C32/bin/../lib/gcc/pic32mx/3.4.4/../../../../pic32mx/lib/speed\libc.a(strtod.o)
                              build/OLIMEX/production/_ext/2012694729/Commands.o (strtod)
C:/Program Files/Microchip/MPLAB C32/bin/../lib/gcc/pic32mx/3.4.4/../../../../pic32mx/lib/speed\libc.a(sprintf.o)
                              build/OLIMEX/production/_ext/2012694729/Commands.o (sprintf)
[...]
Memory Configuration

Name             Origin             Length             Attributes
startup_without_bootloader 0xbfc00000         0x00000008
kseg0_program_mem 0x9d004a00         0x0007b600         xr
kseg0_boot_mem   0x9d004490         0x00000970
exception_mem    0x9d003000         0x00001000
kseg1_boot_mem   0x9d004000         0x00000490
debug_exec_mem   0xbfc02000         0x00000ff0
config3          0xbfc02ff0         0x00000004
config2          0xbfc02ff4         0x00000004
config1          0xbfc02ff8         0x00000004
config0          0xbfc02ffc         0x00000004
kseg1_data_mem   0xa0000000         0x00020000         w !x
sfrs             0xbf800000         0x00100000
configsfrs       0xbfc02ff0         0x00000010
*default*        0x00000000         0xffffffff

Linker script and memory map

LOAD C:/Program Files/Microchip/MPLAB C32/bin/../lib/gcc/pic32mx/3.4.4/../../../../pic32mx/lib/speed/crt0.o
LOAD build/OLIMEX/production/_ext/2012694729/Commands.o
LOAD build/OLIMEX/production/_ext/2012694729/Custom.o
LOAD build/OLIMEX/production/_ext/2012694729/External.o
LOAD build/OLIMEX/production/_ext/2012694729/Files.o
LOAD build/OLIMEX/production/_ext/2012694729/Functions.o
LOAD build/OLIMEX/production/_ext/2012694729/Graphics.o
LOAD build/OLIMEX/production/_ext/2012694729/Help.o
LOAD build/OLIMEX/production/_ext/2012694729/I2C.o
LOAD build/OLIMEX/production/_ext/2012694729/MMBasic.o
LOAD build/OLIMEX/production/_ext/2012694729/Misc.o
LOAD build/OLIMEX/production/_ext/2012694729/Operators.o
LOAD build/OLIMEX/production/_ext/2012694729/XModem.o
LOAD build/OLIMEX/production/_ext/2012694729/Editor.o
LOAD build/OLIMEX/production/_ext/779736424/FSIO.o
LOAD build/OLIMEX/production/_ext/779736424/SD-SPI.o
LOAD build/OLIMEX/production/_ext/940238529/usb_descriptors.o
LOAD build/OLIMEX/production/_ext/678306549/usb_device.o
LOAD build/OLIMEX/production/_ext/488640762/usb_function_cdc.o
LOAD build/OLIMEX/production/_ext/718657706/usb_function_msd.o
LOAD build/OLIMEX/production/_ext/1624479370/DrawChar.o
LOAD build/OLIMEX/production/_ext/1624479370/VT100.o
LOAD build/OLIMEX/production/_ext/1624479370/Video.o
LOAD build/OLIMEX/production/_ext/2129892895/GameDuino.o
LOAD build/OLIMEX/production/_ext/179026188/Keyboard.o
LOAD build/OLIMEX/production/_ext/1728301206/Main.o
LOAD build/OLIMEX/production/_ext/2129892895/RTC.o
LOAD build/OLIMEX/production/_ext/1728301206/Setup.o
LOAD build/OLIMEX/production/_ext/1728301206/Term.o
LOAD build/OLIMEX/production/_ext/1123757107/Timers.o
LOAD build/OLIMEX/production/_ext/1091586137/serial.o
                0x00000001                __MPLAB_BUILD = 0x1
                0x00000400                PROVIDE (_min_stack_size, 0x400)
                0x00000000                PROVIDE (_min_heap_size, 0x0)
LOAD C:/Program Files/Microchip/MPLAB C32/bin/../lib/gcc/pic32mx/3.4.4/../../../../pic32mx/lib/./proc/32MX795F512H\processor.o
                0x00000001                PROVIDE (_vector_spacing, 0x1)
                0x9d003000                _ebase_address = 0x9d003000
                0xbfc00000                _ORIGINAL_RESET_ADDR = 0xbfc00000
                0x9d004000                _RESET_ADDR = 0x9d004000
                0x9d004380                _BEV_EXCPT_ADDR = 0x9d004380
                0x9d004480                _DBG_EXCPT_ADDR = 0x9d004480
                0xbfc02000                _DBG_CODE_ADDR = 0xbfc02000
                0x9d003180                _GEN_EXCPT_ADDR = (_ebase_address + 0x180)

.config_BFC02FF0
                0xbfc02ff0        0x4
 *(.config_BFC02FF0)
 .config_BFC02FF0
                0xbfc02ff0        0x4 build/OLIMEX/production/_ext/1728301206/Main.o

.config_BFC02FF4
                0xbfc02ff4        0x4
 *(.config_BFC02FF4)
 .config_BFC02FF4
                0xbfc02ff4        0x4 build/OLIMEX/production/_ext/1728301206/Main.o

.config_BFC02FF8
                0xbfc02ff8        0x4
 *(.config_BFC02FF8)
 .config_BFC02FF8
                0xbfc02ff8        0x4 build/OLIMEX/production/_ext/1728301206/Main.o

.config_BFC02FFC
                0xbfc02ffc        0x4
 *(.config_BFC02FFC)
 .config_BFC02FFC
                0xbfc02ffc        0x4 build/OLIMEX/production/_ext/1728301206/Main.o

.startup_without_bootloader
                0xbfc00000        0x8
                0xbfc00000        0x4 LONG 0xb401000 (((_reset >> 0x2) & 0x3ffffff) | 0x8000000)
                0xbfc00004        0x4 LONG 0x0

.reset          0x9d004000       0x10
 *(.reset)
 .reset         0x9d004000       0x10 C:/Program Files/Microchip/MPLAB C32/bin/../lib/gcc/pic32mx/3.4.4/../../../../pic32mx/lib/speed/crt0.o
                0x9d004000                _reset

.bev_excpt      0x9d004380       0x10
 *(.bev_handler)
 .bev_handler   0x9d004380       0x10 C:/Program Files/Microchip/MPLAB C32/bin/../lib/gcc/pic32mx/3.4.4/../../../../pic32mx/lib/speed/crt0.o

.dbg_excpt      0x9d004480        0x0
                0x9d004480                . = (. + DEFINED (_DEBUGGER)?0x8:0x0)

.dbg_code       0xbfc02000        0x0
                0xbfc02000                . = (. + DEFINED (_DEBUGGER)?0xff0:0x0)

.app_excpt      0x9d003180       0x10
 *(.gen_handler)
 .gen_handler   0x9d003180       0x10 C:/Program Files/Microchip/MPLAB C32/bin/../lib/gcc/pic32mx/3.4.4/../../../../pic32mx/lib/speed/crt0.o

.vector_0       0x9d003200        0x0
 *(.vector_0)
                0x00000001                ASSERT (((_vector_spacing == 0x0) || (SIZEOF (.vector_0) <= (_vector_spacing << 0x5))), function at exception vector 0 too large)

.vector_1       0x9d003220        0x0
 *(.vector_1)
                0x00000001                ASSERT (((_vector_spacing == 0x0) || (SIZEOF (.vector_1) <= (_vector_spacing << 0x5))), function at exception vector 1 too large)

.vector_2       0x9d003240        0x0
 *(.vector_2)
                0x00000001                ASSERT (((_vector_spacing == 0x0) || (SIZEOF (.vector_2) <= (_vector_spacing << 0x5))), function at exception vector 2 too large)

.vector_3       0x9d003260        0x0
 *(.vector_3)
                0x00000001                ASSERT (((_vector_spacing == 0x0) || (SIZEOF (.vector_3) <= (_vector_spacing << 0x5))), function at exception vector 3 too large)

.vector_4       0x9d003280        0x8
 *(.vector_4)
 .vector_4      0x9d003280        0x8 build/OLIMEX/production/_ext/1728301206/Main.o
                0x00000001                ASSERT (((_vector_spacing == 0x0) || (SIZEOF (.vector_4) <= (_vector_spacing << 0x5))), function at exception vector 4 too large)

.vector_5       0x9d0032a0        0x0
 *(.vector_5)
                0x00000001                ASSERT (((_vector_spacing == 0x0) || (SIZEOF (.vector_5) <= (_vector_spacing << 0x5))), function at exception vector 5 too large)

.vector_6       0x9d0032c0        0x0
 *(.vector_6)
                0x00000001                ASSERT (((_vector_spacing == 0x0) || (SIZEOF (.vector_6) <= (_vector_spacing << 0x5))), function at exception vector 6 too large)

.vector_7       0x9d0032e0        0x8
 *(.vector_7)
 .vector_7      0x9d0032e0        0x8 build/OLIMEX/production/_ext/2012694729/External.o
                0x00000001                ASSERT (((_vector_spacing == 0x0) || (SIZEOF (.vector_7) <= (_vector_spacing << 0x5))), function at exception vector 7 too large)

.vector_8       0x9d003300        0x0
 *(.vector_8)
                0x00000001                ASSERT (((_vector_spacing == 0x0) || (SIZEOF (.vector_8) <= (_vector_spacing << 0x5))), function at exception vector 8 too large)

.vector_9       0x9d003320        0x0
 *(.vector_9)
                0x00000001                ASSERT (((_vector_spacing == 0x0) || (SIZEOF (.vector_9) <= (_vector_spacing << 0x5))), function at exception vector 9 too large)

.vector_10      0x9d003340        0x0
 *(.vector_10)
                0x00000001                ASSERT (((_vector_spacing == 0x0) || (SIZEOF (.vector_10) <= (_vector_spacing << 0x5))), function at exception vector 10 too large)

.vector_11      0x9d003360        0x8
 *(.vector_11)
 .vector_11     0x9d003360        0x8 build/OLIMEX/production/_ext/2012694729/External.o
                0x00000001                ASSERT (((_vector_spacing == 0x0) || (SIZEOF (.vector_11) <= (_vector_spacing << 0x5))), function at exception vector 11 too large)

.vector_12      0x9d003380        0x8
 *(.vector_12)
 .vector_12     0x9d003380        0x8 build/OLIMEX/production/_ext/1624479370/Video.o
                0x00000001                ASSERT (((_vector_spacing == 0x0) || (SIZEOF (.vector_12) <= (_vector_spacing << 0x5))), function at exception vector 12 too large)

.vector_13      0x9d0033a0        0x0
 *(.vector_13)
                0x00000001                ASSERT (((_vector_spacing == 0x0) || (SIZEOF (.vector_13) <= (_vector_spacing << 0x5))), function at exception vector 13 too large)

.vector_14      0x9d0033c0        0x0
 *(.vector_14)
                0x00000001                ASSERT (((_vector_spacing == 0x0) || (SIZEOF (.vector_14) <= (_vector_spacing << 0x5))), function at exception vector 14 too large)

.vector_15      0x9d0033e0        0x8
 *(.vector_15)
 .vector_15     0x9d0033e0        0x8 build/OLIMEX/production/_ext/2012694729/External.o
                0x00000001                ASSERT (((_vector_spacing == 0x0) || (SIZEOF (.vector_15) <= (_vector_spacing << 0x5))), function at exception vector 15 too large)

.vector_16      0x9d003400        0x8
 *(.vector_16)
 .vector_16     0x9d003400        0x8 build/OLIMEX/production/_ext/1123757107/Timers.o
                0x00000001                ASSERT (((_vector_spacing == 0x0) || (SIZEOF (.vector_16) <= (_vector_spacing << 0x5))), function at exception vector 16 too large)

.vector_17      0x9d003420        0x0
 *(.vector_17)
                0x00000001                ASSERT (((_vector_spacing == 0x0) || (SIZEOF (.vector_17) <= (_vector_spacing << 0x5))), function at exception vector 17 too large)

.vector_18      0x9d003440        0x0
 *(.vector_18)
                0x00000001                ASSERT (((_vector_spacing == 0x0) || (SIZEOF (.vector_18) <= (_vector_spacing << 0x5))), function at exception vector 18 too large)

.vector_19      0x9d003460        0x8
 *(.vector_19)
 .vector_19     0x9d003460        0x8 build/OLIMEX/production/_ext/2012694729/External.o
                0x00000001                ASSERT (((_vector_spacing == 0x0) || (SIZEOF (.vector_19) <= (_vector_spacing << 0x5))), function at exception vector 19 too large)

.vector_20      0x9d003480        0x8
 *(.vector_20)
 .vector_20     0x9d003480        0x8 build/OLIMEX/production/_ext/1091586137/serial.o
                0x00000001                ASSERT (((_vector_spacing == 0x0) || (SIZEOF (.vector_20) <= (_vector_spacing << 0x5))), function at exception vector 20 too large)

.vector_21      0x9d0034a0        0x0
 *(.vector_21)
                0x00000001                ASSERT (((_vector_spacing == 0x0) || (SIZEOF (.vector_21) <= (_vector_spacing << 0x5))), function at exception vector 21 too large)

.vector_22      0x9d0034c0        0x0
 *(.vector_22)
                0x00000001                ASSERT (((_vector_spacing == 0x0) || (SIZEOF (.vector_22) <= (_vector_spacing << 0x5))), function at exception vector 22 too large)

.vector_23      0x9d0034e0        0x0
 *(.vector_23)
                0x00000001                ASSERT (((_vector_spacing == 0x0) || (SIZEOF (.vector_23) <= (_vector_spacing << 0x5))), function at exception vector 23 too large)

.vector_24      0x9d003500        0x0
 *(.vector_24)
                0x00000001                ASSERT (((_vector_spacing == 0x0) || (SIZEOF (.vector_24) <= (_vector_spacing << 0x5))), function at exception vector 24 too large)

.vector_25      0x9d003520        0x8
 *(.vector_25)
 .vector_25     0x9d003520        0x8 build/OLIMEX/production/_ext/2012694729/I2C.o
                0x00000001                ASSERT (((_vector_spacing == 0x0) || (SIZEOF (.vector_25) <= (_vector_spacing << 0x5))), function at exception vector 25 too large)

.vector_26      0x9d003540        0x8
 *(.vector_26)
 .vector_26     0x9d003540        0x8 build/OLIMEX/production/_ext/179026188/Keyboard.o
                0x00000001                ASSERT (((_vector_spacing == 0x0) || (SIZEOF (.vector_26) <= (_vector_spacing << 0x5))), function at exception vector 26 too large)

.vector_27      0x9d003560        0x0
 *(.vector_27)
                0x00000001                ASSERT (((_vector_spacing == 0x0) || (SIZEOF (.vector_27) <= (_vector_spacing << 0x5))), function at exception vector 27 too large)

.vector_28      0x9d003580        0x0
 *(.vector_28)
                0x00000001                ASSERT (((_vector_spacing == 0x0) || (SIZEOF (.vector_28) <= (_vector_spacing << 0x5))), function at exception vector 28 too large)

.vector_29      0x9d0035a0        0x0
 *(.vector_29)
                0x00000001                ASSERT (((_vector_spacing == 0x0) || (SIZEOF (.vector_29) <= (_vector_spacing << 0x5))), function at exception vector 29 too large)

.vector_30      0x9d0035c0        0x0
 *(.vector_30)
                0x00000001                ASSERT (((_vector_spacing == 0x0) || (SIZEOF (.vector_30) <= (_vector_spacing << 0x5))), function at exception vector 30 too large)

.vector_31      0x9d0035e0        0x0
 *(.vector_31)
                0x00000001                ASSERT (((_vector_spacing == 0x0) || (SIZEOF (.vector_31) <= (_vector_spacing << 0x5))), function at exception vector 31 too large)

.vector_32      0x9d003600        0x8
 *(.vector_32)
 .vector_32     0x9d003600        0x8 build/OLIMEX/production/_ext/1091586137/serial.o
                0x00000001                ASSERT (((_vector_spacing == 0x0) || (SIZEOF (.vector_32) <= (_vector_spacing << 0x5))), function at exception vector 32 too large)

.vector_33      0x9d003620        0x0
 *(.vector_33)
                0x00000001                ASSERT (((_vector_spacing == 0x0) || (SIZEOF (.vector_33) <= (_vector_spacing << 0x5))), function at exception vector 33 too large)

.vector_34      0x9d003640        0x0
 *(.vector_34)
                0x00000001                ASSERT (((_vector_spacing == 0x0) || (SIZEOF (.vector_34) <= (_vector_spacing << 0x5))), function at exception vector 34 too large)

.vector_35      0x9d003660        0x8
 *(.vector_35)
 .vector_35     0x9d003660        0x8 build/OLIMEX/production/_ext/2129892895/RTC.o
                0x00000001                ASSERT (((_vector_spacing == 0x0) || (SIZEOF (.vector_35) <= (_vector_spacing << 0x5))), function at exception vector 35 too large)

.vector_36      0x9d003680        0x0
 *(.vector_36)
                0x00000001                ASSERT (((_vector_spacing == 0x0) || (SIZEOF (.vector_36) <= (_vector_spacing << 0x5))), function at exception vector 36 too large)

.vector_37      0x9d0036a0        0x0
 *(.vector_37)
                0x00000001                ASSERT (((_vector_spacing == 0x0) || (SIZEOF (.vector_37) <= (_vector_spacing << 0x5))), function at exception vector 37 too large)

.vector_38      0x9d0036c0        0x0
 *(.vector_38)
                0x00000001                ASSERT (((_vector_spacing == 0x0) || (SIZEOF (.vector_38) <= (_vector_spacing << 0x5))), function at exception vector 38 too large)

.vector_39      0x9d0036e0        0x0
 *(.vector_39)
                0x00000001                ASSERT (((_vector_spacing == 0x0) || (SIZEOF (.vector_39) <= (_vector_spacing << 0x5))), function at exception vector 39 too large)

.vector_40      0x9d003700        0x0
 *(.vector_40)
                0x00000001                ASSERT (((_vector_spacing == 0x0) || (SIZEOF (.vector_40) <= (_vector_spacing << 0x5))), function at exception vector 40 too large)

.vector_41      0x9d003720        0x0
 *(.vector_41)
                0x00000001                ASSERT (((_vector_spacing == 0x0) || (SIZEOF (.vector_41) <= (_vector_spacing << 0x5))), function at exception vector 41 too large)

.vector_42      0x9d003740        0x0
 *(.vector_42)
                0x00000001                ASSERT (((_vector_spacing == 0x0) || (SIZEOF (.vector_42) <= (_vector_spacing << 0x5))), function at exception vector 42 too large)

.vector_43      0x9d003760        0x0
 *(.vector_43)
                0x00000001                ASSERT (((_vector_spacing == 0x0) || (SIZEOF (.vector_43) <= (_vector_spacing << 0x5))), function at exception vector 43 too large)

.vector_44      0x9d003780        0x0
 *(.vector_44)
                0x00000001                ASSERT (((_vector_spacing == 0x0) || (SIZEOF (.vector_44) <= (_vector_spacing << 0x5))), function at exception vector 44 too large)

.vector_45      0x9d0037a0        0x0
 *(.vector_45)
                0x00000001                ASSERT (((_vector_spacing == 0x0) || (SIZEOF (.vector_45) <= (_vector_spacing << 0x5))), function at exception vector 45 too large)

.vector_46      0x9d0037c0        0x0
 *(.vector_46)
                0x00000001                ASSERT (((_vector_spacing == 0x0) || (SIZEOF (.vector_46) <= (_vector_spacing << 0x5))), function at exception vector 46 too large)

.vector_47      0x9d0037e0        0x0
 *(.vector_47)
                0x00000001                ASSERT (((_vector_spacing == 0x0) || (SIZEOF (.vector_47) <= (_vector_spacing << 0x5))), function at exception vector 47 too large)

.vector_48      0x9d003800        0x0
 *(.vector_48)
                0x00000001                ASSERT (((_vector_spacing == 0x0) || (SIZEOF (.vector_48) <= (_vector_spacing << 0x5))), function at exception vector 48 too large)

.vector_49      0x9d003820        0x0
 *(.vector_49)
                0x00000001                ASSERT (((_vector_spacing == 0x0) || (SIZEOF (.vector_49) <= (_vector_spacing << 0x5))), function at exception vector 49 too large)

.vector_50      0x9d003840        0x0
 *(.vector_50)
                0x00000001                ASSERT (((_vector_spacing == 0x0) || (SIZEOF (.vector_50) <= (_vector_spacing << 0x5))), function at exception vector 50 too large)

.vector_51      0x9d003860        0x0
 *(.vector_51)
                0x00000001                ASSERT (((_vector_spacing == 0x0) || (SIZEOF (.vector_51) <= (_vector_spacing << 0x5))), function at exception vector 51 too large)

.vector_52      0x9d003880        0x0
 *(.vector_52)
                0x00000001                ASSERT (((_vector_spacing == 0x0) || (SIZEOF (.vector_52) <= (_vector_spacing << 0x5))), function at exception vector 52 too large)

.vector_53      0x9d0038a0        0x0
 *(.vector_53)
                0x00000001                ASSERT (((_vector_spacing == 0x0) || (SIZEOF (.vector_53) <= (_vector_spacing << 0x5))), function at exception vector 53 too large)

.vector_54      0x9d0038c0        0x0
 *(.vector_54)
                0x00000001                ASSERT (((_vector_spacing == 0x0) || (SIZEOF (.vector_54) <= (_vector_spacing << 0x5))), function at exception vector 54 too large)

.vector_55      0x9d0038e0        0x0
 *(.vector_55)
                0x00000001                ASSERT (((_vector_spacing == 0x0) || (SIZEOF (.vector_55) <= (_vector_spacing << 0x5))), function at exception vector 55 too large)

.vector_56      0x9d003900        0x0
 *(.vector_56)
                0x00000001                ASSERT (((_vector_spacing == 0x0) || (SIZEOF (.vector_56) <= (_vector_spacing << 0x5))), function at exception vector 56 too large)

.vector_57      0x9d003920        0x0
 *(.vector_57)
                0x00000001                ASSERT (((_vector_spacing == 0x0) || (SIZEOF (.vector_57) <= (_vector_spacing << 0x5))), function at exception vector 57 too large)

.vector_58      0x9d003940        0x0
 *(.vector_58)
                0x00000001                ASSERT (((_vector_spacing == 0x0) || (SIZEOF (.vector_58) <= (_vector_spacing << 0x5))), function at exception vector 58 too large)

.vector_59      0x9d003960        0x0
 *(.vector_59)
                0x00000001                ASSERT (((_vector_spacing == 0x0) || (SIZEOF (.vector_59) <= (_vector_spacing << 0x5))), function at exception vector 59 too large)

.vector_60      0x9d003980        0x0
 *(.vector_60)
                0x00000001                ASSERT (((_vector_spacing == 0x0) || (SIZEOF (.vector_60) <= (_vector_spacing << 0x5))), function at exception vector 60 too large)

.vector_61      0x9d0039a0        0x0
 *(.vector_61)
                0x00000001                ASSERT (((_vector_spacing == 0x0) || (SIZEOF (.vector_61) <= (_vector_spacing << 0x5))), function at exception vector 61 too large)

.vector_62      0x9d0039c0        0x0
 *(.vector_62)
                0x00000001                ASSERT (((_vector_spacing == 0x0) || (SIZEOF (.vector_62) <= (_vector_spacing << 0x5))), function at exception vector 62 too large)

.vector_63      0x9d0039e0        0x0
 *(.vector_63)
                0x00000001                ASSERT (((_vector_spacing == 0x0) || (SIZEOF (.vector_63) <= (_vector_spacing << 0x5))), function at exception vector 63 too large)

.startup        0x9d004490      0x1e0
 *(.startup)
 .startup       0x9d004490      0x1e0 C:/Program Files/Microchip/MPLAB C32/bin/../lib/gcc/pic32mx/3.4.4/../../../../pic32mx/lib/speed/crt0.o

.text           0x9d004a00    0x60eb8
                0x9d004a00                _text_begin = .
 *(.text .stub .text.* .gnu.linkonce.t.*)
 .text          0x9d004a00       0x18 C:/Program Files/Microchip/MPLAB C32/bin/../lib/gcc/pic32mx/3.4.4/../../../../pic32mx/lib/speed/crt0.o
 .text          0x9d004a18     0x46dc build/OLIMEX/production/_ext/2012694729/Commands.o
                0x9d004a18                cmd_null
                0x9d004a20                cmd_print
                0x9d004c14                cmd_write
                0x9d004dd0                cmd_let
                0x9d004ec0                cmd_list
                0x9d004fcc                cmd_run
                0x9d00513c                cmd_continue
                0x9d005188                cmd_save
                0x9d005228                cmd_load
                0x9d0052ac                cmd_merge
                0x9d0052e4                cmd_new
                0x9d00532c                cmd_clear
                0x9d005350                cmd_goto
                0x9d00537c                cmd_if
                0x9d0058c0                cmd_else
                0x9d005a5c                cmd_end
                0x9d005a7c                cmd_input
                0x9d005e24                cmd_tron
                0x9d005e60                cmd_troff
                0x9d005e80                cmd_for
                0x9d0063f0                cmd_next
                0x9d0066f8                cmd_do
                0x9d006a90                cmd_loop
                0x9d006c54                cmd_exit
                0x9d006d6c                cmd_error
                0x9d006d9c                cmd_randomize
                0x9d006ddc                cmd_gosub
                0x9d006e44                cmd_return
                0x9d006e98                cmd_read
                0x9d007200                cmd_restore
                0x9d007220                cmd_lineinput
                0x9d007404                cmd_delete
                0x9d00765c                cmd_on
                0x9d0077bc                cmd_dim
                0x9d007860                cmd_erase
                0x9d007a9c                cmd_option
                0x9d007d70                cmd_memory
                0x9d007ec0                GetNewNumber
                0x9d008084                cmd_renumber
                0x9d008940                cmd_edit
                0x9d0089c4                cmd_poke
                0x9d008a44                cmd_auto
                0x9d008ad4                mergefile
                0x9d008c5c                llist
                0x9d008e54                flist
                0x9d008fcc                execute_one_command
 .text          0x9d0090f4     0x3818 build/OLIMEX/production/_ext/2012694729/Custom.o
                0x9d0090f4                cmd_owReset
                0x9d0092b0                cmd_owWrite
                0x9d00967c                cmd_owRead
                0x9d009af8                cmd_owSearch
                0x9d00a110                fun_owCRC8
                0x9d00a474                fun_owCRC16
                0x9d00a7f8                fun_mmOW
                0x9d00a818                ow_pinChk
                0x9d00a87c                ow_reset
                0x9d00a934                ow_writeByte
                0x9d00a988                ow_readByte
                0x9d00a9e4                ow_verifyByte
                0x9d00aa10                ow_touchByte
                0x9d00aa9c                ow_touchBit
                0x9d00aaec                ow_writeBit
                0x9d00abe0                ow_readBit
                0x9d00acbc                ow_first
                0x9d00ace0                ow_next
                0x9d00af74                ow_verify
                0x9d00b074                ow_serialNum
                0x9d00b0d4                ow_familySearchSetup
                0x9d00b104                ow_skipFamily
                0x9d00b124                setcrc16
                0x9d00b12c                docrc16
                0x9d00b1a0                setcrc8
                0x9d00b1a8                docrc8
                0x9d00b1d0                ow_onOCPin
                0x9d00b384                ow_offOCPin
                0x9d00b538                ow_setPin
                0x9d00b6ec                ow_clrPin
                0x9d00b8a0                ow_inputPin
                0x9d00ba54                ow_outputPin
                0x9d00bc08                ow_readPin
                0x9d00bd74                cmd_shiftout
                0x9d00c074                cmd_shiftin
                0x9d00c4b4                fun_vmem
                0x9d00c4dc                xread
                0x9d00c544                cmd_loadbmp
 .text          0x9d00c90c     0x1870 build/OLIMEX/production/_ext/2012694729/External.o
                0x9d00c90c                cmd_pin
                0x9d00ca28                fun_pin
                0x9d00ccb8                cmd_setpin
                0x9d00ce7c                ClearExternalIO
                0x9d00cfd8                initExtIO
                0x9d00d090                ExtCfg
                0x9d00d6f0                ExtSet
                0x9d00d9cc                ExtInp
                0x9d00df1c                INT1Interrupt
                0x9d00dfb8                INT2Interrupt
                0x9d00e04c                INT3Interrupt
                0x9d00e0e0                INT4Interrupt
 *fill*         0x9d00e17c      0xe84 00000000
 .text          0x9d00f000    0x25000 build/OLIMEX/production/_ext/2012694729/Files.o
                0x9d00f000                ErrorThrow
                0x9d00f04c                ErrorCheck
                0x9d00f0c8                cmd_open
                0x9d00f38c                cmd_close
                0x9d00f480                fun_inputstr
                0x9d00f588                cmd_files
                0x9d00fa48                cmd_mkdir
                0x9d00fb3c                cmd_rmdir
                0x9d00fc30                cmd_chdir
                0x9d00fcf0                fun_eof
                0x9d00fd74                fun_loc
                0x9d00feb8                fun_lof
                0x9d010004                fun_cwd
                0x9d010040                cmd_kill
                0x9d010108                cmd_name
                0x9d0103c0                fun_errno
                0x9d0103e0                cmd_drive
                0x9d010448                fun_mmdrive
                0x9d010474                fun_mmfname
                0x9d0104b4                MMgetline
                0x9d010770                CheckAbort
                0x9d01079c                MMfputs
                0x9d010804                GetDrive
                0x9d0108c4                MMfopen
                0x9d010bc8                MMfread
                0x9d010bf4                MMfclose
                0x9d010e50                MMfgetc
                0x9d01108c                MMfputc
                0x9d011304                MMfeof
                0x9d0114d0                MMgetcwd
                0x9d01157c                CloseAllFiles
                0x9d01163c                cmd_msdon
                0x9d011694                cmd_msdoff
                0x9d0116a4                cmd_sdformat
                0x9d011700                InitSDCard
                0x9d0117a0                SDFileExists
                0x9d011870                FindFreeFileNbr
                0x9d012000                Flash
                0x9d032000                FlashWriteWord
                0x9d032080                FlashWriteByte
                0x9d032154                FindFlashBlock
                0x9d0321e0                FindFreeFlashBlock
                0x9d0322f8                GetNextGeneration
                0x9d032330                FlashAllocateNewBlock
                0x9d032468                FlashWriteNextByte
                0x9d0324a4                FlashGetNextByte
                0x9d032590                FlashFreeSpace
                0x9d0325d8                FlashList
                0x9d032718                FlashFileKill
                0x9d032830                FlashOpenWrite
                0x9d032890                FlashOpenRead
                0x9d032978                FlashOpenAppend
                0x9d032a7c                FlashRename
                0x9d032ce4                FlashGetEOF
                0x9d032f30                FlashGetc
                0x9d0332b8                FlashPutc
                0x9d033334                FlashPutStr
                0x9d0333e4                FlashCloseWrite
                0x9d033428                FlashCloseRead
 .text          0x9d034000      0xf90 build/OLIMEX/production/_ext/2012694729/Functions.o
                0x9d034000                fun_abs
                0x9d03402c                fun_asc
                0x9d034074                fun_atn
                0x9d03409c                fun_chr
                0x9d0340f0                fun_cint
                0x9d034118                fun_cos
                0x9d034140                fun_exp
                0x9d034168                fun_hex
                0x9d0341ac                fun_instr
                0x9d034338                fun_int
                0x9d034360                fun_fix
                0x9d034390                fun_left
                0x9d034444                fun_len
                0x9d03448c                fun_log
                0x9d0344b4                fun_mid
                0x9d0345f4                fun_oct
                0x9d034638                fun_right
                0x9d03471c                fun_rnd
                0x9d034754                fun_sgn
                0x9d0347c8                fun_sin
                0x9d0347f0                fun_sqr
                0x9d034844                fun_tan
                0x9d03486c                fun_val
                0x9d034954                fun_space
                0x9d0349b4                fun_str
                0x9d034a04                fun_string
                0x9d034b14                fun_format
                0x9d034cd4                fun_ucase
                0x9d034d5c                fun_lcase
                0x9d034de4                fun_peek
                0x9d034e80                fun_version
 .text          0x9d034f90      0xd1c build/OLIMEX/production/_ext/2012694729/Graphics.o
                0x9d034f90                cmd_cls
                0x9d034fb8                cmd_circle
                0x9d0350c8                cmd_line
                0x9d0353cc                cmd_pset
                0x9d035460                cmd_preset
                0x9d0354f4                cmd_locate
                0x9d035568                cmd_pixel
                0x9d03566c                fun_pixel
                0x9d0356f8                fun_hres
                0x9d035718                fun_vres
                0x9d035738                xwrite
                0x9d035798                cmd_savebmp
                0x9d035bec                getcoord
 .text          0x9d035cac      0x244 build/OLIMEX/production/_ext/2012694729/Help.o
                0x9d035cac                cmd_help
 .text          0x9d035ef0     0x25d4 build/OLIMEX/production/_ext/2012694729/I2C.o
                0x9d035ef0                cmd_i2cDisable
                0x9d035f14                cmd_i2cEnable
                0x9d036048                cmd_i2cSend
                0x9d036418                cmd_i2cReceive
                0x9d036930                cmd_i2cSlaveDisable
                0x9d036954                cmd_i2cSlaveEnable
                0x9d036ad4                cmd_i2cSlaveSend
                0x9d036d74                cmd_i2cSlaveReceive
                0x9d036fa4                cmd_num2byte
                0x9d037250                fun_byte2num
                0x9d037478                fun_mmi2c
                0x9d037498                I2C1Interrupt
                0x9d037e60                i2c_disable
                0x9d037f70                i2c_slave_disable
                0x9d03802c                i2c_enable
                0x9d03811c                i2c_slave_enable
                0x9d038248                i2c_masterCommand
                0x9d0382fc                i2c_slave_send
                0x9d038344                i2c_slave_receive
 .text          0x9d0384c4     0x45f0 build/OLIMEX/production/_ext/2012694729/MMBasic.o
                0x9d0384c4                InitBasic
                0x9d0385f8                MMBasicStart
                0x9d038858                EditInputLine
                0x9d039308                ProcessInputLine
                0x9d039364                tokenise
                0x9d039a88                ExecuteProgram
                0x9d039d04                AddProgramLine
                0x9d039f20                clearprog
                0x9d039f6c                findline
                0x9d039ffc                IsValidLine
                0x9d03a0c0                findvar
                0x9d03a8bc                clearvars
                0x9d03a954                clearstack
                0x9d03a9a8                evaluate
                0x9d03aac8                getnumber
                0x9d03abc8                getinteger
                0x9d03acdc                getstring
                0x9d03ade0                doexpr
                0x9d03af7c                getvalue
                0x9d03b9f0                makeargs
                0x9d03bc90                error
                0x9d03bd9c                MMround
                0x9d03be94                makeupper
                0x9d03bed8                getmemory
                0x9d03bf38                GetTempStringSpace
                0x9d03bfe8                ClearTempStringSpace
                0x9d03c058                commandvalue
                0x9d03c0e8                GetTokenValue
                0x9d03c178                skipvar
                0x9d03c308                vartype
                0x9d03c3e8                getclosebracket
                0x9d03c480                checkend
                0x9d03c4d4                checkstring
                0x9d03c580                GetLineLength
                0x9d03c5cc                InsertLastcmd
                0x9d03c6a0                MtoC
                0x9d03c6d8                CtoM
                0x9d03c74c                Mstrcpy
                0x9d03c780                Mstrcat
                0x9d03c7d4                getCstring
                0x9d03c9d8                strncasecmp
                0x9d03ca38                str_equal
 .text          0x9d03cab4     0x1af4 build/OLIMEX/production/_ext/2012694729/Misc.o
                0x9d03cab4                cmd_timer
                0x9d03cb70                fun_timer
                0x9d03cbcc                cmd_pause
                0x9d03cce8                cmd_date
                0x9d03cee8                fun_date
                0x9d03cf9c                fun_dow
                0x9d03cfc8                cmd_time
                0x9d03d1c0                fun_time
                0x9d03d244                fun_inkey
                0x9d03d294                cmd_sound
                0x9d03d4c0                cmd_ireturn
                0x9d03d4fc                cmd_settick
                0x9d03d5bc                fun_pos
                0x9d03d5dc                fun_tab
                0x9d03d684                cmd_copyright
                0x9d03d710                fun_spi
                0x9d03da48                cmd_font
                0x9d03e288                check_interrupt
 .text          0x9d03e5a8      0x5bc build/OLIMEX/production/_ext/2012694729/Operators.o
                0x9d03e5a8                op_invalid
                0x9d03e5bc                op_exp
                0x9d03e61c                op_mul
                0x9d03e640                op_div
                0x9d03e680                op_divint
                0x9d03e6d4                op_add
                0x9d03e754                op_subtract
                0x9d03e778                op_mod
                0x9d03e7cc                op_ne
                0x9d03e844                op_gte
                0x9d03e8bc                op_lte
                0x9d03e934                op_lt
                0x9d03e9ac                op_gt
                0x9d03ea24                op_equal
                0x9d03ea9c                op_and
                0x9d03ead8                op_or
                0x9d03eb14                op_xor
                0x9d03eb50                op_not
 .text          0x9d03eb64      0xbbc build/OLIMEX/production/_ext/2012694729/XModem.o
                0x9d03eb64                cmd_xmodem
                0x9d03ec94                _inbyte
                0x9d03ed08                xmodemReceive
                0x9d03f1b8                xmodemTransmit
 .text          0x9d03f720     0x224c build/OLIMEX/production/_ext/2012694729/Editor.o
                0x9d03f720                putch
                0x9d03f74c                PrintString
                0x9d03f78c                show_help
                0x9d03f82c                getch
                0x9d03f858                cmd_testcalloc
                0x9d03f938                ReverseVideo
                0x9d03f9b4                cmd_fse
                0x9d040050                printline
                0x9d0400dc                paste
                0x9d0401ec                kill_line
                0x9d0402c0                replace
                0x9d040510                delete_char
                0x9d040660                info
                0x9d0406bc                help
                0x9d040804                left
                0x9d040888                right
                0x9d040960                search
                0x9d040adc                upline
                0x9d040cac                downline
                0x9d040e34                display_scrn
                0x9d040ef8                pagedown
                0x9d041034                pageup
                0x9d0411bc                home
                0x9d0411e8                gotoend
                0x9d04122c                load
                0x9d0412c4                save
                0x9d0414c4                edit_gets
                0x9d041568                cursor_pos
                0x9d041570                gotoxy
                0x9d0415d0                clrline
                0x9d04165c                edit_clr_eol
                0x9d041728                clrscr
                0x9d04178c                scrolldn
                0x9d0418ac                scrollup
 .text          0x9d04196c     0x8264 build/OLIMEX/production/_ext/779736424/FSIO.o
                0x9d04196c                FSInit
                0x9d041a64                FILEfind
                0x9d041d0c                FILEopen
                0x9d041ea0                FILEget_next_cluster
                0x9d041f74                DISKmount
                0x9d042030                LoadMBR
                0x9d042288                LoadBootSector
                0x9d04272c                GetFullClusterNumber
                0x9d042740                FSCreateMBR
                0x9d042970                FSformat
                0x9d0438ec                Write_File_Entry
                0x9d0439ac                FAT_erase_cluster_chain
                0x9d043ac4                Cache_File_Entry
                0x9d043d50                CreateFileEntry
                0x9d043de0                CreateFirstCluster
                0x9d043ef0                FindEmptyEntries
                0x9d04407c                PopulateEntries
                0x9d04420c                SetClockVars
                0x9d0442f4                FILEallocate_new_cluster
                0x9d0443e4                FATfindEmptyCluster
                0x9d0444cc                FSfclose
                0x9d0446cc                Fill_File_Object
                0x9d04483c                LoadDirAttrib
                0x9d0448f8                FILEerase
                0x9d044bbc                FSrename
                0x9d044e24                FSfopen
                0x9d045360                FSftell
                0x9d04536c                FSremove
                0x9d04548c                FSrewind
                0x9d0454d4                FSerror
                0x9d0454dc                FileObjectCopy
                0x9d04550c                FILECreateHeadCluster
                0x9d0456c8                EraseCluster
                0x9d0457bc                ReadByte
                0x9d0457cc                ReadWord
                0x9d0457e8                ReadDWord
                0x9d045828                Cluster2Sector
                0x9d04588c                FSattrib
                0x9d045a84                FSfwrite
                0x9d045fb0                flushData
                0x9d046058                FSfeof
                0x9d046070                FSfread
                0x9d046460                FormatFileName
                0x9d0466a0                FormatDirName
                0x9d046884                ValidateChars
                0x9d046a20                FSfseek
                0x9d046f70                ReadFAT
                0x9d047260                WriteFAT
                0x9d0475d0                FSchdir
                0x9d0475f4                chdirhelper
                0x9d047b64                FSgetcwd
                0x9d048044                GetPreviousEntry
                0x9d048244                FSmkdir
                0x9d048268                mkdirhelper
                0x9d04883c                CreateDIR
                0x9d048998                writeDotEntries
                0x9d048b5c                FSrmdir
                0x9d048b88                rmdirhelper
                0x9d049578                eraseDir
                0x9d049698                FindFirst
                0x9d049970                FindNext
 .text          0x9d049bd0     0x10ec build/OLIMEX/production/_ext/779736424/SD-SPI.o
                0x9d049bd0                MDD_SDSPI_MediaDetect
                0x9d049bd8                MDD_SDSPI_ReadSectorSize
                0x9d049be0                MDD_SDSPI_ReadCapacity
                0x9d049be8                MDD_SDSPI_InitIO
                0x9d049c14                MDD_SDSPI_ShutdownMedia
                0x9d049c44                SendMMCCmd
                0x9d049e5c                MDD_SDSPI_SectorRead
                0x9d049ebc                MDD_SDSPI_AsyncReadTasks
                0x9d04a19c                MDD_SDSPI_AsyncWriteTasks
                0x9d04a554                MDD_SDSPI_SectorWrite
                0x9d04a5dc                MDD_SDSPI_WriteProtectState
                0x9d04a5e4                Delayms
                0x9d04a628                CloseSPIM
                0x9d04a640                WriteSPIM
                0x9d04a670                MDD_SDSPI_ReadMedia
                0x9d04a69c                OpenSPIM
                0x9d04a718                InitSPISlowMode
                0x9d04a748                MDD_SDSPI_MediaInitialize
 .text          0x9d04acbc     0x25cc build/OLIMEX/production/_ext/678306549/usb_device.o
                0x9d04acbc                USBDeviceInit
                0x9d04af18                USBDeviceTasks
                0x9d04b548                USBEnableEndpoint
                0x9d04b5b8                USBTransferOnePacket
                0x9d04b6cc                USBStallEndpoint
                0x9d04b7bc                USBCancelIO
                0x9d04b8b4                USBCtrlEPAllowStatusStage
                0x9d04b9cc                USBCtrlEPAllowDataStage
 .text          0x9d04d288      0x538 build/OLIMEX/production/_ext/488640762/usb_function_cdc.o
                0x9d04d288                USBCheckCDCRequest
                0x9d04d3dc                CDCInitEP
                0x9d04d448                USBCDCEventHandler
                0x9d04d4b4                getsUSBUSART
                0x9d04d580                putUSBUSART
                0x9d04d5a8                putsUSBUSART
                0x9d04d5f4                putrsUSBUSART
                0x9d04d640                CDCTxService
 .text          0x9d04d7c0     0x14e4 build/OLIMEX/production/_ext/718657706/usb_function_msd.o
                0x9d04d7c0                USBMSDInit
                0x9d04d8d8                USBCheckMSDRequest
                0x9d04da04                MSDTasks
                0x9d04dd14                MSDProcessCommand
                0x9d04de30                MSDProcessCommandMediaAbsent
                0x9d04df0c                MSDProcessCommandMediaPresent
                0x9d04e420                MSDReadHandler
                0x9d04e65c                MSDWriteHandler
                0x9d04e920                ResetSenseData
                0x9d04e97c                MSDCheckForErrorCases
                0x9d04eaa4                MSDErrorHandler
 .text          0x9d04eca4      0x9ac build/OLIMEX/production/_ext/1624479370/DrawChar.o
                0x9d04eca4                DrawChar
                0x9d04f0f0                initFont
                0x9d04f1a4                SetFont
                0x9d04f200                UnloadFont
                0x9d04f2e8                VideoPutc
                0x9d04f50c                ShowCursor
 .text          0x9d04f650      0x478 build/OLIMEX/production/_ext/1624479370/VT100.o
                0x9d04f650                VT100cls
                0x9d04f6bc                VT100Filter
 .text          0x9d04fac8     0x1088 build/OLIMEX/production/_ext/1624479370/Video.o
                0x9d04fac8                initVideo
                0x9d04fd90                T3Interrupt
                0x9d04ff68                plot
                0x9d050018                pixel
                0x9d050088                MMcls
                0x9d0500bc                MMline
                0x9d050324                MMbox
                0x9d050434                MMCircle
 .text          0x9d050b50     0x16c0 build/OLIMEX/production/_ext/2129892895/GameDuino.o
                0x9d050b50                StartSpi
                0x9d050bf4                GDInit
                0x9d050d8c                fun_GDInit
                0x9d050e98                GDCopy
                0x9d050fe0                cmd_GDFill
                0x9d051074                GDFill
                0x9d0511b8                GDWriteW
                0x9d051328                GDWriteB
                0x9d051470                cmd_GDPlayWav
                0x9d051478                cmd_GDWriteB
                0x9d0514f4                cmd_GDWriteW
                0x9d051584                GDReadB
                0x9d051718                fun_GDReadB
                0x9d0517a8                fun_GDReadW
                0x9d0519d4                cmd_GDSpriteC
                0x9d051b10                GDXsprite
                0x9d051c14                cmd_GDLoadF
                0x9d051c80                GDLoadF
                0x9d051ecc                cmd_GDWaitVblank
                0x9d051f08                fun_GDRGB
                0x9d051fb0                cmd_GDVoices
 .text          0x9d052210      0x4c4 build/OLIMEX/production/_ext/179026188/Keyboard.o
                0x9d052210                initKeyboard
                0x9d05228c                CNInterrupt
 .text          0x9d0526d4     0x12f8 build/OLIMEX/production/_ext/1728301206/Main.o
                0x9d0526d4                main
                0x9d052d4c                mySetLineCodingHandler
                0x9d052d80                T1Interrupt
                0x9d0530a8                USBCBSuspend
                0x9d0530b0                USBCBWakeFromSuspend
                0x9d0530b8                USBCB_SOF_Handler
                0x9d0530c0                USBCBErrorHandler
                0x9d0530c8                USBCBCheckOtherReq
                0x9d0530ec                USBCBStdSetDscHandler
                0x9d0530f4                USBCBInitEP
                0x9d053124                USBCBSendResume
                0x9d0531b8                USER_USB_CALLBACK_EVENT_HANDLER
                0x9d053228                MMInkeyTask
                0x9d0532c4                MMInkey
                0x9d053728                MMgetchar
                0x9d053790                MMputchar
                0x9d053814                USBPutchar
                0x9d0538ec                MMPrintString
                0x9d053990                _general_exception_handler
 .text          0x9d0539cc     0x16cc build/OLIMEX/production/_ext/2129892895/RTC.o
                0x9d0539cc                dayofweek
                0x9d053a64                cmd_SDEnable
                0x9d053ac0                cmd_SDDisable
                0x9d053b08                cmd_mmss
                0x9d053b4c                fun_mmss
                0x9d053ba8                WriteRTCC
                0x9d053eac                ReadRTCC
                0x9d053ffc                I2CRXByte
                0x9d0540b4                ReadRTC
                0x9d05481c                WriteRTC
                0x9d054acc                PrintDateTime
                0x9d054c94                cmd_sleep
                0x9d054f68                fun_mmsleep
                0x9d054f8c                RtccIsr
 *fill*         0x9d055098      0xf68 00000000
 .text          0x9d056000     0x3000 build/OLIMEX/production/_ext/1728301206/Setup.o
                0x9d056000                SetupInFlash
                0x9d057000                SaveSetup
                0x9d057094                SetupDefaults
                0x9d05718c                LoadSetup
                0x9d057224                SetupMainMenu
                0x9d05766c                GetInt
                0x9d0576ac                PrintInt
                0x9d0576e8                CustomVideoMode
                0x9d0578f0                PrintCustomMode
                0x9d057b2c                fun_setup
                0x9d057bd4                cmd_setup
 .text          0x9d059000      0x618 build/OLIMEX/production/_ext/1728301206/Term.o
                0x9d059000                UpdateMenu
                0x9d0590dc                ScrollWindow
                0x9d059198                cmd_term
 .text          0x9d059618      0x324 build/OLIMEX/production/_ext/1123757107/Timers.o
                0x9d059618                initTimers
                0x9d059688                T4Interrupt
 .text          0x9d05993c     0x14bc build/OLIMEX/production/_ext/1091586137/serial.o
                0x9d05993c                SerialOpen
                0x9d05a080                SerialClose
                0x9d05a29c                SerialPutchar
                0x9d05a484                SerialRxStatus
                0x9d05a52c                SerialTxStatus
                0x9d05a5d4                SerialGetchar
                0x9d05a724                T5Interrupt
                0x9d05ad50                IntUart2Handler
 .text          0x9d05adf8      0x108 C:/Program Files/Microchip/MPLAB C32/bin/../lib/gcc/pic32mx/3.4.4/../../../../pic32mx/lib/speed\libc.a(setjmp.o)
                0x9d05adf8                setjmp
                0x9d05ae30                _setjmp
                0x9d05ae68                longjmp
                0x9d05ae94                _longjmp
                0x9d05aec8                sigsetjmp
                0x9d05aed8                siglongjmp
                0x9d05aeec                sigprocmask
 .text          0x9d05af00       0x98 C:/Program Files/Microchip/MPLAB C32/bin/../lib/gcc/pic32mx/3.4.4/../../../../pic32mx/lib/speed\libc.a(memcmp.o)
                0x9d05af00                memcmp
 .text          0x9d05af98      0x168 C:/Program Files/Microchip/MPLAB C32/bin/../lib/gcc/pic32mx/3.4.4/../../../../pic32mx/lib/speed\libc.a(memcpy.o)
                0x9d05af98                memcpy
 .text          0x9d05b100       0xa8 C:/Program Files/Microchip/MPLAB C32/bin/../lib/gcc/pic32mx/3.4.4/../../../../pic32mx/lib/speed\libc.a(memset.o)
                0x9d05b100                memset
 .text          0x9d05b1a8      0x120 C:/Program Files/Microchip/MPLAB C32/bin/../lib/gcc/pic32mx/3.4.4/../../../../pic32mx/lib/speed\libc.a(strcmp.o)
                0x9d05b1a8                strcmp
 .text          0x9d05b2c8      0x1a0 C:/Program Files/Microchip/MPLAB C32/bin/../lib/gcc/pic32mx/3.4.4/../../../../pic32mx/lib/speed\libc.a(strcpy.o)
                0x9d05b2c8                strcpy
 .text          0x9d05b468      0x168 C:/Program Files/Microchip/MPLAB C32/bin/../lib/gcc/pic32mx/3.4.4/../../../../pic32mx/lib/speed\libc.a(strlen.o)
                0x9d05b468                strlen
 .text.general_exception
                0x9d05b5d0       0xd0 C:/Program Files/Microchip/MPLAB C32/bin/../lib/gcc/pic32mx/3.4.4/../../../../pic32mx/lib/speed\libc.a(general-exception.o)
                0x9d05b5d0                _general_exception_context
 .text.strcat   0x9d05b6a0       0x9c C:/Program Files/Microchip/MPLAB C32/bin/../lib/gcc/pic32mx/3.4.4/../../../../pic32mx/lib/speed\libc.a(strcat.o)
                0x9d05b6a0                strcat
 .text.strncmp  0x9d05b73c       0xdc C:/Program Files/Microchip/MPLAB C32/bin/../lib/gcc/pic32mx/3.4.4/../../../../pic32mx/lib/speed\libc.a(strncmp.o)
                0x9d05b73c                strncmp
 .text.strncpy  0x9d05b818       0xcc C:/Program Files/Microchip/MPLAB C32/bin/../lib/gcc/pic32mx/3.4.4/../../../../pic32mx/lib/speed\libc.a(strncpy.o)
                0x9d05b818                strncpy
 .text.strchr   0x9d05b8e4       0x98 C:/Program Files/Microchip/MPLAB C32/bin/../lib/gcc/pic32mx/3.4.4/../../../../pic32mx/lib/speed\libc.a(strchr.o)
                0x9d05b8e4                strchr
 .text.memmove  0x9d05b97c       0x58 C:/Program Files/Microchip/MPLAB C32/bin/../lib/gcc/pic32mx/3.4.4/../../../../pic32mx/lib/speed\libc.a(memmove.o)
                0x9d05b97c                memmove
 .text.exit     0x9d05b9d4       0x10 C:/Program Files/Microchip/MPLAB C32/bin/../lib/gcc/pic32mx/3.4.4/../../../../pic32mx/lib/speed\libc.a(exit.o)
                0x9d05b9d4                exit
 .text.tolower  0x9d05b9e4       0x20 C:/Program Files/Microchip/MPLAB C32/bin/../lib/gcc/pic32mx/3.4.4/../../../../pic32mx/lib/speed\libc.a(ctypef.o)
                0x9d05b9e4                tolower
 .text.toupper  0x9d05ba04       0x20 C:/Program Files/Microchip/MPLAB C32/bin/../lib/gcc/pic32mx/3.4.4/../../../../pic32mx/lib/speed\libc.a(ctypef.o)
                0x9d05ba04                toupper
 .text.malloc_trim
                0x9d05ba24      0x114 C:/Program Files/Microchip/MPLAB C32/bin/../lib/gcc/pic32mx/3.4.4/../../../../pic32mx/lib/speed\libc.a(malloc.o)
                0x9d05ba24                malloc_trim
 .text.free     0x9d05bb38      0x24c C:/Program Files/Microchip/MPLAB C32/bin/../lib/gcc/pic32mx/3.4.4/../../../../pic32mx/lib/speed\libc.a(malloc.o)
                0x9d05bb38                free
 .text.malloc   0x9d05bd84      0x758 C:/Program Files/Microchip/MPLAB C32/bin/../lib/gcc/pic32mx/3.4.4/../../../../pic32mx/lib/speed\libc.a(malloc.o)
                0x9d05bd84                malloc
 .text.calloc   0x9d05c4dc       0xf8 C:/Program Files/Microchip/MPLAB C32/bin/../lib/gcc/pic32mx/3.4.4/../../../../pic32mx/lib/speed\libc.a(malloc_calloc.o)
                0x9d05c4dc                calloc
 .text.rand_r   0x9d05c5d4       0x28 C:/Program Files/Microchip/MPLAB C32/bin/../lib/gcc/pic32mx/3.4.4/../../../../pic32mx/lib/speed\libc.a(rand.o)
                0x9d05c5d4                rand_r
 .text.rand     0x9d05c5fc       0x48 C:/Program Files/Microchip/MPLAB C32/bin/../lib/gcc/pic32mx/3.4.4/../../../../pic32mx/lib/speed\libc.a(rand.o)
                0x9d05c5fc                rand
 .text.srand    0x9d05c644       0x44 C:/Program Files/Microchip/MPLAB C32/bin/../lib/gcc/pic32mx/3.4.4/../../../../pic32mx/lib/speed\libc.a(rand.o)
                0x9d05c644                srand
 .text.strtol   0x9d05c688      0x1f0 C:/Program Files/Microchip/MPLAB C32/bin/../lib/gcc/pic32mx/3.4.4/../../../../pic32mx/lib/speed\libc.a(strtol.o)
                0x9d05c688                strtol
 .text.strtod   0x9d05c878        0x8 C:/Program Files/Microchip/MPLAB C32/bin/../lib/gcc/pic32mx/3.4.4/../../../../pic32mx/lib/speed\libc.a(strtod.o)
                0x9d05c878                strtod
 .text.sprintf  0x9d05c880       0x34 C:/Program Files/Microchip/MPLAB C32/bin/../lib/gcc/pic32mx/3.4.4/../../../../pic32mx/lib/speed\libc.a(sprintf.o)
                0x9d05c880                sprintf
                0x9d05c880                _isprintf
 .text.__vsnprintf
                0x9d05c8b4       0x60 C:/Program Files/Microchip/MPLAB C32/bin/../lib/gcc/pic32mx/3.4.4/../../../../pic32mx/lib/speed\libc.a(__vsnprintf.o)
                0x9d05c8b4                __ivsnprintf
                0x9d05c8b4                __vsnprintf
 .text._weak_pthread_mutex_lock
                0x9d05c914        0x8 C:/Program Files/Microchip/MPLAB C32/bin/../lib/gcc/pic32mx/3.4.4/../../../../pic32mx/lib/speed\libc.a(stubs.o)
                0x9d05c914                pthread_mutex_lock
                0x9d05c914                _weak_pthread_mutex_lock
 .text._weak_pthread_mutex_unlock
                0x9d05c91c        0x8 C:/Program Files/Microchip/MPLAB C32/bin/../lib/gcc/pic32mx/3.4.4/../../../../pic32mx/lib/speed\libc.a(stubs.o)
                0x9d05c91c                pthread_mutex_unlock
                0x9d05c91c                _weak_pthread_mutex_unlock
 .text._weak__libc_private_storage
                0x9d05c924        0x8 C:/Program Files/Microchip/MPLAB C32/bin/../lib/gcc/pic32mx/3.4.4/../../../../pic32mx/lib/speed\libc.a(stubs.o)
                0x9d05c924                _libc_private_storage
                0x9d05c924                _weak__libc_private_storage
 .text.getpagesize
                0x9d05c92c        0x8 C:/Program Files/Microchip/MPLAB C32/bin/../lib/gcc/pic32mx/3.4.4/../../../../pic32mx/lib/speed\libc.a(sbrk.o)
                0x9d05c92c                getpagesize
 .text._stub_sbd_memlayout
                0x9d05c934       0x2c C:/Program Files/Microchip/MPLAB C32/bin/../lib/gcc/pic32mx/3.4.4/../../../../pic32mx/lib/speed\libc.a(sbrk.o)
                0x9d05c934                _stub_sbd_memlayout
                0x9d05c934                _sbd_memlayout
 .text._sbrk_init
                0x9d05c960      0x168 C:/Program Files/Microchip/MPLAB C32/bin/../lib/gcc/pic32mx/3.4.4/../../../../pic32mx/lib/speed\libc.a(sbrk.o)
                0x9d05c960                _sbrk_init
 .text._sbrk    0x9d05cac8       0xe8 C:/Program Files/Microchip/MPLAB C32/bin/../lib/gcc/pic32mx/3.4.4/../../../../pic32mx/lib/speed\libc.a(sbrk.o)
                0x9d05cac8                _sbrk
 .text.sbrk     0x9d05cbb0       0x5c C:/Program Files/Microchip/MPLAB C32/bin/../lib/gcc/pic32mx/3.4.4/../../../../pic32mx/lib/speed\libc.a(sbrk.o)
                0x9d05cbb0                sbrk
 .text._bootstrap_exception_handler
                0x9d05cc0c        0x8 C:/Program Files/Microchip/MPLAB C32/bin/../lib/gcc/pic32mx/3.4.4/../../../../pic32mx/lib/speed\libc.a(default-bootstrap-exception-handler.o)
                0x9d05cc0c                _bootstrap_exception_handler
 .text._on_reset
                0x9d05cc14        0x8 C:/Program Files/Microchip/MPLAB C32/bin/../lib/gcc/pic32mx/3.4.4/../../../../pic32mx/lib/speed\libc.a(default-on-reset.o)
                0x9d05cc14                _on_reset
 .text._on_bootstrap
                0x9d05cc1c        0x8 C:/Program Files/Microchip/MPLAB C32/bin/../lib/gcc/pic32mx/3.4.4/../../../../pic32mx/lib/speed\libc.a(default-on-bootstrap.o)
                0x9d05cc1c                _on_bootstrap
 .text          0x9d05cc24       0x18 C:/Program Files/Microchip/MPLAB C32/bin/../lib/gcc/pic32mx/3.4.4/../../../../pic32mx/lib/speed\libc.a(default-nmi-handler.o)
                0x9d05cc24                _nmi_handler
 .text._exit    0x9d05cc3c        0x8 C:/Program Files/Microchip/MPLAB C32/bin/../lib/gcc/pic32mx/3.4.4/../../../../pic32mx/lib/speed\libc.a(_exit.o)
                0x9d05cc3c                _exit
 .text.__sputn  0x9d05cc44       0x70 C:/Program Files/Microchip/MPLAB C32/bin/../lib/gcc/pic32mx/3.4.4/../../../../pic32mx/lib/speed\libc.a(_doprnt.o)
 .text.repl     0x9d05ccb4       0x7c C:/Program Files/Microchip/MPLAB C32/bin/../lib/gcc/pic32mx/3.4.4/../../../../pic32mx/lib/speed\libc.a(_doprnt.o)
 .text._outcnvrt
                0x9d05cd30       0xe4 C:/Program Files/Microchip/MPLAB C32/bin/../lib/gcc/pic32mx/3.4.4/../../../../pic32mx/lib/speed\libc.a(_doprnt.o)
 .text.rounded  0x9d05ce14      0x140 C:/Program Files/Microchip/MPLAB C32/bin/../lib/gcc/pic32mx/3.4.4/../../../../pic32mx/lib/speed\libc.a(_doprnt.o)
 .text.vfprintf
                0x9d05cf54     0x14ac C:/Program Files/Microchip/MPLAB C32/bin/../lib/gcc/pic32mx/3.4.4/../../../../pic32mx/lib/speed\libc.a(_doprnt.o)
                0x9d05cf54                _ivfprintf
                0x9d05cf54                vfprintf
 .text._filbuf_string
                0x9d05e400        0x8 C:/Program Files/Microchip/MPLAB C32/bin/../lib/gcc/pic32mx/3.4.4/../../../../pic32mx/lib/speed\libc.a(_iobstring.o)
 .text._flsbuf_string
                0x9d05e408        0x8 C:/Program Files/Microchip/MPLAB C32/bin/../lib/gcc/pic32mx/3.4.4/../../../../pic32mx/lib/speed\libc.a(_iobstring.o)
 .text._fflush_string
                0x9d05e410        0x8 C:/Program Files/Microchip/MPLAB C32/bin/../lib/gcc/pic32mx/3.4.4/../../../../pic32mx/lib/speed\libc.a(_iobstring.o)
 .text._fwrite_string
                0x9d05e418        0x8 C:/Program Files/Microchip/MPLAB C32/bin/../lib/gcc/pic32mx/3.4.4/../../../../pic32mx/lib/speed\libc.a(_iobstring.o)
 .text._fsync_string
                0x9d05e420        0x8 C:/Program Files/Microchip/MPLAB C32/bin/../lib/gcc/pic32mx/3.4.4/../../../../pic32mx/lib/speed\libc.a(_iobstring.o)
 .text.fputc    0x9d05e428       0xac C:/Program Files/Microchip/MPLAB C32/bin/../lib/gcc/pic32mx/3.4.4/../../../../pic32mx/lib/speed\libc.a(fputc.o)
                0x9d05e428                fputc
 .text          0x9d05e4d4      0x5c8 C:/Program Files/Microchip/MPLAB C32/bin/../lib/gcc/pic32mx/3.4.4/../../../../pic32mx/lib/speed\libm.a(mod32.o)
                0x9d05e4d4                fmod
                0x9d05e4d4                dpfmod
                0x9d05e774                frexp
                0x9d05e774                dpfrexp
                0x9d05e818                __mchp_ldexp
                0x9d05e818                dpldexp
                0x9d05e980                modf
                0x9d05e980                dpmodf
 .text.pow      0x9d05ea9c      0x178 C:/Program Files/Microchip/MPLAB C32/bin/../lib/gcc/pic32mx/3.4.4/../../../../pic32mx/lib/speed\libm.a(w_pow.o)
                0x9d05ea9c                pow
 .text          0x9d05ec14      0xa08 C:/Program Files/Microchip/MPLAB C32/bin/../lib/gcc/pic32mx/3.4.4/../../../../pic32mx/lib/speed\libm.a(fparc32.o)
                0x9d05ec14                fpexatan
                0x9d05ef60                atanf
                0x9d05ef60                fpatan
                0x9d05effc                __mchp_atan2f
                0x9d05effc                fpatan2
                0x9d05f240                fpasin
                0x9d05f240                __mchp_asinf
                0x9d05f418                fpacos
                0x9d05f418                __mchp_acosf
 .text          0x9d05f61c       0xb0 C:/Program Files/Microchip/MPLAB C32/bin/../lib/gcc/pic32mx/3.4.4/../../../../pic32mx/lib/speed\libm.a(fpfloo32.o)
                0x9d05f61c                floorf
                0x9d05f61c                fpfloor
 .text          0x9d05f6cc     0x1128 C:/Program Files/Microchip/MPLAB C32/bin/../lib/gcc/pic32mx/3.4.4/../../../../pic32mx/lib/speed\libm.a(dp32.o)
                0x9d05f6cc                __subdf3
                0x9d05f6cc                dpsub
                0x9d05f6d4                dpadd
                0x9d05f6d4                __adddf3
                0x9d05faf8                dpmul
                0x9d05faf8                __muldf3
                0x9d05fe20                dpdiv
                0x9d05fe20                __divdf3
                0x9d0602d4                __floatsidf
                0x9d0602d4                litodp
                0x9d060348                ultodp
                0x9d060398                fptodp
                0x9d060398                __extendsfdf2
                0x9d06043c                __truncdfsf2
                0x9d06043c                dptofp
                0x9d060534                dptoli
                0x9d060534                __fixdfsi
                0x9d0605bc                __fixunsdfsi
                0x9d0605bc                dptoul
                0x9d060640                __nedf2
                0x9d060640                __gtdf2
                0x9d060640                __ledf2
                0x9d060640                __ltdf2
                0x9d060640                __gedf2
                0x9d060640                dpcmp
                0x9d060640                __eqdf2
                0x9d060764                __negdf2
                0x9d06077c                fabs
                0x9d06077c                dpfabs
                0x9d060798                nan
                0x9d060798                dpnan
 .text          0x9d0607f4      0x2a0 C:/Program Files/Microchip/MPLAB C32/bin/../lib/gcc/pic32mx/3.4.4/../../../../pic32mx/lib/speed\libm.a(fpsqrt32.o)
                0x9d0607f4                fpexsqrt
                0x9d0608ec                fpsqrt
                0x9d0608ec                __mchp_sqrtf
 .text.sqrtf    0x9d060a94       0x54 C:/Program Files/Microchip/MPLAB C32/bin/../lib/gcc/pic32mx/3.4.4/../../../../pic32mx/lib/speed\libm.a(w_sqrtf.o)
                0x9d060a94                sqrtf
 .text          0x9d060ae8      0x8ec C:/Program Files/Microchip/MPLAB C32/bin/../lib/gcc/pic32mx/3.4.4/../../../../pic32mx/lib/speed\libm.a(fp32.o)
                0x9d060ae8                __subsf3
                0x9d060ae8                fpsub
                0x9d060af0                fpadd
                0x9d060af0                __addsf3
                0x9d060d5c                fpmul
                0x9d060d5c                __mulsf3
                0x9d060f14                fpdiv
                0x9d060f14                __divsf3
                0x9d061140                litofp
                0x9d061140                sitofp
                0x9d061140                __floatsisf
                0x9d06119c                uitofp
                0x9d06119c                ultofp
                0x9d0611e8                fptosi
                0x9d0611e8                fptoli
                0x9d0611e8                __fixsfsi
                0x9d061260                __fixunssfsi
                0x9d061260                fptoul
                0x9d061260                fptoui
                0x9d0612d4                __eqsf2
                0x9d0612d4                __nesf2
                0x9d0612d4                __lesf2
                0x9d0612d4                __ltsf2
                0x9d0612d4                fpcmp
                0x9d0612d4                __gtsf2
                0x9d0612d4                __gesf2
                0x9d061368                fpfabs
                0x9d061368                fabsf
                0x9d061378                __negsf2
                0x9d061388                fpnan
                0x9d061388                nanf
 .text.logf     0x9d0613d4       0xcc C:/Program Files/Microchip/MPLAB C32/bin/../lib/gcc/pic32mx/3.4.4/../../../../pic32mx/lib/speed\libm.a(w_logf.o)
                0x9d0613d4                logf
 .text.expf     0x9d0614a0       0x78 C:/Program Files/Microchip/MPLAB C32/bin/../lib/gcc/pic32mx/3.4.4/../../../../pic32mx/lib/speed\libm.a(w_expf.o)
                0x9d0614a0                expf
 .text          0x9d061518      0x1a8 C:/Program Files/Microchip/MPLAB C32/bin/../lib/gcc/pic32mx/3.4.4/../../../../pic32mx/lib/speed\libm.a(fptan32.o)
                0x9d061518                tanf
                0x9d061518                fptan
 .text          0x9d0616c0      0x114 C:/Program Files/Microchip/MPLAB C32/bin/../lib/gcc/pic32mx/3.4.4/../../../../pic32mx/lib/speed\libm.a(fpcos32.o)
                0x9d0616c0                cosf
                0x9d0616c0                fpcos
 .text          0x9d0617d4      0x118 C:/Program Files/Microchip/MPLAB C32/bin/../lib/gcc/pic32mx/3.4.4/../../../../pic32mx/lib/speed\libm.a(fpsin32.o)
                0x9d0617d4                fpsin
                0x9d0617d4                sinf
 .text          0x9d0618ec      0x108 C:/Program Files/Microchip/MPLAB C32/bin/../lib/gcc/pic32mx/3.4.4/../../../../pic32mx/lib/speed\libm.a(fpreduct32.o)
                0x9d0618ec                fpreduct
 .text          0x9d0619f4      0x520 C:/Program Files/Microchip/MPLAB C32/bin/../lib/gcc/pic32mx/3.4.4/../../../../pic32mx/lib/speed\libm.a(pow32.o)
                0x9d0619f4                dppow
                0x9d0619f4                __mchp_pow
 .text          0x9d061f14      0x5d8 C:/Program Files/Microchip/MPLAB C32/bin/../lib/gcc/pic32mx/3.4.4/../../../../pic32mx/lib/speed\libm.a(log32.o)
                0x9d061f14                exlog
                0x9d0621fc                __mchp_log
                0x9d0621fc                dplog
                0x9d062358                __mchp_log10
                0x9d062358                dplog10
 .text          0x9d0624ec      0x5d4 C:/Program Files/Microchip/MPLAB C32/bin/../lib/gcc/pic32mx/3.4.4/../../../../pic32mx/lib/speed\libm.a(func32.o)
                0x9d0624ec                sigmax
                0x9d0625f4                exmul
                0x9d0626c0                exadd
                0x9d0627ac                exsub
                0x9d06285c                exdiv
 .text          0x9d062ac0      0x45c C:/Program Files/Microchip/MPLAB C32/bin/../lib/gcc/pic32mx/3.4.4/../../../../pic32mx/lib/speed\libm.a(fplog32.o)
                0x9d062ac0                fpexlog
                0x9d062d70                __mchp_logf
                0x9d062d70                fplog
                0x9d062e30                __mchp_log10f
                0x9d062e30                fplog10
 .text          0x9d062f1c      0x200 C:/Program Files/Microchip/MPLAB C32/bin/../lib/gcc/pic32mx/3.4.4/../../../../pic32mx/lib/speed\libm.a(fpexp32.o)
                0x9d062f1c                fpexexp
                0x9d063034                __mchp_expf
                0x9d063034                fpexp
 .text          0x9d06311c      0x340 C:/Program Files/Microchip/MPLAB C32/bin/../lib/gcc/pic32mx/3.4.4/../../../../pic32mx/lib/speed\libm.a(exp32.o)
                0x9d06311c                exexp
                0x9d063300                __mchp_exp
                0x9d063300                dpexp
 .text.__strtod
                0x9d06345c      0x444 C:/Program Files/Microchip/MPLAB C32/bin/../lib/gcc/pic32mx/3.4.4/../../../../pic32mx/lib/speed\libe.a(_strtod.o)
                0x9d06345c                __strtod
 .text.__ldexp  0x9d0638a0      0x220 C:/Program Files/Microchip/MPLAB C32/bin/../lib/gcc/pic32mx/3.4.4/../../../../pic32mx/lib/speed\libe.a(_ldexp.o)
                0x9d0638a0                __ldexp
 .text.ReadCoreTimer
                0x9d063ac0        0x8 C:/Program Files/Microchip/MPLAB C32/bin/../lib/gcc/pic32mx/3.4.4/../../../../pic32mx/lib/speed\libmchp_peripheral.a(read_core_timer_lib.o)
                0x9d063ac0                ReadCoreTimer
 .text.WriteCoreTimer
                0x9d063ac8        0x8 C:/Program Files/Microchip/MPLAB C32/bin/../lib/gcc/pic32mx/3.4.4/../../../../pic32mx/lib/speed\libmchp_peripheral.a(write_core_timer_lib.o)
                0x9d063ac8                WriteCoreTimer
 .text.SoftReset
                0x9d063ad0       0x78 C:/Program Files/Microchip/MPLAB C32/bin/../lib/gcc/pic32mx/3.4.4/../../../../pic32mx/lib/speed\libmchp_peripheral_32MX795F512H.a(soft_reset_lib.o)
                0x9d063ad0                SoftReset
 .text.CheKseg0CacheOn
                0x9d063b48       0x18 C:/Program Files/Microchip/MPLAB C32/bin/../lib/gcc/pic32mx/3.4.4/../../../../pic32mx/lib/speed\libmchp_peripheral_32MX795F512H.a(pcache.o)
                0x9d063b48                CheKseg0CacheOn
 .text.INTEnableInterrupts
                0x9d063b60        0x8 C:/Program Files/Microchip/MPLAB C32/bin/../lib/gcc/pic32mx/3.4.4/../../../../pic32mx/lib/speed\libmchp_peripheral_32MX795F512H.a(int_enable_interrupts_lib.o)
                0x9d063b60                INTEnableInterrupts
 .text.INTDisableInterrupts
                0x9d063b68        0x8 C:/Program Files/Microchip/MPLAB C32/bin/../lib/gcc/pic32mx/3.4.4/../../../../pic32mx/lib/speed\libmchp_peripheral_32MX795F512H.a(int_disable_interrupts_lib.o)
                0x9d063b68                INTDisableInterrupts
 .text.INTRestoreInterrupts
                0x9d063b70       0x1c C:/Program Files/Microchip/MPLAB C32/bin/../lib/gcc/pic32mx/3.4.4/../../../../pic32mx/lib/speed\libmchp_peripheral_32MX795F512H.a(int_restore_interrupts_lib.o)
                0x9d063b70                INTRestoreInterrupts
 .text.INTEnableSystemMultiVectoredInt
                0x9d063b8c       0x34 C:/Program Files/Microchip/MPLAB C32/bin/../lib/gcc/pic32mx/3.4.4/../../../../pic32mx/lib/speed\libmchp_peripheral_32MX795F512H.a(int_enable_mv_int_lib.o)
                0x9d063b8c                INTEnableSystemMultiVectoredInt
 .text.INTClearFlag
                0x9d063bc0       0x2c C:/Program Files/Microchip/MPLAB C32/bin/../lib/gcc/pic32mx/3.4.4/../../../../pic32mx/lib/speed\libmchp_peripheral_32MX795F512H.a(int_tbl_lib.o)
                0x9d063bc0                INTClearFlag
 .text.INTEnable
                0x9d063bec       0x44 C:/Program Files/Microchip/MPLAB C32/bin/../lib/gcc/pic32mx/3.4.4/../../../../pic32mx/lib/speed\libmchp_peripheral_32MX795F512H.a(int_tbl_lib.o)
                0x9d063bec                INTEnable
 .text.RtccAlarmDisable
                0x9d063c30       0x2c C:/Program Files/Microchip/MPLAB C32/bin/../lib/gcc/pic32mx/3.4.4/../../../../pic32mx/lib/speed\libmchp_peripheral_32MX795F512H.a(rtcc_alarm_disable_lib.o)
                0x9d063c30                RtccAlarmDisable
 .text.RtccAlarmEnable
                0x9d063c5c       0x2c C:/Program Files/Microchip/MPLAB C32/bin/../lib/gcc/pic32mx/3.4.4/../../../../pic32mx/lib/speed\libmchp_peripheral_32MX795F512H.a(rtcc_alarm_enable_lib.o)
                0x9d063c5c                RtccAlarmEnable
 .text.RtccChimeEnable
                0x9d063c88       0x2c C:/Program Files/Microchip/MPLAB C32/bin/../lib/gcc/pic32mx/3.4.4/../../../../pic32mx/lib/speed\libmchp_peripheral_32MX795F512H.a(rtcc_chime_enable_lib.o)
                0x9d063c88                RtccChimeEnable
 .text.RtccInit
                0x9d063cb4      0x17c C:/Program Files/Microchip/MPLAB C32/bin/../lib/gcc/pic32mx/3.4.4/../../../../pic32mx/lib/speed\libmchp_peripheral_32MX795F512H.a(rtcc_init_lib.o)
                0x9d063cb4                RtccInit
 .text.RtccSetAlarmRptCount
                0x9d063e30       0x30 C:/Program Files/Microchip/MPLAB C32/bin/../lib/gcc/pic32mx/3.4.4/../../../../pic32mx/lib/speed\libmchp_peripheral_32MX795F512H.a(rtcc_set_alarm_rpt_count_lib.o)
                0x9d063e30                RtccSetAlarmRptCount
 .text.RtccSetAlarmRpt
                0x9d063e60       0x34 C:/Program Files/Microchip/MPLAB C32/bin/../lib/gcc/pic32mx/3.4.4/../../../../pic32mx/lib/speed\libmchp_peripheral_32MX795F512H.a(rtcc_set_alarm_rpt_lib.o)
                0x9d063e60                RtccSetAlarmRpt
 .text.RtccSetAlarmTimeDate
                0x9d063e94       0x28 C:/Program Files/Microchip/MPLAB C32/bin/../lib/gcc/pic32mx/3.4.4/../../../../pic32mx/lib/speed\libmchp_peripheral_32MX795F512H.a(rtcc_set_alarm_time_date_lib.o)
                0x9d063e94                RtccSetAlarmTimeDate
 .text.RtccSetTimeDate
                0x9d063ebc       0x28 C:/Program Files/Microchip/MPLAB C32/bin/../lib/gcc/pic32mx/3.4.4/../../../../pic32mx/lib/speed\libmchp_peripheral_32MX795F512H.a(rtcc_set_time_date_lib.o)
                0x9d063ebc                RtccSetTimeDate
 .text.RtccOpen
                0x9d063ee4      0x1bc C:/Program Files/Microchip/MPLAB C32/bin/../lib/gcc/pic32mx/3.4.4/../../../../pic32mx/lib/speed\libmchp_peripheral_32MX795F512H.a(rtcc_open_lib.o)
                0x9d063ee4                RtccOpen
 .text.SpiChnClose
                0x9d0640a0       0xbc C:/Program Files/Microchip/MPLAB C32/bin/../lib/gcc/pic32mx/3.4.4/../../../../pic32mx/lib/speed\libmchp_peripheral_32MX795F512H.a(spi_chn_close_lib.o)
                0x9d0640a0                SpiChnClose
 .text.SpiChnGetC
                0x9d06415c       0x50 C:/Program Files/Microchip/MPLAB C32/bin/../lib/gcc/pic32mx/3.4.4/../../../../pic32mx/lib/speed\libmchp_peripheral_32MX795F512H.a(spi_chn_getc_lib.o)
                0x9d06415c                SpiChnGetC
 .text.SpiChnOpen
                0x9d0641ac      0x144 C:/Program Files/Microchip/MPLAB C32/bin/../lib/gcc/pic32mx/3.4.4/../../../../pic32mx/lib/speed\libmchp_peripheral_32MX795F512H.a(spi_chn_open_lib.o)
                0x9d0641ac                SpiChnOpen
 .text.SpiChnPutC
                0x9d0642f0       0x50 C:/Program Files/Microchip/MPLAB C32/bin/../lib/gcc/pic32mx/3.4.4/../../../../pic32mx/lib/speed\libmchp_peripheral_32MX795F512H.a(spi_chn_putc_lib.o)
                0x9d0642f0                SpiChnPutC
 .text.PowerSaveSleep
                0x9d064340       0xd0 C:/Program Files/Microchip/MPLAB C32/bin/../lib/gcc/pic32mx/3.4.4/../../../../pic32mx/lib/speed\libmchp_peripheral_32MX795F512H.a(power_sleep_lib.o)
                0x9d064340                PowerSaveSleep
 .text.NVMErasePage
                0x9d064410       0x34 C:/Program Files/Microchip/MPLAB C32/bin/../lib/gcc/pic32mx/3.4.4/../../../../pic32mx/lib/speed\libmchp_peripheral_32MX795F512H.a(nvm_erase_page_lib.o)
                0x9d064410                NVMErasePage
 .text._NVMOperation
                0x9d064444       0xf0 C:/Program Files/Microchip/MPLAB C32/bin/../lib/gcc/pic32mx/3.4.4/../../../../pic32mx/lib/speed\libmchp_peripheral_32MX795F512H.a(nvm_operation_lib.o)
                0x9d064444                _NVMOperation
 .text.NVMWriteRow
                0x9d064534       0x40 C:/Program Files/Microchip/MPLAB C32/bin/../lib/gcc/pic32mx/3.4.4/../../../../pic32mx/lib/speed\libmchp_peripheral_32MX795F512H.a(nvm_write_row_lib.o)
                0x9d064534                NVMWriteRow
 .text.NVMWriteWord
                0x9d064574       0x3c C:/Program Files/Microchip/MPLAB C32/bin/../lib/gcc/pic32mx/3.4.4/../../../../pic32mx/lib/speed\libmchp_peripheral_32MX795F512H.a(nvm_write_word_lib.o)
                0x9d064574                NVMWriteWord
 .text.DmaChnOpen
                0x9d0645b0       0xf4 C:/Program Files/Microchip/MPLAB C32/bin/../lib/gcc/pic32mx/3.4.4/../../../../pic32mx/lib/speed\libmchp_peripheral_32MX795F512H.a(dma_chn_open_lib.o)
                0x9d0645b0                DmaChnOpen
 .text.DmaChnEnable
                0x9d0646a4       0x28 C:/Program Files/Microchip/MPLAB C32/bin/../lib/gcc/pic32mx/3.4.4/../../../../pic32mx/lib/speed\libmchp_peripheral_32MX795F512H.a(dma_chn_enable_lib.o)
                0x9d0646a4                DmaChnEnable
 .text.DmaChnSetControlFlags
                0x9d0646cc       0x24 C:/Program Files/Microchip/MPLAB C32/bin/../lib/gcc/pic32mx/3.4.4/../../../../pic32mx/lib/speed\libmchp_peripheral_32MX795F512H.a(dma_chn_set_control_flags_lib.o)
                0x9d0646cc                DmaChnSetControlFlags
 .text.DmaChnWriteEventControlFlags
                0x9d0646f0       0x30 C:/Program Files/Microchip/MPLAB C32/bin/../lib/gcc/pic32mx/3.4.4/../../../../pic32mx/lib/speed\libmchp_peripheral_32MX795F512H.a(dma_chn_write_event_control_flags_lib.o)
                0x9d0646f0                DmaChnWriteEventControlFlags
 .text.DmaChnSetTxfer
                0x9d064720       0x70 C:/Program Files/Microchip/MPLAB C32/bin/../lib/gcc/pic32mx/3.4.4/../../../../pic32mx/lib/speed\libmchp_peripheral_32MX795F512H.a(dma_chn_set_txfer_lib.o)
                0x9d064720                DmaChnSetTxfer
 .text.PORTResetPins
                0x9d064790       0x2c C:/Program Files/Microchip/MPLAB C32/bin/../lib/gcc/pic32mx/3.4.4/../../../../pic32mx/lib/speed\libmchp_peripheral_32MX795F512H.a(port_reset_pins_lib.o)
                0x9d064790                PORTResetPins
 .text.PORTSetPinsDigitalIn
                0x9d0647bc       0x40 C:/Program Files/Microchip/MPLAB C32/bin/../lib/gcc/pic32mx/3.4.4/../../../../pic32mx/lib/speed\libmchp_peripheral_32MX795F512H.a(port_set_pins_digital_in_lib.o)
                0x9d0647bc                PORTSetPinsDigitalIn
 .text.PORTSetPinsDigitalOut
                0x9d0647fc       0x40 C:/Program Files/Microchip/MPLAB C32/bin/../lib/gcc/pic32mx/3.4.4/../../../../pic32mx/lib/speed\libmchp_peripheral_32MX795F512H.a(port_set_pins_digital_out_lib.o)
                0x9d0647fc                PORTSetPinsDigitalOut
 .text.UARTEnable
                0x9d06483c       0x70 C:/Program Files/Microchip/MPLAB C32/bin/../lib/gcc/pic32mx/3.4.4/../../../../pic32mx/lib/speed\libmchp_peripheral_32MX795F512H.a(uart_lib.o)
                0x9d06483c                UARTEnable
 .text.UARTConfigure
                0x9d0648ac       0x3c C:/Program Files/Microchip/MPLAB C32/bin/../lib/gcc/pic32mx/3.4.4/../../../../pic32mx/lib/speed\libmchp_peripheral_32MX795F512H.a(uart_lib.o)
                0x9d0648ac                UARTConfigure
 .text.UARTSetDataRate
                0x9d0648e8       0x5c C:/Program Files/Microchip/MPLAB C32/bin/../lib/gcc/pic32mx/3.4.4/../../../../pic32mx/lib/speed\libmchp_peripheral_32MX795F512H.a(uart_lib.o)
                0x9d0648e8                UARTSetDataRate
 .text.UARTSetLineControl
                0x9d064944       0x28 C:/Program Files/Microchip/MPLAB C32/bin/../lib/gcc/pic32mx/3.4.4/../../../../pic32mx/lib/speed\libmchp_peripheral_32MX795F512H.a(uart_lib.o)
                0x9d064944                UARTSetLineControl
 .text.I2CByteWasAcknowledged
                0x9d06496c       0x24 C:/Program Files/Microchip/MPLAB C32/bin/../lib/gcc/pic32mx/3.4.4/../../../../pic32mx/lib/speed\libmchp_peripheral_32MX795F512H.a(I2CByteWasAcknowledged.o)
                0x9d06496c                I2CByteWasAcknowledged
 .text.I2CConfigure
                0x9d064990       0x20 C:/Program Files/Microchip/MPLAB C32/bin/../lib/gcc/pic32mx/3.4.4/../../../../pic32mx/lib/speed\libmchp_peripheral_32MX795F512H.a(I2CConfigure.o)
                0x9d064990                I2CConfigure
 .text.I2CEnable
                0x9d0649b0       0x28 C:/Program Files/Microchip/MPLAB C32/bin/../lib/gcc/pic32mx/3.4.4/../../../../pic32mx/lib/speed\libmchp_peripheral_32MX795F512H.a(I2CEnable.o)
                0x9d0649b0                I2CEnable
 .text.I2CGetByte
                0x9d0649d8       0x20 C:/Program Files/Microchip/MPLAB C32/bin/../lib/gcc/pic32mx/3.4.4/../../../../pic32mx/lib/speed\libmchp_peripheral_32MX795F512H.a(I2CGetByte.o)
                0x9d0649d8                I2CGetByte
 .text.I2CReceivedDataIsAvailable
                0x9d0649f8       0x20 C:/Program Files/Microchip/MPLAB C32/bin/../lib/gcc/pic32mx/3.4.4/../../../../pic32mx/lib/speed\libmchp_peripheral_32MX795F512H.a(I2CReceivedDataIsAvailable.o)
                0x9d0649f8                I2CReceivedDataIsAvailable
 .text.I2CReceiverEnable
                0x9d064a18       0x34 C:/Program Files/Microchip/MPLAB C32/bin/../lib/gcc/pic32mx/3.4.4/../../../../pic32mx/lib/speed\libmchp_peripheral_32MX795F512H.a(I2CReceiverEnable.o)
                0x9d064a18                I2CReceiverEnable
 .text.I2CRepeatStart
                0x9d064a4c       0x2c C:/Program Files/Microchip/MPLAB C32/bin/../lib/gcc/pic32mx/3.4.4/../../../../pic32mx/lib/speed\libmchp_peripheral_32MX795F512H.a(I2CRepeatStart.o)
                0x9d064a4c                I2CRepeatStart
 .text.I2CSendByte
                0x9d064a78       0x30 C:/Program Files/Microchip/MPLAB C32/bin/../lib/gcc/pic32mx/3.4.4/../../../../pic32mx/lib/speed\libmchp_peripheral_32MX795F512H.a(I2CSendByte.o)
                0x9d064a78                I2CSendByte
 .text.I2CSetFrequency
                0x9d064aa8       0x4c C:/Program Files/Microchip/MPLAB C32/bin/../lib/gcc/pic32mx/3.4.4/../../../../pic32mx/lib/speed\libmchp_peripheral_32MX795F512H.a(I2CSetFrequency.o)
                0x9d064aa8                I2CSetFrequency
 .text.I2CStart
                0x9d064af4       0x2c C:/Program Files/Microchip/MPLAB C32/bin/../lib/gcc/pic32mx/3.4.4/../../../../pic32mx/lib/speed\libmchp_peripheral_32MX795F512H.a(I2CStart.o)
                0x9d064af4                I2CStart
 .text.I2CStop  0x9d064b20       0x24 C:/Program Files/Microchip/MPLAB C32/bin/../lib/gcc/pic32mx/3.4.4/../../../../pic32mx/lib/speed\libmchp_peripheral_32MX795F512H.a(I2CStop.o)
                0x9d064b20                I2CStop
 .text._RtccSetAlrmTimeAndDate
                0x9d064b44       0x54 C:/Program Files/Microchip/MPLAB C32/bin/../lib/gcc/pic32mx/3.4.4/../../../../pic32mx/lib/speed\libmchp_peripheral_32MX795F512H.a(_rtcc_set_alrm_time_and_date_lib.o)
                0x9d064b44                _RtccSetAlrmTimeAndDate
 .text._RtccSetTimeAndDate
                0x9d064b98      0x214 C:/Program Files/Microchip/MPLAB C32/bin/../lib/gcc/pic32mx/3.4.4/../../../../pic32mx/lib/speed\libmchp_peripheral_32MX795F512H.a(_rtcc_set_time_and_date_lib.o)
                0x9d064b98                _RtccSetTimeAndDate
 .text._RtccWriteInAlarmWindow
                0x9d064dac       0xe0 C:/Program Files/Microchip/MPLAB C32/bin/../lib/gcc/pic32mx/3.4.4/../../../../pic32mx/lib/speed\libmchp_peripheral_32MX795F512H.a(_rtcc_write_in_alarm_window_lib.o)
                0x9d064dac                _RtccWriteInAlarmWindow
 .text._RtccWaitClockOff
                0x9d064e8c       0xfc C:/Program Files/Microchip/MPLAB C32/bin/../lib/gcc/pic32mx/3.4.4/../../../../pic32mx/lib/speed\libmchp_peripheral_32MX795F512H.a(_rtcc_wait_clock_off_lib.o)
                0x9d064e8c                _RtccWaitClockOff
 .text.isinf    0x9d064f88       0x28 C:/Program Files/Microchip/MPLAB C32/bin/../lib/gcc/pic32mx/3.4.4/../../../../pic32mx/lib/speed\libc.a(isinf.o)
                0x9d064f88                isinf
 .text          0x9d064fb0      0x47c C:/Program Files/Microchip/MPLAB C32/bin/../lib/gcc/pic32mx/3.4.4/speed\libgcc.a(_udivdi3.o)
                0x9d064fb0                __udivdi3
 .text          0x9d06542c      0x48c C:/Program Files/Microchip/MPLAB C32/bin/../lib/gcc/pic32mx/3.4.4/speed\libgcc.a(_umoddi3.o)
                0x9d06542c                __umoddi3
 *(.text.*personality*)
 *(.gnu.warning)
 *(.mips16.fn.*)
 *(.mips16.call.*)
                0x9d0658b8                _text_end = .

.rodata         0x9d0658b8     0x68f4
 *(.rodata .rodata.* .gnu.linkonce.r.*)
 .rodata.str1.4
                0x9d0658b8      0x699 build/OLIMEX/production/_ext/2012694729/Commands.o
                                0x6c4 (size before relaxing)
 *fill*         0x9d065f51        0x3 00
 .rodata.cst4   0x9d065f54        0x4 build/OLIMEX/production/_ext/2012694729/Commands.o
 .rodata        0x9d065f58        0x4 build/OLIMEX/production/_ext/2012694729/Commands.o
 .rodata        0x9d065f5c      0x36c build/OLIMEX/production/_ext/2012694729/Custom.o
 .rodata.str1.4
                0x9d0662c8      0x354 build/OLIMEX/production/_ext/2012694729/Custom.o
                                0x36c (size before relaxing)
 .rodata.cst4   0x9d06661c        0x8 build/OLIMEX/production/_ext/2012694729/Custom.o
                                  0xc (size before relaxing)
 .rodata.str1.4
                0x9d066624       0xb0 build/OLIMEX/production/_ext/2012694729/External.o
                                0x108 (size before relaxing)
 .rodata.cst4   0x00000000        0x4 build/OLIMEX/production/_ext/2012694729/External.o
 *fill*         0x9d0666d4        0x4 00
 .rodata.cst8   0x9d0666d8       0x18 build/OLIMEX/production/_ext/2012694729/External.o
 .rodata        0x9d0666f0      0x310 build/OLIMEX/production/_ext/2012694729/External.o
 .rodata        0x9d066a00       0x9c build/OLIMEX/production/_ext/2012694729/Files.o
                0x9d066a00                ErrorMap
 .rodata.str1.4
                0x9d066a9c      0x3ea build/OLIMEX/production/_ext/2012694729/Files.o
                                0x488 (size before relaxing)
 *fill*         0x9d066e86        0x2 00
 .rodata.cst4   0x9d066e88        0xc build/OLIMEX/production/_ext/2012694729/Functions.o
                                 0x1c (size before relaxing)
 .rodata.str1.4
                0x9d066e94       0xc5 build/OLIMEX/production/_ext/2012694729/Functions.o
                                0x118 (size before relaxing)
 *fill*         0x9d066f59        0x3 00
 .rodata        0x9d066f5c       0xbc build/OLIMEX/production/_ext/2012694729/Functions.o
 .rodata.cst8   0x9d067018        0x8 build/OLIMEX/production/_ext/2012694729/Functions.o
 .rodata.str1.4
                0x9d067020       0x27 build/OLIMEX/production/_ext/2012694729/Graphics.o
                                 0x74 (size before relaxing)
 *fill*         0x9d067047        0x1 00
 .rodata.cst8   0x9d067048       0x10 build/OLIMEX/production/_ext/2012694729/Graphics.o
 .rodata.str1.4
                0x9d067058       0x7d build/OLIMEX/production/_ext/2012694729/Help.o
                                 0x90 (size before relaxing)
 *fill*         0x9d0670d5        0x3 00
 .rodata.str1.4
                0x9d0670d8      0x3ba build/OLIMEX/production/_ext/2012694729/I2C.o
                                0x4d0 (size before relaxing)
 .rodata.cst4   0x00000000        0x8 build/OLIMEX/production/_ext/2012694729/I2C.o
 *fill*         0x9d067492        0x2 00
 .rodata        0x9d067494       0x24 build/OLIMEX/production/_ext/2012694729/I2C.o
 .rodata.str1.4
                0x9d0674b8      0x8cb build/OLIMEX/production/_ext/2012694729/MMBasic.o
                                0x9dc (size before relaxing)
 *fill*         0x9d067d83        0x1 00
 .rodata        0x9d067d84      0x104 build/OLIMEX/production/_ext/2012694729/MMBasic.o
 .rodata.cst4   0x9d067e88        0xc build/OLIMEX/production/_ext/2012694729/MMBasic.o
 *fill*         0x9d067e94        0x4 00
 .rodata.cst8   0x9d067e98       0x18 build/OLIMEX/production/_ext/2012694729/MMBasic.o
 .rodata.str1.4
                0x9d067eb0      0x3aa build/OLIMEX/production/_ext/2012694729/Misc.o
                                0x428 (size before relaxing)
 *fill*         0x9d06825a        0x2 00
 .rodata.cst4   0x9d06825c        0x4 build/OLIMEX/production/_ext/2012694729/Misc.o
 .rodata.str1.4
                0x9d068260       0x40 build/OLIMEX/production/_ext/2012694729/Operators.o
 .rodata.cst4   0x00000000       0x18 build/OLIMEX/production/_ext/2012694729/Operators.o
 .rodata.str1.4
                0x9d0682a0       0x69 build/OLIMEX/production/_ext/2012694729/XModem.o
                                 0x9c (size before relaxing)
 *fill*         0x9d068309        0x3 00
 .rodata        0x9d06830c        0x4 build/OLIMEX/production/_ext/2012694729/XModem.o
 .rodata        0x9d068310      0x470 build/OLIMEX/production/_ext/2012694729/Editor.o
                0x9d068310                help_fse
 .rodata.str1.4
                0x9d068780      0x18b build/OLIMEX/production/_ext/2012694729/Editor.o
                                0x1a8 (size before relaxing)