Archive member included because of file (symbol)

E:/Olimex/Compilers/Microchip/MPLAB C32 1_11B/bin/../lib/gcc/pic32mx/3.4.4/../../../../pic32mx/lib/speed\libc.a(setjmp.o)
                              build/OLIMEX/production/_ext/2012694729/MMBasic.o (setjmp)
E:/Olimex/Compilers/Microchip/MPLAB C32 1_11B/bin/../lib/gcc/pic32mx/3.4.4/../../../../pic32mx/lib/speed\libc.a(memcmp.o)
                              build/OLIMEX/production/_ext/2012694729/Files.o (memcmp)
E:/Olimex/Compilers/Microchip/MPLAB C32 1_11B/bin/../lib/gcc/pic32mx/3.4.4/../../../../pic32mx/lib/speed\libc.a(memcpy.o)
                              build/OLIMEX/production/_ext/2012694729/MMBasic.o (memcpy)
E:/Olimex/Compilers/Microchip/MPLAB C32 1_11B/bin/../lib/gcc/pic32mx/3.4.4/../../../../pic32mx/lib/speed\libc.a(memset.o)
                              build/OLIMEX/production/_ext/2012694729/Custom.o (memset)
E:/Olimex/Compilers/Microchip/MPLAB C32 1_11B/bin/../lib/gcc/pic32mx/3.4.4/../../../../pic32mx/lib/speed\libc.a(strcmp.o)
                              build/OLIMEX/production/_ext/2012694729/Files.o (strcmp)
E:/Olimex/Compilers/Microchip/MPLAB C32 1_11B/bin/../lib/gcc/pic32mx/3.4.4/../../../../pic32mx/lib/speed\libc.a(strcpy.o)
                              build/OLIMEX/production/_ext/2012694729/Commands.o (strcpy)
E:/Olimex/Compilers/Microchip/MPLAB C32 1_11B/bin/../lib/gcc/pic32mx/3.4.4/../../../../pic32mx/lib/speed\libc.a(strlen.o)
                              build/OLIMEX/production/_ext/2012694729/Commands.o (strlen)
E:/Olimex/Compilers/Microchip/MPLAB C32 1_11B/bin/../lib/gcc/pic32mx/3.4.4/../../../../pic32mx/lib/speed\libc.a(general-exception.o)
                              E:/Olimex/Compilers/Microchip/MPLAB C32 1_11B/bin/../lib/gcc/pic32mx/3.4.4/../../../../pic32mx/lib/speed/crt0.o (_general_exception_context)
E:/Olimex/Compilers/Microchip/MPLAB C32 1_11B/bin/../lib/gcc/pic32mx/3.4.4/../../../../pic32mx/lib/speed\libc.a(strcat.o)
                              build/OLIMEX/production/_ext/2012694729/Commands.o (strcat)
E:/Olimex/Compilers/Microchip/MPLAB C32 1_11B/bin/../lib/gcc/pic32mx/3.4.4/../../../../pic32mx/lib/speed\libc.a(strncmp.o)
                              build/OLIMEX/production/_ext/2012694729/Editor.o (strncmp)
E:/Olimex/Compilers/Microchip/MPLAB C32 1_11B/bin/../lib/gcc/pic32mx/3.4.4/../../../../pic32mx/lib/speed\libc.a(strncpy.o)
                              build/OLIMEX/production/_ext/2012694729/Files.o (strncpy)
E:/Olimex/Compilers/Microchip/MPLAB C32 1_11B/bin/../lib/gcc/pic32mx/3.4.4/../../../../pic32mx/lib/speed\libc.a(strchr.o)
                              build/OLIMEX/production/_ext/2012694729/Commands.o (strchr)
E:/Olimex/Compilers/Microchip/MPLAB C32 1_11B/bin/../lib/gcc/pic32mx/3.4.4/../../../../pic32mx/lib/speed\libc.a(memmove.o)
                              build/OLIMEX/production/_ext/2012694729/Commands.o (memmove)
E:/Olimex/Compilers/Microchip/MPLAB C32 1_11B/bin/../lib/gcc/pic32mx/3.4.4/../../../../pic32mx/lib/speed\libc.a(exit.o)
                              E:/Olimex/Compilers/Microchip/MPLAB C32 1_11B/bin/../lib/gcc/pic32mx/3.4.4/../../../../pic32mx/lib/speed/crt0.o (exit)
E:/Olimex/Compilers/Microchip/MPLAB C32 1_11B/bin/../lib/gcc/pic32mx/3.4.4/../../../../pic32mx/lib/speed\libc.a(ctype.o)
                              build/OLIMEX/production/_ext/2012694729/Commands.o (_ctype)
E:/Olimex/Compilers/Microchip/MPLAB C32 1_11B/bin/../lib/gcc/pic32mx/3.4.4/../../../../pic32mx/lib/speed\libc.a(ctypef.o)
                              build/OLIMEX/production/_ext/2012694729/Functions.o (tolower)
E:/Olimex/Compilers/Microchip/MPLAB C32 1_11B/bin/../lib/gcc/pic32mx/3.4.4/../../../../pic32mx/lib/speed\libc.a(malloc.o)
                              build/OLIMEX/production/_ext/2012694729/Commands.o (free)
E:/Olimex/Compilers/Microchip/MPLAB C32 1_11B/bin/../lib/gcc/pic32mx/3.4.4/../../../../pic32mx/lib/speed\libc.a(malloc_calloc.o)
                              build/OLIMEX/production/_ext/2012694729/MMBasic.o (calloc)
E:/Olimex/Compilers/Microchip/MPLAB C32 1_11B/bin/../lib/gcc/pic32mx/3.4.4/../../../../pic32mx/lib/speed\libc.a(rand.o)
                              build/OLIMEX/production/_ext/2012694729/Functions.o (rand)
E:/Olimex/Compilers/Microchip/MPLAB C32 1_11B/bin/../lib/gcc/pic32mx/3.4.4/../../../../pic32mx/lib/speed\libc.a(errno.o)
                              E:/Olimex/Compilers/Microchip/MPLAB C32 1_11B/bin/../lib/gcc/pic32mx/3.4.4/../../../../pic32mx/lib/speed\libc.a(malloc.o) (errno)
E:/Olimex/Compilers/Microchip/MPLAB C32 1_11B/bin/../lib/gcc/pic32mx/3.4.4/../../../../pic32mx/lib/speed\libc.a(strtol.o)
                              build/OLIMEX/production/_ext/2012694729/Commands.o (strtol)
E:/Olimex/Compilers/Microchip/MPLAB C32 1_11B/bin/../lib/gcc/pic32mx/3.4.4/../../../../pic32mx/lib/speed\libc.a(strtod.o)
                              build/OLIMEX/production/_ext/2012694729/Commands.o (strtod)
[...]
Memory Configuration

Name             Origin             Length             Attributes
startup_without_bootloader 0xbfc00000         0x00000008
kseg0_program_mem 0x9d004a00         0x0007b600         xr
kseg0_boot_mem   0x9d004490         0x00000970
exception_mem    0x9d003000         0x00001000
kseg1_boot_mem   0x9d004000         0x00000490
debug_exec_mem   0xbfc02000         0x00000ff0
config3          0xbfc02ff0         0x00000004
config2          0xbfc02ff4         0x00000004
config1          0xbfc02ff8         0x00000004
config0          0xbfc02ffc         0x00000004
kseg1_data_mem   0xa0000000         0x00020000         w !x
sfrs             0xbf800000         0x00100000
configsfrs       0xbfc02ff0         0x00000010
*default*        0x00000000         0xffffffff

Linker script and memory map

LOAD E:/Olimex/Compilers/Microchip/MPLAB C32 1_11B/bin/../lib/gcc/pic32mx/3.4.4/../../../../pic32mx/lib/speed/crt0.o
LOAD build/OLIMEX/production/_ext/2012694729/Commands.o
LOAD build/OLIMEX/production/_ext/2012694729/Custom.o
LOAD build/OLIMEX/production/_ext/2012694729/External.o
LOAD build/OLIMEX/production/_ext/2012694729/Files.o
LOAD build/OLIMEX/production/_ext/2012694729/Functions.o
LOAD build/OLIMEX/production/_ext/2012694729/Graphics.o
LOAD build/OLIMEX/production/_ext/2012694729/Help.o
LOAD build/OLIMEX/production/_ext/2012694729/I2C.o
LOAD build/OLIMEX/production/_ext/2012694729/MMBasic.o
LOAD build/OLIMEX/production/_ext/2012694729/Misc.o
LOAD build/OLIMEX/production/_ext/2012694729/Operators.o
LOAD build/OLIMEX/production/_ext/2012694729/XModem.o
LOAD build/OLIMEX/production/_ext/2012694729/Editor.o
LOAD build/OLIMEX/production/_ext/779736424/FSIO.o
LOAD build/OLIMEX/production/_ext/779736424/SD-SPI.o
LOAD build/OLIMEX/production/_ext/940238529/usb_descriptors.o
LOAD build/OLIMEX/production/_ext/678306549/usb_device.o
LOAD build/OLIMEX/production/_ext/488640762/usb_function_cdc.o
LOAD build/OLIMEX/production/_ext/718657706/usb_function_msd.o
LOAD build/OLIMEX/production/_ext/1624479370/DrawChar.o
LOAD build/OLIMEX/production/_ext/1624479370/VT100.o
LOAD build/OLIMEX/production/_ext/1624479370/Video.o
LOAD build/OLIMEX/production/_ext/2129892895/GameDuino.o
LOAD build/OLIMEX/production/_ext/179026188/Keyboard.o
LOAD build/OLIMEX/production/_ext/1728301206/Main.o
LOAD build/OLIMEX/production/_ext/2129892895/RTC.o
LOAD build/OLIMEX/production/_ext/1728301206/Setup.o
LOAD build/OLIMEX/production/_ext/1728301206/Term.o
LOAD build/OLIMEX/production/_ext/1123757107/Timers.o
LOAD build/OLIMEX/production/_ext/1091586137/serial.o
                0x00000001                __MPLAB_BUILD = 0x1
                0x00000400                PROVIDE (_min_stack_size, 0x400)
                0x00000000                PROVIDE (_min_heap_size, 0x0)
LOAD E:/Olimex/Compilers/Microchip/MPLAB C32 1_11B/bin/../lib/gcc/pic32mx/3.4.4/../../../../pic32mx/lib/./proc/32MX795F512H\processor.o
                0x00000001                PROVIDE (_vector_spacing, 0x1)
                0x9d003000                _ebase_address = 0x9d003000
                0xbfc00000                _ORIGINAL_RESET_ADDR = 0xbfc00000
                0x9d004000                _RESET_ADDR = 0x9d004000
                0x9d004380                _BEV_EXCPT_ADDR = 0x9d004380
                0x9d004480                _DBG_EXCPT_ADDR = 0x9d004480
                0xbfc02000                _DBG_CODE_ADDR = 0xbfc02000
                0x9d003180                _GEN_EXCPT_ADDR = (_ebase_address + 0x180)

.config_BFC02FF0
                0xbfc02ff0        0x4
 *(.config_BFC02FF0)
 .config_BFC02FF0
                0xbfc02ff0        0x4 build/OLIMEX/production/_ext/1728301206/Main.o

.config_BFC02FF4
                0xbfc02ff4        0x4
 *(.config_BFC02FF4)
 .config_BFC02FF4
                0xbfc02ff4        0x4 build/OLIMEX/production/_ext/1728301206/Main.o

.config_BFC02FF8
                0xbfc02ff8        0x4
 *(.config_BFC02FF8)
 .config_BFC02FF8
                0xbfc02ff8        0x4 build/OLIMEX/production/_ext/1728301206/Main.o

.config_BFC02FFC
                0xbfc02ffc        0x4
 *(.config_BFC02FFC)
 .config_BFC02FFC
                0xbfc02ffc        0x4 build/OLIMEX/production/_ext/1728301206/Main.o

.startup_without_bootloader
                0xbfc00000        0x8
                0xbfc00000        0x4 LONG 0xb401000 (((_reset >> 0x2) & 0x3ffffff) | 0x8000000)
                0xbfc00004        0x4 LONG 0x0

.reset          0x9d004000       0x10
 *(.reset)
 .reset         0x9d004000       0x10 E:/Olimex/Compilers/Microchip/MPLAB C32 1_11B/bin/../lib/gcc/pic32mx/3.4.4/../../../../pic32mx/lib/speed/crt0.o
                0x9d004000                _reset

.bev_excpt      0x9d004380       0x10
 *(.bev_handler)
 .bev_handler   0x9d004380       0x10 E:/Olimex/Compilers/Microchip/MPLAB C32 1_11B/bin/../lib/gcc/pic32mx/3.4.4/../../../../pic32mx/lib/speed/crt0.o

.dbg_excpt      0x9d004480        0x0
                0x9d004480                . = (. + DEFINED (_DEBUGGER)?0x8:0x0)

.dbg_code       0xbfc02000        0x0
                0xbfc02000                . = (. + DEFINED (_DEBUGGER)?0xff0:0x0)

.app_excpt      0x9d003180       0x10
 *(.gen_handler)
 .gen_handler   0x9d003180       0x10 E:/Olimex/Compilers/Microchip/MPLAB C32 1_11B/bin/../lib/gcc/pic32mx/3.4.4/../../../../pic32mx/lib/speed/crt0.o

.vector_0       0x9d003200        0x0
 *(.vector_0)
                0x00000001                ASSERT (((_vector_spacing == 0x0) || (SIZEOF (.vector_0) <= (_vector_spacing << 0x5))), function at exception vector 0 too large)

.vector_1       0x9d003220        0x0
 *(.vector_1)
                0x00000001                ASSERT (((_vector_spacing == 0x0) || (SIZEOF (.vector_1) <= (_vector_spacing << 0x5))), function at exception vector 1 too large)

.vector_2       0x9d003240        0x0
 *(.vector_2)
                0x00000001                ASSERT (((_vector_spacing == 0x0) || (SIZEOF (.vector_2) <= (_vector_spacing << 0x5))), function at exception vector 2 too large)

.vector_3       0x9d003260        0x0
 *(.vector_3)
                0x00000001                ASSERT (((_vector_spacing == 0x0) || (SIZEOF (.vector_3) <= (_vector_spacing << 0x5))), function at exception vector 3 too large)

.vector_4       0x9d003280        0x8
 *(.vector_4)
 .vector_4      0x9d003280        0x8 build/OLIMEX/production/_ext/1728301206/Main.o
                0x00000001                ASSERT (((_vector_spacing == 0x0) || (SIZEOF (.vector_4) <= (_vector_spacing << 0x5))), function at exception vector 4 too large)

.vector_5       0x9d0032a0        0x0
 *(.vector_5)
                0x00000001                ASSERT (((_vector_spacing == 0x0) || (SIZEOF (.vector_5) <= (_vector_spacing << 0x5))), function at exception vector 5 too large)

.vector_6       0x9d0032c0        0x0
 *(.vector_6)
                0x00000001                ASSERT (((_vector_spacing == 0x0) || (SIZEOF (.vector_6) <= (_vector_spacing << 0x5))), function at exception vector 6 too large)

.vector_7       0x9d0032e0        0x8
 *(.vector_7)
 .vector_7      0x9d0032e0        0x8 build/OLIMEX/production/_ext/2012694729/External.o
                0x00000001                ASSERT (((_vector_spacing == 0x0) || (SIZEOF (.vector_7) <= (_vector_spacing << 0x5))), function at exception vector 7 too large)

.vector_8       0x9d003300        0x0
 *(.vector_8)
                0x00000001                ASSERT (((_vector_spacing == 0x0) || (SIZEOF (.vector_8) <= (_vector_spacing << 0x5))), function at exception vector 8 too large)

.vector_9       0x9d003320        0x0
 *(.vector_9)
                0x00000001                ASSERT (((_vector_spacing == 0x0) || (SIZEOF (.vector_9) <= (_vector_spacing << 0x5))), function at exception vector 9 too large)

.vector_10      0x9d003340        0x0
 *(.vector_10)
                0x00000001                ASSERT (((_vector_spacing == 0x0) || (SIZEOF (.vector_10) <= (_vector_spacing << 0x5))), function at exception vector 10 too large)

.vector_11      0x9d003360        0x8
 *(.vector_11)
 .vector_11     0x9d003360        0x8 build/OLIMEX/production/_ext/2012694729/External.o
                0x00000001                ASSERT (((_vector_spacing == 0x0) || (SIZEOF (.vector_11) <= (_vector_spacing << 0x5))), function at exception vector 11 too large)

.vector_12      0x9d003380        0x8
 *(.vector_12)
 .vector_12     0x9d003380        0x8 build/OLIMEX/production/_ext/1624479370/Video.o
                0x00000001                ASSERT (((_vector_spacing == 0x0) || (SIZEOF (.vector_12) <= (_vector_spacing << 0x5))), function at exception vector 12 too large)

.vector_13      0x9d0033a0        0x0
 *(.vector_13)
                0x00000001                ASSERT (((_vector_spacing == 0x0) || (SIZEOF (.vector_13) <= (_vector_spacing << 0x5))), function at exception vector 13 too large)

.vector_14      0x9d0033c0        0x0
 *(.vector_14)
                0x00000001                ASSERT (((_vector_spacing == 0x0) || (SIZEOF (.vector_14) <= (_vector_spacing << 0x5))), function at exception vector 14 too large)

.vector_15      0x9d0033e0        0x8
 *(.vector_15)
 .vector_15     0x9d0033e0        0x8 build/OLIMEX/production/_ext/2012694729/External.o
                0x00000001                ASSERT (((_vector_spacing == 0x0) || (SIZEOF (.vector_15) <= (_vector_spacing << 0x5))), function at exception vector 15 too large)

.vector_16      0x9d003400        0x8
 *(.vector_16)
 .vector_16     0x9d003400        0x8 build/OLIMEX/production/_ext/1123757107/Timers.o
                0x00000001                ASSERT (((_vector_spacing == 0x0) || (SIZEOF (.vector_16) <= (_vector_spacing << 0x5))), function at exception vector 16 too large)

.vector_17      0x9d003420        0x0
 *(.vector_17)
                0x00000001                ASSERT (((_vector_spacing == 0x0) || (SIZEOF (.vector_17) <= (_vector_spacing << 0x5))), function at exception vector 17 too large)

.vector_18      0x9d003440        0x0
 *(.vector_18)
                0x00000001                ASSERT (((_vector_spacing == 0x0) || (SIZEOF (.vector_18) <= (_vector_spacing << 0x5))), function at exception vector 18 too large)

.vector_19      0x9d003460        0x8
 *(.vector_19)
 .vector_19     0x9d003460        0x8 build/OLIMEX/production/_ext/2012694729/External.o
                0x00000001                ASSERT (((_vector_spacing == 0x0) || (SIZEOF (.vector_19) <= (_vector_spacing << 0x5))), function at exception vector 19 too large)

.vector_20      0x9d003480        0x8
 *(.vector_20)
 .vector_20     0x9d003480        0x8 build/OLIMEX/production/_ext/1091586137/serial.o
                0x00000001                ASSERT (((_vector_spacing == 0x0) || (SIZEOF (.vector_20) <= (_vector_spacing << 0x5))), function at exception vector 20 too large)

.vector_21      0x9d0034a0        0x0
 *(.vector_21)
                0x00000001                ASSERT (((_vector_spacing == 0x0) || (SIZEOF (.vector_21) <= (_vector_spacing << 0x5))), function at exception vector 21 too large)

.vector_22      0x9d0034c0        0x0
 *(.vector_22)
                0x00000001                ASSERT (((_vector_spacing == 0x0) || (SIZEOF (.vector_22) <= (_vector_spacing << 0x5))), function at exception vector 22 too large)

.vector_23      0x9d0034e0        0x0
 *(.vector_23)
                0x00000001                ASSERT (((_vector_spacing == 0x0) || (SIZEOF (.vector_23) <= (_vector_spacing << 0x5))), function at exception vector 23 too large)

.vector_24      0x9d003500        0x0
 *(.vector_24)
                0x00000001                ASSERT (((_vector_spacing == 0x0) || (SIZEOF (.vector_24) <= (_vector_spacing << 0x5))), function at exception vector 24 too large)

.vector_25      0x9d003520        0x8
 *(.vector_25)
 .vector_25     0x9d003520        0x8 build/OLIMEX/production/_ext/2012694729/I2C.o
                0x00000001                ASSERT (((_vector_spacing == 0x0) || (SIZEOF (.vector_25) <= (_vector_spacing << 0x5))), function at exception vector 25 too large)

.vector_26      0x9d003540        0x8
 *(.vector_26)
 .vector_26     0x9d003540        0x8 build/OLIMEX/production/_ext/179026188/Keyboard.o
                0x00000001                ASSERT (((_vector_spacing == 0x0) || (SIZEOF (.vector_26) <= (_vector_spacing << 0x5))), function at exception vector 26 too large)

.vector_27      0x9d003560        0x0
 *(.vector_27)
                0x00000001                ASSERT (((_vector_spacing == 0x0) || (SIZEOF (.vector_27) <= (_vector_spacing << 0x5))), function at exception vector 27 too large)

.vector_28      0x9d003580        0x0
 *(.vector_28)
                0x00000001                ASSERT (((_vector_spacing == 0x0) || (SIZEOF (.vector_28) <= (_vector_spacing << 0x5))), function at exception vector 28 too large)

.vector_29      0x9d0035a0        0x0
 *(.vector_29)
                0x00000001                ASSERT (((_vector_spacing == 0x0) || (SIZEOF (.vector_29) <= (_vector_spacing << 0x5))), function at exception vector 29 too large)

.vector_30      0x9d0035c0        0x0
 *(.vector_30)
                0x00000001                ASSERT (((_vector_spacing == 0x0) || (SIZEOF (.vector_30) <= (_vector_spacing << 0x5))), function at exception vector 30 too large)

.vector_31      0x9d0035e0        0x0
 *(.vector_31)
                0x00000001                ASSERT (((_vector_spacing == 0x0) || (SIZEOF (.vector_31) <= (_vector_spacing << 0x5))), function at exception vector 31 too large)

.vector_32      0x9d003600        0x8
 *(.vector_32)
 .vector_32     0x9d003600        0x8 build/OLIMEX/production/_ext/1091586137/serial.o
                0x00000001                ASSERT (((_vector_spacing == 0x0) || (SIZEOF (.vector_32) <= (_vector_spacing << 0x5))), function at exception vector 32 too large)

.vector_33      0x9d003620        0x0
 *(.vector_33)
                0x00000001                ASSERT (((_vector_spacing == 0x0) || (SIZEOF (.vector_33) <= (_vector_spacing << 0x5))), function at exception vector 33 too large)

.vector_34      0x9d003640        0x0
 *(.vector_34)
                0x00000001                ASSERT (((_vector_spacing == 0x0) || (SIZEOF (.vector_34) <= (_vector_spacing << 0x5))), function at exception vector 34 too large)

.vector_35      0x9d003660        0x8
 *(.vector_35)
 .vector_35     0x9d003660        0x8 build/OLIMEX/production/_ext/2129892895/RTC.o
                0x00000001                ASSERT (((_vector_spacing == 0x0) || (SIZEOF (.vector_35) <= (_vector_spacing << 0x5))), function at exception vector 35 too large)

.vector_36      0x9d003680        0x0
 *(.vector_36)
                0x00000001                ASSERT (((_vector_spacing == 0x0) || (SIZEOF (.vector_36) <= (_vector_spacing << 0x5))), function at exception vector 36 too large)

.vector_37      0x9d0036a0        0x0
 *(.vector_37)
                0x00000001                ASSERT (((_vector_spacing == 0x0) || (SIZEOF (.vector_37) <= (_vector_spacing << 0x5))), function at exception vector 37 too large)

.vector_38      0x9d0036c0        0x0
 *(.vector_38)
                0x00000001                ASSERT (((_vector_spacing == 0x0) || (SIZEOF (.vector_38) <= (_vector_spacing << 0x5))), function at exception vector 38 too large)

.vector_39      0x9d0036e0        0x0
 *(.vector_39)
                0x00000001                ASSERT (((_vector_spacing == 0x0) || (SIZEOF (.vector_39) <= (_vector_spacing << 0x5))), function at exception vector 39 too large)

.vector_40      0x9d003700        0x0
 *(.vector_40)
                0x00000001                ASSERT (((_vector_spacing == 0x0) || (SIZEOF (.vector_40) <= (_vector_spacing << 0x5))), function at exception vector 40 too large)

.vector_41      0x9d003720        0x0
 *(.vector_41)
                0x00000001                ASSERT (((_vector_spacing == 0x0) || (SIZEOF (.vector_41) <= (_vector_spacing << 0x5))), function at exception vector 41 too large)

.vector_42      0x9d003740        0x0
 *(.vector_42)
                0x00000001                ASSERT (((_vector_spacing == 0x0) || (SIZEOF (.vector_42) <= (_vector_spacing << 0x5))), function at exception vector 42 too large)

.vector_43      0x9d003760        0x0
 *(.vector_43)
                0x00000001                ASSERT (((_vector_spacing == 0x0) || (SIZEOF (.vector_43) <= (_vector_spacing << 0x5))), function at exception vector 43 too large)

.vector_44      0x9d003780        0x0
 *(.vector_44)
                0x00000001                ASSERT (((_vector_spacing == 0x0) || (SIZEOF (.vector_44) <= (_vector_spacing << 0x5))), function at exception vector 44 too large)

.vector_45      0x9d0037a0        0x0
 *(.vector_45)
                0x00000001                ASSERT (((_vector_spacing == 0x0) || (SIZEOF (.vector_45) <= (_vector_spacing << 0x5))), function at exception vector 45 too large)

.vector_46      0x9d0037c0        0x0
 *(.vector_46)
                0x00000001                ASSERT (((_vector_spacing == 0x0) || (SIZEOF (.vector_46) <= (_vector_spacing << 0x5))), function at exception vector 46 too large)

.vector_47      0x9d0037e0        0x0
 *(.vector_47)
                0x00000001                ASSERT (((_vector_spacing == 0x0) || (SIZEOF (.vector_47) <= (_vector_spacing << 0x5))), function at exception vector 47 too large)

.vector_48      0x9d003800        0x0
 *(.vector_48)
                0x00000001                ASSERT (((_vector_spacing == 0x0) || (SIZEOF (.vector_48) <= (_vector_spacing << 0x5))), function at exception vector 48 too large)

.vector_49      0x9d003820        0x0
 *(.vector_49)
                0x00000001                ASSERT (((_vector_spacing == 0x0) || (SIZEOF (.vector_49) <= (_vector_spacing << 0x5))), function at exception vector 49 too large)

.vector_50      0x9d003840        0x0
 *(.vector_50)
                0x00000001                ASSERT (((_vector_spacing == 0x0) || (SIZEOF (.vector_50) <= (_vector_spacing << 0x5))), function at exception vector 50 too large)

.vector_51      0x9d003860        0x0
 *(.vector_51)
                0x00000001                ASSERT (((_vector_spacing == 0x0) || (SIZEOF (.vector_51) <= (_vector_spacing << 0x5))), function at exception vector 51 too large)

.vector_52      0x9d003880        0x0
 *(.vector_52)
                0x00000001                ASSERT (((_vector_spacing == 0x0) || (SIZEOF (.vector_52) <= (_vector_spacing << 0x5))), function at exception vector 52 too large)

.vector_53      0x9d0038a0        0x0
 *(.vector_53)
                0x00000001                ASSERT (((_vector_spacing == 0x0) || (SIZEOF (.vector_53) <= (_vector_spacing << 0x5))), function at exception vector 53 too large)

.vector_54      0x9d0038c0        0x0
 *(.vector_54)
                0x00000001                ASSERT (((_vector_spacing == 0x0) || (SIZEOF (.vector_54) <= (_vector_spacing << 0x5))), function at exception vector 54 too large)

.vector_55      0x9d0038e0        0x0
 *(.vector_55)
                0x00000001                ASSERT (((_vector_spacing == 0x0) || (SIZEOF (.vector_55) <= (_vector_spacing << 0x5))), function at exception vector 55 too large)

.vector_56      0x9d003900        0x0
 *(.vector_56)
                0x00000001                ASSERT (((_vector_spacing == 0x0) || (SIZEOF (.vector_56) <= (_vector_spacing << 0x5))), function at exception vector 56 too large)

.vector_57      0x9d003920        0x0
 *(.vector_57)
                0x00000001                ASSERT (((_vector_spacing == 0x0) || (SIZEOF (.vector_57) <= (_vector_spacing << 0x5))), function at exception vector 57 too large)

.vector_58      0x9d003940        0x0
 *(.vector_58)
                0x00000001                ASSERT (((_vector_spacing == 0x0) || (SIZEOF (.vector_58) <= (_vector_spacing << 0x5))), function at exception vector 58 too large)

.vector_59      0x9d003960        0x0
 *(.vector_59)
                0x00000001                ASSERT (((_vector_spacing == 0x0) || (SIZEOF (.vector_59) <= (_vector_spacing << 0x5))), function at exception vector 59 too large)

.vector_60      0x9d003980        0x0
 *(.vector_60)
                0x00000001                ASSERT (((_vector_spacing == 0x0) || (SIZEOF (.vector_60) <= (_vector_spacing << 0x5))), function at exception vector 60 too large)

.vector_61      0x9d0039a0        0x0
 *(.vector_61)
                0x00000001                ASSERT (((_vector_spacing == 0x0) || (SIZEOF (.vector_61) <= (_vector_spacing << 0x5))), function at exception vector 61 too large)

.vector_62      0x9d0039c0        0x0
 *(.vector_62)
                0x00000001                ASSERT (((_vector_spacing == 0x0) || (SIZEOF (.vector_62) <= (_vector_spacing << 0x5))), function at exception vector 62 too large)

.vector_63      0x9d0039e0        0x0
 *(.vector_63)
                0x00000001                ASSERT (((_vector_spacing == 0x0) || (SIZEOF (.vector_63) <= (_vector_spacing << 0x5))), function at exception vector 63 too large)

.startup        0x9d004490      0x1e0
 *(.startup)
 .startup       0x9d004490      0x1e0 E:/Olimex/Compilers/Microchip/MPLAB C32 1_11B/bin/../lib/gcc/pic32mx/3.4.4/../../../../pic32mx/lib/speed/crt0.o

.text           0x9d004a00    0x68fa8
                0x9d004a00                _text_begin = .
 *(.text .stub .text.* .gnu.linkonce.t.*)
 .text          0x9d004a00       0x18 E:/Olimex/Compilers/Microchip/MPLAB C32 1_11B/bin/../lib/gcc/pic32mx/3.4.4/../../../../pic32mx/lib/speed/crt0.o
 .text          0x9d004a18     0x4830 build/OLIMEX/production/_ext/2012694729/Commands.o
                0x9d004a18                cmd_null
                0x9d004a20                cmd_print
                0x9d004c10                cmd_write
                0x9d004de0                cmd_let
                0x9d004ee4                cmd_continue
                0x9d004f30                cmd_new
                0x9d004f78                cmd_clear
                0x9d004f98                cmd_goto
                0x9d004fc8                cmd_else
                0x9d005188                cmd_end
                0x9d0051ac                cmd_input
                0x9d005510                cmd_tron
                0x9d005550                cmd_troff
                0x9d005574                cmd_for
                0x9d005aa4                cmd_next
                0x9d005dac                cmd_do
                0x9d0060f8                cmd_loop
                0x9d0062b8                cmd_exit
                0x9d0063cc                cmd_error
                0x9d0063fc                cmd_randomize
                0x9d006438                cmd_gosub
                0x9d00649c                cmd_return
                0x9d0064f0                cmd_read
                0x9d00681c                cmd_restore
                0x9d006840                cmd_lineinput
                0x9d006a48                cmd_delete
                0x9d006c60                cmd_on
                0x9d006dc8                cmd_dim
                0x9d006e60                cmd_erase
                0x9d007084                cmd_option
                0x9d007354                cmd_memory
                0x9d0074e4                GetNewNumber
                0x9d0076bc                cmd_renumber
                0x9d007f58                llist
                0x9d00816c                cmd_edit
                0x9d0081f8                cmd_poke
                0x9d008280                cmd_auto
                0x9d00831c                mergefile
                0x9d0084c8                cmd_merge
                0x9d008500                cmd_load
                0x9d008590                cmd_run
                0x9d00870c                flist
                0x9d0088a8                cmd_save
                0x9d008960                cmd_list
                0x9d008a9c                execute_one_command
                0x9d008bc4                cmd_if
 .text          0x9d009248     0x63fc build/OLIMEX/production/_ext/2012694729/Custom.o
                0x9d009248                ow_pinChk
                0x9d0092ac                ow_onOCPin
                0x9d009460                ow_setPin
                0x9d009614                ow_outputPin
                0x9d0097c8                ow_offOCPin
                0x9d00997c                ow_familySearchSetup
                0x9d0099b0                ow_skipFamily
                0x9d0099d0                ow_serialNum
                0x9d009a50                setcrc8
                0x9d009a58                docrc8
                0x9d009a80                fun_owCRC8
                0x9d009dc8                setcrc16
                0x9d009dd0                docrc16
                0x9d009e64                fun_owCRC16
                0x9d00a200                fun_mmOW
                0x9d00a224                ow_clrPin
                0x9d00a3d8                ow_inputPin
                0x9d00a58c                ow_readPin
                0x9d00a6f8                ow_reset
                0x9d00ae70                cmd_owReset
                0x9d00b51c                ow_readBit
                0x9d00bcb4                ow_readByte
                0x9d00bd0c                cmd_owRead
                0x9d00c868                ow_writeBit
                0x9d00ced4                ow_touchBit
                0x9d00cf34                ow_touchByte
                0x9d00cfc4                ow_verifyByte
                0x9d00d064                ow_writeByte
                0x9d00d0b4                ow_next
                0x9d00d360                ow_verify
                0x9d00d45c                ow_first
                0x9d00d46c                cmd_owSearch
                0x9d00e034                cmd_owWrite
                0x9d00eab4                cmd_shiftout
                0x9d00edac                cmd_shiftin
                0x9d00f1f0                fun_vmem
                0x9d00f218                xread
                0x9d00f280                cmd_loadbmp
 .text          0x9d00f644     0x236c build/OLIMEX/production/_ext/2012694729/External.o
                0x9d00f644                ExtInp
                0x9d00fb94                fun_pin
                0x9d00fdf0                ExtSet
                0x9d0100ec                ExtCfg
                0x9d010a00                cmd_setpin
                0x9d010bb8                initExtIO
                0x9d010f2c                ClearExternalIO
                0x9d01133c                cmd_pin
                0x9d011720                INT1Interrupt
                0x9d0117c8                INT2Interrupt
                0x9d011868                INT3Interrupt
                0x9d011908                INT4Interrupt
 *fill*         0x9d0119b0      0x650 00000000
 .text          0x9d012000    0x26000 build/OLIMEX/production/_ext/2012694729/Files.o
                0x9d012000                Flash
                0x9d032000                ErrorThrow
                0x9d032048                ErrorCheck
                0x9d0320b8                fun_loc
                0x9d03219c                fun_lof
                0x9d0322f4                fun_errno
                0x9d032318                cmd_drive
                0x9d032388                fun_mmdrive
                0x9d0323b4                fun_mmfname
                0x9d0323f4                CheckAbort
                0x9d032420                GetDrive
                0x9d0324d8                MMfread
                0x9d0324f0                FlashCloseRead
                0x9d0324fc                cmd_msdon
                0x9d032554                cmd_msdoff
                0x9d032564                InitSDCard
                0x9d032610                SDFileExists
                0x9d032670                MMgetcwd
                0x9d0326c8                fun_cwd
                0x9d032750                MMfeof
                0x9d032858                fun_eof
                0x9d032900                cmd_chdir
                0x9d032974                cmd_rmdir
                0x9d032a40                cmd_mkdir
                0x9d032b0c                cmd_sdformat
                0x9d032b98                FindFreeFileNbr
                0x9d032bd0                FlashWriteWord
                0x9d032c50                FlashWriteByte
                0x9d032ccc                FlashCloseWrite
                0x9d032d78                MMfclose
                0x9d032f64                CloseAllFiles
                0x9d03303c                cmd_close
                0x9d033140                FindFlashBlock
                0x9d0331e8                FlashFileKill
                0x9d0332ac                cmd_kill
                0x9d0333b8                FindFreeFlashBlock
                0x9d0334ec                GetNextGeneration
                0x9d033520                FlashRename
                0x9d03379c                cmd_name
                0x9d0339ec                FlashAllocateNewBlock
                0x9d033b94                FlashWriteNextByte
                0x9d033db8                FlashPutc
                0x9d03419c                MMfputc
                0x9d034718                MMfputs
                0x9d03477c                FlashGetNextByte
                0x9d03487c                FlashGetc
                0x9d034c1c                MMfgetc
                0x9d035108                MMgetline
                0x9d03545c                fun_inputstr
                0x9d035568                FlashFreeSpace
                0x9d0355b8                FlashList
                0x9d035708                cmd_files
                0x9d035cb8                FlashOpenRead
                0x9d035db8                FlashOpenWrite
                0x9d036018                FlashGetEOF
                0x9d036264                FlashOpenAppend
                0x9d0365e8                MMfopen
                0x9d036ae8                cmd_open
                0x9d036d6c                FlashPutStr
 .text          0x9d038000      0xfd0 build/OLIMEX/production/_ext/2012694729/Functions.o
                0x9d038000                fun_abs
                0x9d038030                fun_asc
                0x9d03808c                fun_atn
                0x9d0380b8                fun_chr
                0x9d03810c                fun_cint
                0x9d038138                fun_cos
                0x9d038164                fun_exp
                0x9d038190                fun_hex
                0x9d0381d0                fun_instr
                0x9d038340                fun_int
                0x9d03836c                fun_fix
                0x9d0383a0                fun_left
                0x9d03844c                fun_len
                0x9d0384a8                fun_log
                0x9d0384d4                fun_mid
                0x9d038610                fun_oct
                0x9d038650                fun_right
                0x9d03872c                fun_rnd
                0x9d038764                fun_sgn
                0x9d0387e4                fun_sin
                0x9d038810                fun_sqr
                0x9d038864                fun_tan
                0x9d038890                fun_val
                0x9d038988                fun_space
                0x9d0389e8                fun_str
                0x9d038a34                fun_string
                0x9d038b30                fun_format
                0x9d038ce8                fun_ucase
                0x9d038d6c                fun_lcase
                0x9d038df0                fun_peek
                0x9d038ea8                fun_version
 .text          0x9d038fd0      0xfc4 build/OLIMEX/production/_ext/2012694729/Graphics.o
                0x9d038fd0                cmd_cls
                0x9d038ff0                cmd_locate
                0x9d039064                fun_pixel
                0x9d0390ec                fun_hres
                0x9d039110                fun_vres
                0x9d039134                xwrite
                0x9d039194                cmd_savebmp
                0x9d0395d0                getcoord
                0x9d039690                cmd_pixel
                0x9d039808                cmd_preset
                0x9d03991c                cmd_pset
                0x9d039a30                cmd_line
                0x9d039dfc                cmd_circle
 .text          0x9d039f94      0x25c build/OLIMEX/production/_ext/2012694729/Help.o
                0x9d039f94                cmd_help
 .text          0x9d03a1f0     0x29c0 build/OLIMEX/production/_ext/2012694729/I2C.o
                0x9d03a1f0                i2c_masterCommand
                0x9d03a2a4                cmd_i2cSend
                0x9d03a6d0                cmd_i2cReceive
                0x9d03abd0                i2c_slave_send
                0x9d03ac18                cmd_i2cSlaveSend
                0x9d03aecc                i2c_slave_receive
                0x9d03b05c                cmd_i2cSlaveReceive
                0x9d03b360                cmd_num2byte
                0x9d03b5bc                fun_byte2num
                0x9d03b774                fun_mmi2c
                0x9d03b798                I2C1Interrupt
                0x9d03c128                i2c_slave_enable
                0x9d03c25c                cmd_i2cSlaveEnable
                0x9d03c504                i2c_enable
                0x9d03c5fc                cmd_i2cEnable
                0x9d03c800                i2c_slave_disable
                0x9d03c8b8                cmd_i2cSlaveDisable
                0x9d03c97c                i2c_disable
                0x9d03ca90                cmd_i2cDisable
 .text          0x9d03cbb0     0x565c build/OLIMEX/production/_ext/2012694729/MMBasic.o
                0x9d03cbb0                strncasecmp
                0x9d03cc10                str_equal
                0x9d03cc84                ClearTempStringSpace
                0x9d03ccec                clearvars
                0x9d03cdb4                clearstack
                0x9d03ce08                error
                0x9d03cf64                GetTokenValue
                0x9d03d018                commandvalue
                0x9d03d0cc                ExecuteProgram
                0x9d03d450                findline
                0x9d03d4e4                IsValidLine
                0x9d03d568                AddProgramLine
                0x9d03d768                tokenise
                0x9d03e04c                clearprog
                0x9d03e178                ProcessInputLine
                0x9d03e2a8                EditInputLine
                0x9d03ee94                InitBasic
                0x9d03f5f8                MMround
                0x9d03f6ec                getclosebracket
                0x9d03f79c                makeargs
                0x9d03fac0                vartype
                0x9d03fb90                skipvar
                0x9d03fd28                CtoM
                0x9d03fda8                makeupper
                0x9d03fde4                getmemory
                0x9d03fe44                GetTempStringSpace
                0x9d03fed4                findvar
                0x9d040774                getvalue
                0x9d041294                doexpr
                0x9d041444                evaluate
                0x9d041694                getstring
                0x9d0416c4                getnumber
                0x9d0416f4                getinteger
                0x9d041804                checkend
                0x9d041850                checkstring
                0x9d041920                GetLineLength
                0x9d041954                InsertLastcmd
                0x9d041a18                MtoC
                0x9d041a50                Mstrcpy
                0x9d041a94                getCstring
                0x9d041bbc                MMBasicStart
                0x9d0421bc                Mstrcat
 .text          0x9d04220c     0x1a30 build/OLIMEX/production/_ext/2012694729/Misc.o
                0x9d04220c                cmd_timer
                0x9d0422e0                fun_timer
                0x9d042338                cmd_date
                0x9d042544                fun_date
                0x9d042614                fun_dow
                0x9d042640                cmd_time
                0x9d042830                fun_time
                0x9d0428b0                fun_inkey
                0x9d042908                cmd_sound
                0x9d042b44                cmd_ireturn
                0x9d042b80                cmd_settick
                0x9d042c50                fun_pos
                0x9d042c74                fun_tab
                0x9d042d0c                cmd_copyright
                0x9d042d94                fun_spi
                0x9d0430ac                cmd_font
                0x9d043840                check_interrupt
                0x9d043b34                cmd_pause
 .text          0x9d043c3c      0x5dc build/OLIMEX/production/_ext/2012694729/Operators.o
                0x9d043c3c                op_invalid
                0x9d043c50                op_exp
                0x9d043cb0                op_mul
                0x9d043cd8                op_div
                0x9d043d24                op_divint
                0x9d043d7c                op_add
                0x9d043e00                op_subtract
                0x9d043e28                op_mod
                0x9d043e80                op_ne
                0x9d043ee8                op_gte
                0x9d043f68                op_lte
                0x9d043fe8                op_lt
                0x9d044068                op_gt
                0x9d0440e8                op_equal
                0x9d044150                op_and
                0x9d04418c                op_or
                0x9d0441c8                op_xor
                0x9d044204                op_not
 .text          0x9d044218      0xb84 build/OLIMEX/production/_ext/2012694729/XModem.o
                0x9d044218                _inbyte
                0x9d04428c                xmodemReceive
                0x9d04471c                xmodemTransmit
                0x9d044c5c                cmd_xmodem
 .text          0x9d044d9c     0x333c build/OLIMEX/production/_ext/2012694729/Editor.o
                0x9d044d9c                putch
                0x9d044dc8                PrintString
                0x9d044dfc                clrscr
                0x9d044e58                getch
                0x9d044e84                gotoxy
                0x9d044edc                display_scrn
                0x9d044fb4                show_help
                0x9d04506c                cmd_testcalloc
                0x9d045150                ReverseVideo
                0x9d0451c4                help
                0x9d0452b4                home
                0x9d0452cc                gotoend
                0x9d04530c                pageup
                0x9d0453e4                pagedown
                0x9d045480                edit_clr_eol
                0x9d045510                scrollup
                0x9d0455b0                scrolldn
                0x9d0456a8                printline
                0x9d045720                downline
                0x9d0458d4                right
                0x9d045998                upline
                0x9d045be0                left
                0x9d045ed0                delete_char
                0x9d04606c                kill_line
                0x9d0461e8                paste
                0x9d046314                clrline
                0x9d046364                edit_gets
                0x9d046438                search
                0x9d0465b0                replace
                0x9d046880                info
                0x9d0468dc                load
                0x9d046980                save
                0x9d046b34                cmd_fse
                0x9d0480d0                cursor_pos
 .text          0x9d0480d8     0x952c build/OLIMEX/production/_ext/779736424/FSIO.o
                0x9d0480d8                Cluster2Sector
                0x9d048130                ReadByte
                0x9d048140                LoadMBR
                0x9d048320                ReadWord
                0x9d04833c                ReadDWord
                0x9d04837c                LoadBootSector
                0x9d048878                DISKmount
                0x9d048944                FSInit
                0x9d048aac                GetFullClusterNumber
                0x9d048ac0                flushData
                0x9d048b48                FSCreateMBR
                0x9d048dd0                FSformat
                0x9d049b30                Write_File_Entry
                0x9d049c28                WriteFAT
                0x9d04a044                ReadFAT
                0x9d04a350                Cache_File_Entry
                0x9d04a65c                FILEget_next_cluster
                0x9d04a74c                FAT_erase_cluster_chain
                0x9d04a854                LoadDirAttrib
                0x9d04a914                PopulateEntries
                0x9d04aac0                SetClockVars
                0x9d04abac                FATfindEmptyCluster
                0x9d04ac90                EraseCluster
                0x9d04ae18                FILECreateHeadCluster
                0x9d04b0d8                CreateFirstCluster
                0x9d04b514                FILEallocate_new_cluster
                0x9d04b804                FindEmptyEntries
                0x9d04b968                CreateFileEntry
                0x9d04c070                FSfclose
                0x9d04c3f8                Fill_File_Object
                0x9d04c55c                FILEopen
                0x9d04c770                FILEfind
                0x9d04ca48                FILEerase
                0x9d04cd64                FileObjectCopy
                0x9d04cd88                FSfseek
                0x9d04d1fc                FSftell
                0x9d04d208                FSrewind
                0x9d04d2b0                FSerror
                0x9d04d2b8                FSattrib
                0x9d04d4a8                FSfwrite
                0x9d04da28                FSfeof
                0x9d04da40                FSfread
                0x9d04de30                ValidateChars
                0x9d04dfa8                FormatFileName
                0x9d04e33c                FSremove
                0x9d04e49c                FSfopen
                0x9d04e8c0                FSrename
                0x9d04eb80                FormatDirName
                0x9d04eeac                chdirhelper
                0x9d04f368                FSchdir
                0x9d04f378                GetPreviousEntry
                0x9d04f584                FSgetcwd
                0x9d04fae4                writeDotEntries
                0x9d04fc7c                CreateDIR
                0x9d04fef0                mkdirhelper
                0x9d050450                FSmkdir
                0x9d050460                eraseDir
                0x9d05057c                rmdirhelper
                0x9d05106c                FSrmdir
                0x9d051084                FindFirst
                0x9d051390                FindNext
 .text          0x9d051604     0x1254 build/OLIMEX/production/_ext/779736424/SD-SPI.o
                0x9d051604                MDD_SDSPI_MediaDetect
                0x9d05160c                MDD_SDSPI_ReadSectorSize
                0x9d051614                MDD_SDSPI_ReadCapacity
                0x9d05161c                MDD_SDSPI_InitIO
                0x9d051648                CloseSPIM
                0x9d051660                MDD_SDSPI_ShutdownMedia
                0x9d05168c                MDD_SDSPI_WriteProtectState
                0x9d051694                Delayms
                0x9d0516dc                MDD_SDSPI_ReadMedia
                0x9d051708                WriteSPIM
                0x9d051738                SendMMCCmd
                0x9d0519cc                MDD_SDSPI_AsyncWriteTasks
                0x9d051dfc                MDD_SDSPI_SectorWrite
                0x9d051e8c                MDD_SDSPI_AsyncReadTasks
                0x9d0521b4                MDD_SDSPI_SectorRead
                0x9d05221c                OpenSPIM
                0x9d052298                InitSPISlowMode
                0x9d0522cc                MDD_SDSPI_MediaInitialize
 .text          0x9d052858     0x2438 build/OLIMEX/production/_ext/678306549/usb_device.o
                0x9d052858                USBDeviceInit
                0x9d052a94                USBCtrlEPAllowStatusStage
                0x9d052ba0                USBEnableEndpoint
                0x9d052c70                USBTransferOnePacket
                0x9d052d7c                USBStallEndpoint
                0x9d052e68                USBCancelIO
                0x9d052f64                USBCtrlEPAllowDataStage
                0x9d053174                USBDeviceTasks
 .text          0x9d054c90      0x54c build/OLIMEX/production/_ext/488640762/usb_function_cdc.o
                0x9d054c90                USBCheckCDCRequest
                0x9d054df4                CDCInitEP
                0x9d054e60                USBCDCEventHandler
                0x9d054ed4                getsUSBUSART
                0x9d054f94                putUSBUSART
                0x9d054fbc                putsUSBUSART
                0x9d055008                putrsUSBUSART
                0x9d055054                CDCTxService
 .text          0x9d0551dc     0x1a28 build/OLIMEX/production/_ext/718657706/usb_function_msd.o
                0x9d0551dc                ResetSenseData
                0x9d055238                USBMSDInit
                0x9d055428                USBCheckMSDRequest
                0x9d055588                MSDErrorHandler
                0x9d055744                MSDCheckForErrorCases
                0x9d05584c                MSDWriteHandler
                0x9d055c04                MSDReadHandler
                0x9d055f20                MSDProcessCommandMediaPresent
                0x9d0565c4                MSDProcessCommandMediaAbsent
                0x9d056694                MSDProcessCommand
                0x9d0568e0                MSDTasks
 .text          0x9d056c04      0xa18 build/OLIMEX/production/_ext/1624479370/DrawChar.o
                0x9d056c04                DrawChar
                0x9d0570d8                SetFont
                0x9d057134                initFont
                0x9d057204                UnloadFont
                0x9d0572b0                VideoPutc
                0x9d0574c0                ShowCursor
 .text          0x9d05761c      0x480 build/OLIMEX/production/_ext/1624479370/VT100.o
                0x9d05761c                VT100cls
                0x9d057680                VT100Filter
 .text          0x9d057a9c      0xfa4 build/OLIMEX/production/_ext/1624479370/Video.o
                0x9d057a9c                initVideo
                0x9d057d9c                T3Interrupt
                0x9d057f74                plot
                0x9d057ffc                pixel
                0x9d058068                MMcls
                0x9d058088                MMline
                0x9d0582a0                MMbox
                0x9d0583d0                MMCircle
 .text          0x9d058a40     0x170c build/OLIMEX/production/_ext/2129892895/GameDuino.o
                0x9d058a40                StartSpi
                0x9d058ae8                GDReadB
                0x9d058c84                GDWriteB
                0x9d058dd4                GDFill
                0x9d058f18                fun_GDInit
                0x9d059030                GDInit
                0x9d0591c8                GDCopy
                0x9d059310                cmd_GDFill
                0x9d0593a4                GDWriteW
                0x9d059518                cmd_GDPlayWav
                0x9d059520                cmd_GDWriteB
                0x9d05959c                cmd_GDWriteW
                0x9d05962c                fun_GDReadB
                0x9d0596d0                fun_GDReadW
                0x9d059914                cmd_GDSpriteC
                0x9d059a4c                GDXsprite
                0x9d059b50                GDLoadF
                0x9d059d94                cmd_GDLoadF
                0x9d059e00                cmd_GDWaitVblank
                0x9d059e3c                fun_GDRGB
                0x9d059ee4                cmd_GDVoices
 .text          0x9d05a14c      0x4b8 build/OLIMEX/production/_ext/179026188/Keyboard.o
                0x9d05a14c                initKeyboard
                0x9d05a1c8                CNInterrupt
 .text          0x9d05a604     0x1830 build/OLIMEX/production/_ext/1728301206/Main.o
                0x9d05a604                mySetLineCodingHandler
                0x9d05a638                T1Interrupt
                0x9d05a974                USBCBSuspend
                0x9d05a97c                USBCBWakeFromSuspend
                0x9d05a984                USBCB_SOF_Handler
                0x9d05a98c                USBCBErrorHandler
                0x9d05a994                USBCBCheckOtherReq
                0x9d05a9b0                USBCBStdSetDscHandler
                0x9d05a9b8                USBCBInitEP
                0x9d05a9e0                USBCBSendResume
                0x9d05aa6c                USER_USB_CALLBACK_EVENT_HANDLER
                0x9d05aae4                MMInkeyTask
                0x9d05ab7c                MMInkey
                0x9d05af80                MMgetchar
                0x9d05afe0                USBPutchar
                0x9d05b0b8                MMputchar
                0x9d05b20c                MMPrintString
                0x9d05b3b8                main
                0x9d05bdf8                _general_exception_handler
 .text          0x9d05be34     0x1458 build/OLIMEX/production/_ext/2129892895/RTC.o
                0x9d05be34                dayofweek
                0x9d05bec0                cmd_SDEnable
                0x9d05bf1c                cmd_SDDisable
                0x9d05bf64                cmd_mmss
                0x9d05bfb0                fun_mmss
                0x9d05c008                ReadRTCC
                0x9d05c16c                I2CRXByte
                0x9d05c224                WriteRTC
                0x9d05c4bc                WriteRTCC
                0x9d05c71c                ReadRTC
                0x9d05ccb8                PrintDateTime
                0x9d05ce98                cmd_sleep
                0x9d05d15c                fun_mmsleep
                0x9d05d180                RtccIsr
 *fill*         0x9d05d28c      0xd74 00000000
 .text          0x9d05e000     0x3000 build/OLIMEX/production/_ext/1728301206/Setup.o
                0x9d05e000                SetupInFlash
                0x9d05f000                SaveSetup
                0x9d05f0b8                SetupDefaults
                0x9d05f1b0                LoadSetup
                0x9d05f248                SetupMainMenu
                0x9d05f668                GetInt
                0x9d05f6a8                PrintInt
                0x9d05f6e4                CustomVideoMode
                0x9d05f8f4                PrintCustomMode
                0x9d05fb34                fun_setup
                0x9d05fbc4                cmd_setup
 .text          0x9d061000      0x5f0 build/OLIMEX/production/_ext/1728301206/Term.o
                0x9d061000                UpdateMenu
                0x9d0610dc                ScrollWindow
                0x9d061164                cmd_term
 .text          0x9d0615f0      0x358 build/OLIMEX/production/_ext/1123757107/Timers.o
                0x9d0615f0                initTimers
                0x9d061660                T4Interrupt
 .text          0x9d061948     0x15a0 build/OLIMEX/production/_ext/1091586137/serial.o
                0x9d061948                SerialOpen
                0x9d0620c4                SerialClose
                0x9d0622e8                SerialPutchar
                0x9d0624e8                SerialRxStatus
                0x9d06259c                SerialTxStatus
                0x9d062650                SerialGetchar
                0x9d0627a8                T5Interrupt
                0x9d062e38                IntUart2Handler
 .text          0x9d062ee8      0x108 E:/Olimex/Compilers/Microchip/MPLAB C32 1_11B/bin/../lib/gcc/pic32mx/3.4.4/../../../../pic32mx/lib/speed\libc.a(setjmp.o)
                0x9d062ee8                setjmp
                0x9d062f20                _setjmp
                0x9d062f58                longjmp
                0x9d062f84                _longjmp
                0x9d062fb8                sigsetjmp
                0x9d062fc8                siglongjmp
                0x9d062fdc                sigprocmask
 .text          0x9d062ff0       0x98 E:/Olimex/Compilers/Microchip/MPLAB C32 1_11B/bin/../lib/gcc/pic32mx/3.4.4/../../../../pic32mx/lib/speed\libc.a(memcmp.o)
                0x9d062ff0                memcmp
 .text          0x9d063088      0x168 E:/Olimex/Compilers/Microchip/MPLAB C32 1_11B/bin/../lib/gcc/pic32mx/3.4.4/../../../../pic32mx/lib/speed\libc.a(memcpy.o)
                0x9d063088                memcpy
 .text          0x9d0631f0       0xa8 E:/Olimex/Compilers/Microchip/MPLAB C32 1_11B/bin/../lib/gcc/pic32mx/3.4.4/../../../../pic32mx/lib/speed\libc.a(memset.o)
                0x9d0631f0                memset
 .text          0x9d063298      0x120 E:/Olimex/Compilers/Microchip/MPLAB C32 1_11B/bin/../lib/gcc/pic32mx/3.4.4/../../../../pic32mx/lib/speed\libc.a(strcmp.o)
                0x9d063298                strcmp
 .text          0x9d0633b8      0x1a0 E:/Olimex/Compilers/Microchip/MPLAB C32 1_11B/bin/../lib/gcc/pic32mx/3.4.4/../../../../pic32mx/lib/speed\libc.a(strcpy.o)
                0x9d0633b8                strcpy
 .text          0x9d063558      0x168 E:/Olimex/Compilers/Microchip/MPLAB C32 1_11B/bin/../lib/gcc/pic32mx/3.4.4/../../../../pic32mx/lib/speed\libc.a(strlen.o)
                0x9d063558                strlen
 .text.general_exception
                0x9d0636c0       0xd0 E:/Olimex/Compilers/Microchip/MPLAB C32 1_11B/bin/../lib/gcc/pic32mx/3.4.4/../../../../pic32mx/lib/speed\libc.a(general-exception.o)
                0x9d0636c0                _general_exception_context
 .text.strcat   0x9d063790       0x9c E:/Olimex/Compilers/Microchip/MPLAB C32 1_11B/bin/../lib/gcc/pic32mx/3.4.4/../../../../pic32mx/lib/speed\libc.a(strcat.o)
                0x9d063790                strcat
 .text.strncmp  0x9d06382c       0xdc E:/Olimex/Compilers/Microchip/MPLAB C32 1_11B/bin/../lib/gcc/pic32mx/3.4.4/../../../../pic32mx/lib/speed\libc.a(strncmp.o)
                0x9d06382c                strncmp
 .text.strncpy  0x9d063908       0xcc E:/Olimex/Compilers/Microchip/MPLAB C32 1_11B/bin/../lib/gcc/pic32mx/3.4.4/../../../../pic32mx/lib/speed\libc.a(strncpy.o)
                0x9d063908                strncpy
 .text.strchr   0x9d0639d4       0x98 E:/Olimex/Compilers/Microchip/MPLAB C32 1_11B/bin/../lib/gcc/pic32mx/3.4.4/../../../../pic32mx/lib/speed\libc.a(strchr.o)
                0x9d0639d4                strchr
 .text.memmove  0x9d063a6c       0x58 E:/Olimex/Compilers/Microchip/MPLAB C32 1_11B/bin/../lib/gcc/pic32mx/3.4.4/../../../../pic32mx/lib/speed\libc.a(memmove.o)
                0x9d063a6c                memmove
 .text.exit     0x9d063ac4       0x10 E:/Olimex/Compilers/Microchip/MPLAB C32 1_11B/bin/../lib/gcc/pic32mx/3.4.4/../../../../pic32mx/lib/speed\libc.a(exit.o)
                0x9d063ac4                exit
 .text.tolower  0x9d063ad4       0x20 E:/Olimex/Compilers/Microchip/MPLAB C32 1_11B/bin/../lib/gcc/pic32mx/3.4.4/../../../../pic32mx/lib/speed\libc.a(ctypef.o)
                0x9d063ad4                tolower
 .text.toupper  0x9d063af4       0x20 E:/Olimex/Compilers/Microchip/MPLAB C32 1_11B/bin/../lib/gcc/pic32mx/3.4.4/../../../../pic32mx/lib/speed\libc.a(ctypef.o)
                0x9d063af4                toupper
 .text.malloc_trim
                0x9d063b14      0x114 E:/Olimex/Compilers/Microchip/MPLAB C32 1_11B/bin/../lib/gcc/pic32mx/3.4.4/../../../../pic32mx/lib/speed\libc.a(malloc.o)
                0x9d063b14                malloc_trim
 .text.free     0x9d063c28      0x24c E:/Olimex/Compilers/Microchip/MPLAB C32 1_11B/bin/../lib/gcc/pic32mx/3.4.4/../../../../pic32mx/lib/speed\libc.a(malloc.o)
                0x9d063c28                free
 .text.malloc   0x9d063e74      0x758 E:/Olimex/Compilers/Microchip/MPLAB C32 1_11B/bin/../lib/gcc/pic32mx/3.4.4/../../../../pic32mx/lib/speed\libc.a(malloc.o)
                0x9d063e74                malloc
 .text.calloc   0x9d0645cc       0xf8 E:/Olimex/Compilers/Microchip/MPLAB C32 1_11B/bin/../lib/gcc/pic32mx/3.4.4/../../../../pic32mx/lib/speed\libc.a(malloc_calloc.o)
                0x9d0645cc                calloc
 .text.rand_r   0x9d0646c4       0x28 E:/Olimex/Compilers/Microchip/MPLAB C32 1_11B/bin/../lib/gcc/pic32mx/3.4.4/../../../../pic32mx/lib/speed\libc.a(rand.o)
                0x9d0646c4                rand_r
 .text.rand     0x9d0646ec       0x48 E:/Olimex/Compilers/Microchip/MPLAB C32 1_11B/bin/../lib/gcc/pic32mx/3.4.4/../../../../pic32mx/lib/speed\libc.a(rand.o)
                0x9d0646ec                rand
 .text.srand    0x9d064734       0x44 E:/Olimex/Compilers/Microchip/MPLAB C32 1_11B/bin/../lib/gcc/pic32mx/3.4.4/../../../../pic32mx/lib/speed\libc.a(rand.o)
                0x9d064734                srand
 .text.strtol   0x9d064778      0x1f0 E:/Olimex/Compilers/Microchip/MPLAB C32 1_11B/bin/../lib/gcc/pic32mx/3.4.4/../../../../pic32mx/lib/speed\libc.a(strtol.o)
                0x9d064778                strtol
 .text.strtod   0x9d064968        0x8 E:/Olimex/Compilers/Microchip/MPLAB C32 1_11B/bin/../lib/gcc/pic32mx/3.4.4/../../../../pic32mx/lib/speed\libc.a(strtod.o)
                0x9d064968                strtod
 .text.sprintf  0x9d064970       0x34 E:/Olimex/Compilers/Microchip/MPLAB C32 1_11B/bin/../lib/gcc/pic32mx/3.4.4/../../../../pic32mx/lib/speed\libc.a(sprintf.o)
                0x9d064970                sprintf
                0x9d064970                _isprintf
 .text.__vsnprintf
                0x9d0649a4       0x60 E:/Olimex/Compilers/Microchip/MPLAB C32 1_11B/bin/../lib/gcc/pic32mx/3.4.4/../../../../pic32mx/lib/speed\libc.a(__vsnprintf.o)
                0x9d0649a4                __ivsnprintf
                0x9d0649a4                __vsnprintf
 .text._weak_pthread_mutex_lock
                0x9d064a04        0x8 E:/Olimex/Compilers/Microchip/MPLAB C32 1_11B/bin/../lib/gcc/pic32mx/3.4.4/../../../../pic32mx/lib/speed\libc.a(stubs.o)
                0x9d064a04                pthread_mutex_lock
                0x9d064a04                _weak_pthread_mutex_lock
 .text._weak_pthread_mutex_unlock
                0x9d064a0c        0x8 E:/Olimex/Compilers/Microchip/MPLAB C32 1_11B/bin/../lib/gcc/pic32mx/3.4.4/../../../../pic32mx/lib/speed\libc.a(stubs.o)
                0x9d064a0c                pthread_mutex_unlock
                0x9d064a0c                _weak_pthread_mutex_unlock
 .text._weak__libc_private_storage
                0x9d064a14        0x8 E:/Olimex/Compilers/Microchip/MPLAB C32 1_11B/bin/../lib/gcc/pic32mx/3.4.4/../../../../pic32mx/lib/speed\libc.a(stubs.o)
                0x9d064a14                _libc_private_storage
                0x9d064a14                _weak__libc_private_storage
 .text.getpagesize
                0x9d064a1c        0x8 E:/Olimex/Compilers/Microchip/MPLAB C32 1_11B/bin/../lib/gcc/pic32mx/3.4.4/../../../../pic32mx/lib/speed\libc.a(sbrk.o)
                0x9d064a1c                getpagesize
 .text._stub_sbd_memlayout
                0x9d064a24       0x2c E:/Olimex/Compilers/Microchip/MPLAB C32 1_11B/bin/../lib/gcc/pic32mx/3.4.4/../../../../pic32mx/lib/speed\libc.a(sbrk.o)
                0x9d064a24                _stub_sbd_memlayout
                0x9d064a24                _sbd_memlayout
 .text._sbrk_init
                0x9d064a50      0x168 E:/Olimex/Compilers/Microchip/MPLAB C32 1_11B/bin/../lib/gcc/pic32mx/3.4.4/../../../../pic32mx/lib/speed\libc.a(sbrk.o)
                0x9d064a50                _sbrk_init
 .text._sbrk    0x9d064bb8       0xe8 E:/Olimex/Compilers/Microchip/MPLAB C32 1_11B/bin/../lib/gcc/pic32mx/3.4.4/../../../../pic32mx/lib/speed\libc.a(sbrk.o)
                0x9d064bb8                _sbrk
 .text.sbrk     0x9d064ca0       0x5c E:/Olimex/Compilers/Microchip/MPLAB C32 1_11B/bin/../lib/gcc/pic32mx/3.4.4/../../../../pic32mx/lib/speed\libc.a(sbrk.o)
                0x9d064ca0                sbrk
 .text._bootstrap_exception_handler
                0x9d064cfc        0x8 E:/Olimex/Compilers/Microchip/MPLAB C32 1_11B/bin/../lib/gcc/pic32mx/3.4.4/../../../../pic32mx/lib/speed\libc.a(default-bootstrap-exception-handler.o)
                0x9d064cfc                _bootstrap_exception_handler
 .text._on_reset
                0x9d064d04        0x8 E:/Olimex/Compilers/Microchip/MPLAB C32 1_11B/bin/../lib/gcc/pic32mx/3.4.4/../../../../pic32mx/lib/speed\libc.a(default-on-reset.o)
                0x9d064d04                _on_reset
 .text._on_bootstrap
                0x9d064d0c        0x8 E:/Olimex/Compilers/Microchip/MPLAB C32 1_11B/bin/../lib/gcc/pic32mx/3.4.4/../../../../pic32mx/lib/speed\libc.a(default-on-bootstrap.o)
                0x9d064d0c                _on_bootstrap
 .text          0x9d064d14       0x18 E:/Olimex/Compilers/Microchip/MPLAB C32 1_11B/bin/../lib/gcc/pic32mx/3.4.4/../../../../pic32mx/lib/speed\libc.a(default-nmi-handler.o)
                0x9d064d14                _nmi_handler
 .text._exit    0x9d064d2c        0x8 E:/Olimex/Compilers/Microchip/MPLAB C32 1_11B/bin/../lib/gcc/pic32mx/3.4.4/../../../../pic32mx/lib/speed\libc.a(_exit.o)
                0x9d064d2c                _exit
 .text.__sputn  0x9d064d34       0x70 E:/Olimex/Compilers/Microchip/MPLAB C32 1_11B/bin/../lib/gcc/pic32mx/3.4.4/../../../../pic32mx/lib/speed\libc.a(_doprnt.o)
 .text.repl     0x9d064da4       0x7c E:/Olimex/Compilers/Microchip/MPLAB C32 1_11B/bin/../lib/gcc/pic32mx/3.4.4/../../../../pic32mx/lib/speed\libc.a(_doprnt.o)
 .text._outcnvrt
                0x9d064e20       0xe4 E:/Olimex/Compilers/Microchip/MPLAB C32 1_11B/bin/../lib/gcc/pic32mx/3.4.4/../../../../pic32mx/lib/speed\libc.a(_doprnt.o)
 .text.rounded  0x9d064f04      0x140 E:/Olimex/Compilers/Microchip/MPLAB C32 1_11B/bin/../lib/gcc/pic32mx/3.4.4/../../../../pic32mx/lib/speed\libc.a(_doprnt.o)
 .text.vfprintf
                0x9d065044     0x14ac E:/Olimex/Compilers/Microchip/MPLAB C32 1_11B/bin/../lib/gcc/pic32mx/3.4.4/../../../../pic32mx/lib/speed\libc.a(_doprnt.o)
                0x9d065044                _ivfprintf
                0x9d065044                vfprintf
 .text._filbuf_string
                0x9d0664f0        0x8 E:/Olimex/Compilers/Microchip/MPLAB C32 1_11B/bin/../lib/gcc/pic32mx/3.4.4/../../../../pic32mx/lib/speed\libc.a(_iobstring.o)
 .text._flsbuf_string
                0x9d0664f8        0x8 E:/Olimex/Compilers/Microchip/MPLAB C32 1_11B/bin/../lib/gcc/pic32mx/3.4.4/../../../../pic32mx/lib/speed\libc.a(_iobstring.o)
 .text._fflush_string
                0x9d066500        0x8 E:/Olimex/Compilers/Microchip/MPLAB C32 1_11B/bin/../lib/gcc/pic32mx/3.4.4/../../../../pic32mx/lib/speed\libc.a(_iobstring.o)
 .text._fwrite_string
                0x9d066508        0x8 E:/Olimex/Compilers/Microchip/MPLAB C32 1_11B/bin/../lib/gcc/pic32mx/3.4.4/../../../../pic32mx/lib/speed\libc.a(_iobstring.o)
 .text._fsync_string
                0x9d066510        0x8 E:/Olimex/Compilers/Microchip/MPLAB C32 1_11B/bin/../lib/gcc/pic32mx/3.4.4/../../../../pic32mx/lib/speed\libc.a(_iobstring.o)
 .text.fputc    0x9d066518       0xac E:/Olimex/Compilers/Microchip/MPLAB C32 1_11B/bin/../lib/gcc/pic32mx/3.4.4/../../../../pic32mx/lib/speed\libc.a(fputc.o)
                0x9d066518                fputc
 .text          0x9d0665c4      0x5c8 E:/Olimex/Compilers/Microchip/MPLAB C32 1_11B/bin/../lib/gcc/pic32mx/3.4.4/../../../../pic32mx/lib/speed\libm.a(mod32.o)
                0x9d0665c4                fmod
                0x9d0665c4                dpfmod
                0x9d066864                frexp
                0x9d066864                dpfrexp
                0x9d066908                __mchp_ldexp
                0x9d066908                dpldexp
                0x9d066a70                modf
                0x9d066a70                dpmodf
 .text.pow      0x9d066b8c      0x178 E:/Olimex/Compilers/Microchip/MPLAB C32 1_11B/bin/../lib/gcc/pic32mx/3.4.4/../../../../pic32mx/lib/speed\libm.a(w_pow.o)
                0x9d066b8c                pow
 .text          0x9d066d04      0xa08 E:/Olimex/Compilers/Microchip/MPLAB C32 1_11B/bin/../lib/gcc/pic32mx/3.4.4/../../../../pic32mx/lib/speed\libm.a(fparc32.o)
                0x9d066d04                fpexatan
                0x9d067050                atanf
                0x9d067050                fpatan
                0x9d0670ec                __mchp_atan2f
                0x9d0670ec                fpatan2
                0x9d067330                fpasin
                0x9d067330                __mchp_asinf
                0x9d067508                fpacos
                0x9d067508                __mchp_acosf
 .text          0x9d06770c       0xb0 E:/Olimex/Compilers/Microchip/MPLAB C32 1_11B/bin/../lib/gcc/pic32mx/3.4.4/../../../../pic32mx/lib/speed\libm.a(fpfloo32.o)
                0x9d06770c                floorf
                0x9d06770c                fpfloor
 .text          0x9d0677bc     0x1128 E:/Olimex/Compilers/Microchip/MPLAB C32 1_11B/bin/../lib/gcc/pic32mx/3.4.4/../../../../pic32mx/lib/speed\libm.a(dp32.o)
                0x9d0677bc                __subdf3
                0x9d0677bc                dpsub
                0x9d0677c4                dpadd
                0x9d0677c4                __adddf3
                0x9d067be8                dpmul
                0x9d067be8                __muldf3
                0x9d067f10                dpdiv
                0x9d067f10                __divdf3
                0x9d0683c4                __floatsidf
                0x9d0683c4                litodp
                0x9d068438                ultodp
                0x9d068488                fptodp
                0x9d068488                __extendsfdf2
                0x9d06852c                __truncdfsf2
                0x9d06852c                dptofp
                0x9d068624                dptoli
                0x9d068624                __fixdfsi
                0x9d0686ac                __fixunsdfsi
                0x9d0686ac                dptoul
                0x9d068730                __nedf2
                0x9d068730                __gtdf2
                0x9d068730                __ledf2
                0x9d068730                __ltdf2
                0x9d068730                __gedf2
                0x9d068730                dpcmp
                0x9d068730                __eqdf2
                0x9d068854                __negdf2
                0x9d06886c                fabs
                0x9d06886c                dpfabs
                0x9d068888                nan
                0x9d068888                dpnan
 .text          0x9d0688e4      0x2a0 E:/Olimex/Compilers/Microchip/MPLAB C32 1_11B/bin/../lib/gcc/pic32mx/3.4.4/../../../../pic32mx/lib/speed\libm.a(fpsqrt32.o)
                0x9d0688e4                fpexsqrt
                0x9d0689dc                fpsqrt
                0x9d0689dc                __mchp_sqrtf
 .text.sqrtf    0x9d068b84       0x54 E:/Olimex/Compilers/Microchip/MPLAB C32 1_11B/bin/../lib/gcc/pic32mx/3.4.4/../../../../pic32mx/lib/speed\libm.a(w_sqrtf.o)
                0x9d068b84                sqrtf
 .text          0x9d068bd8      0x8ec E:/Olimex/Compilers/Microchip/MPLAB C32 1_11B/bin/../lib/gcc/pic32mx/3.4.4/../../../../pic32mx/lib/speed\libm.a(fp32.o)
                0x9d068bd8                __subsf3
                0x9d068bd8                fpsub
                0x9d068be0                fpadd
                0x9d068be0                __addsf3
                0x9d068e4c                fpmul
                0x9d068e4c                __mulsf3
                0x9d069004                fpdiv
                0x9d069004                __divsf3
                0x9d069230                litofp
                0x9d069230                sitofp
                0x9d069230                __floatsisf
                0x9d06928c                uitofp
                0x9d06928c                ultofp
                0x9d0692d8                fptosi
                0x9d0692d8                fptoli
                0x9d0692d8                __fixsfsi
                0x9d069350                __fixunssfsi
                0x9d069350                fptoul
                0x9d069350                fptoui
                0x9d0693c4                __eqsf2
                0x9d0693c4                __nesf2
                0x9d0693c4                __lesf2
                0x9d0693c4                __ltsf2
                0x9d0693c4                fpcmp
                0x9d0693c4                __gtsf2
                0x9d0693c4                __gesf2
                0x9d069458                fpfabs
                0x9d069458                fabsf
                0x9d069468                __negsf2
                0x9d069478                fpnan
                0x9d069478                nanf
 .text.logf     0x9d0694c4       0xcc E:/Olimex/Compilers/Microchip/MPLAB C32 1_11B/bin/../lib/gcc/pic32mx/3.4.4/../../../../pic32mx/lib/speed\libm.a(w_logf.o)
                0x9d0694c4                logf
 .text.expf     0x9d069590       0x78 E:/Olimex/Compilers/Microchip/MPLAB C32 1_11B/bin/../lib/gcc/pic32mx/3.4.4/../../../../pic32mx/lib/speed\libm.a(w_expf.o)
                0x9d069590                expf
 .text          0x9d069608      0x1a8 E:/Olimex/Compilers/Microchip/MPLAB C32 1_11B/bin/../lib/gcc/pic32mx/3.4.4/../../../../pic32mx/lib/speed\libm.a(fptan32.o)
                0x9d069608                tanf
                0x9d069608                fptan
 .text          0x9d0697b0      0x114 E:/Olimex/Compilers/Microchip/MPLAB C32 1_11B/bin/../lib/gcc/pic32mx/3.4.4/../../../../pic32mx/lib/speed\libm.a(fpcos32.o)
                0x9d0697b0                cosf
                0x9d0697b0                fpcos
 .text          0x9d0698c4      0x118 E:/Olimex/Compilers/Microchip/MPLAB C32 1_11B/bin/../lib/gcc/pic32mx/3.4.4/../../../../pic32mx/lib/speed\libm.a(fpsin32.o)
                0x9d0698c4                fpsin
                0x9d0698c4                sinf
 .text          0x9d0699dc      0x108 E:/Olimex/Compilers/Microchip/MPLAB C32 1_11B/bin/../lib/gcc/pic32mx/3.4.4/../../../../pic32mx/lib/speed\libm.a(fpreduct32.o)
                0x9d0699dc                fpreduct
 .text          0x9d069ae4      0x520 E:/Olimex/Compilers/Microchip/MPLAB C32 1_11B/bin/../lib/gcc/pic32mx/3.4.4/../../../../pic32mx/lib/speed\libm.a(pow32.o)
                0x9d069ae4                dppow
                0x9d069ae4                __mchp_pow
 .text          0x9d06a004      0x5d8 E:/Olimex/Compilers/Microchip/MPLAB C32 1_11B/bin/../lib/gcc/pic32mx/3.4.4/../../../../pic32mx/lib/speed\libm.a(log32.o)
                0x9d06a004                exlog
                0x9d06a2ec                __mchp_log
                0x9d06a2ec                dplog
                0x9d06a448                __mchp_log10
                0x9d06a448                dplog10
 .text          0x9d06a5dc      0x5d4 E:/Olimex/Compilers/Microchip/MPLAB C32 1_11B/bin/../lib/gcc/pic32mx/3.4.4/../../../../pic32mx/lib/speed\libm.a(func32.o)
                0x9d06a5dc                sigmax
                0x9d06a6e4                exmul
                0x9d06a7b0                exadd
                0x9d06a89c                exsub
                0x9d06a94c                exdiv
 .text          0x9d06abb0      0x45c E:/Olimex/Compilers/Microchip/MPLAB C32 1_11B/bin/../lib/gcc/pic32mx/3.4.4/../../../../pic32mx/lib/speed\libm.a(fplog32.o)
                0x9d06abb0                fpexlog
                0x9d06ae60                __mchp_logf
                0x9d06ae60                fplog
                0x9d06af20                __mchp_log10f
                0x9d06af20                fplog10
 .text          0x9d06b00c      0x200 E:/Olimex/Compilers/Microchip/MPLAB C32 1_11B/bin/../lib/gcc/pic32mx/3.4.4/../../../../pic32mx/lib/speed\libm.a(fpexp32.o)
                0x9d06b00c                fpexexp
                0x9d06b124                __mchp_expf
                0x9d06b124                fpexp
 .text          0x9d06b20c      0x340 E:/Olimex/Compilers/Microchip/MPLAB C32 1_11B/bin/../lib/gcc/pic32mx/3.4.4/../../../../pic32mx/lib/speed\libm.a(exp32.o)
                0x9d06b20c                exexp
                0x9d06b3f0                __mchp_exp
                0x9d06b3f0                dpexp
 .text.__strtod
                0x9d06b54c      0x444 E:/Olimex/Compilers/Microchip/MPLAB C32 1_11B/bin/../lib/gcc/pic32mx/3.4.4/../../../../pic32mx/lib/speed\libe.a(_strtod.o)
                0x9d06b54c                __strtod
 .text.__ldexp  0x9d06b990      0x220 E:/Olimex/Compilers/Microchip/MPLAB C32 1_11B/bin/../lib/gcc/pic32mx/3.4.4/../../../../pic32mx/lib/speed\libe.a(_ldexp.o)
                0x9d06b990                __ldexp
 .text.ReadCoreTimer
                0x9d06bbb0        0x8 E:/Olimex/Compilers/Microchip/MPLAB C32 1_11B/bin/../lib/gcc/pic32mx/3.4.4/../../../../pic32mx/lib/speed\libmchp_peripheral.a(read_core_timer_lib.o)
                0x9d06bbb0                ReadCoreTimer
 .text.WriteCoreTimer
                0x9d06bbb8        0x8 E:/Olimex/Compilers/Microchip/MPLAB C32 1_11B/bin/../lib/gcc/pic32mx/3.4.4/../../../../pic32mx/lib/speed\libmchp_peripheral.a(write_core_timer_lib.o)
                0x9d06bbb8                WriteCoreTimer
 .text.SoftReset
                0x9d06bbc0       0x78 E:/Olimex/Compilers/Microchip/MPLAB C32 1_11B/bin/../lib/gcc/pic32mx/3.4.4/../../../../pic32mx/lib/speed\libmchp_peripheral_32MX795F512H.a(soft_reset_lib.o)
                0x9d06bbc0                SoftReset
 .text.CheKseg0CacheOn
                0x9d06bc38       0x18 E:/Olimex/Compilers/Microchip/MPLAB C32 1_11B/bin/../lib/gcc/pic32mx/3.4.4/../../../../pic32mx/lib/speed\libmchp_peripheral_32MX795F512H.a(pcache.o)
                0x9d06bc38                CheKseg0CacheOn
 .text.INTEnableInterrupts
                0x9d06bc50        0x8 E:/Olimex/Compilers/Microchip/MPLAB C32 1_11B/bin/../lib/gcc/pic32mx/3.4.4/../../../../pic32mx/lib/speed\libmchp_peripheral_32MX795F512H.a(int_enable_interrupts_lib.o)
                0x9d06bc50                INTEnableInterrupts
 .text.INTDisableInterrupts
                0x9d06bc58        0x8 E:/Olimex/Compilers/Microchip/MPLAB C32 1_11B/bin/../lib/gcc/pic32mx/3.4.4/../../../../pic32mx/lib/speed\libmchp_peripheral_32MX795F512H.a(int_disable_interrupts_lib.o)
                0x9d06bc58                INTDisableInterrupts
 .text.INTRestoreInterrupts
                0x9d06bc60       0x1c E:/Olimex/Compilers/Microchip/MPLAB C32 1_11B/bin/../lib/gcc/pic32mx/3.4.4/../../../../pic32mx/lib/speed\libmchp_peripheral_32MX795F512H.a(int_restore_interrupts_lib.o)
                0x9d06bc60                INTRestoreInterrupts
 .text.INTEnableSystemMultiVectoredInt
                0x9d06bc7c       0x34 E:/Olimex/Compilers/Microchip/MPLAB C32 1_11B/bin/../lib/gcc/pic32mx/3.4.4/../../../../pic32mx/lib/speed\libmchp_peripheral_32MX795F512H.a(int_enable_mv_int_lib.o)
                0x9d06bc7c                INTEnableSystemMultiVectoredInt
 .text.INTClearFlag
                0x9d06bcb0       0x2c E:/Olimex/Compilers/Microchip/MPLAB C32 1_11B/bin/../lib/gcc/pic32mx/3.4.4/../../../../pic32mx/lib/speed\libmchp_peripheral_32MX795F512H.a(int_tbl_lib.o)
                0x9d06bcb0                INTClearFlag
 .text.INTEnable
                0x9d06bcdc       0x44 E:/Olimex/Compilers/Microchip/MPLAB C32 1_11B/bin/../lib/gcc/pic32mx/3.4.4/../../../../pic32mx/lib/speed\libmchp_peripheral_32MX795F512H.a(int_tbl_lib.o)
                0x9d06bcdc                INTEnable
 .text.RtccAlarmDisable
                0x9d06bd20       0x2c E:/Olimex/Compilers/Microchip/MPLAB C32 1_11B/bin/../lib/gcc/pic32mx/3.4.4/../../../../pic32mx/lib/speed\libmchp_peripheral_32MX795F512H.a(rtcc_alarm_disable_lib.o)
                0x9d06bd20                RtccAlarmDisable
 .text.RtccAlarmEnable
                0x9d06bd4c       0x2c E:/Olimex/Compilers/Microchip/MPLAB C32 1_11B/bin/../lib/gcc/pic32mx/3.4.4/../../../../pic32mx/lib/speed\libmchp_peripheral_32MX795F512H.a(rtcc_alarm_enable_lib.o)
                0x9d06bd4c                RtccAlarmEnable
 .text.RtccChimeEnable
                0x9d06bd78       0x2c E:/Olimex/Compilers/Microchip/MPLAB C32 1_11B/bin/../lib/gcc/pic32mx/3.4.4/../../../../pic32mx/lib/speed\libmchp_peripheral_32MX795F512H.a(rtcc_chime_enable_lib.o)
                0x9d06bd78                RtccChimeEnable
 .text.RtccInit
                0x9d06bda4      0x17c E:/Olimex/Compilers/Microchip/MPLAB C32 1_11B/bin/../lib/gcc/pic32mx/3.4.4/../../../../pic32mx/lib/speed\libmchp_peripheral_32MX795F512H.a(rtcc_init_lib.o)
                0x9d06bda4                RtccInit
 .text.RtccSetAlarmRptCount
                0x9d06bf20       0x30 E:/Olimex/Compilers/Microchip/MPLAB C32 1_11B/bin/../lib/gcc/pic32mx/3.4.4/../../../../pic32mx/lib/speed\libmchp_peripheral_32MX795F512H.a(rtcc_set_alarm_rpt_count_lib.o)
                0x9d06bf20                RtccSetAlarmRptCount
 .text.RtccSetAlarmRpt
                0x9d06bf50       0x34 E:/Olimex/Compilers/Microchip/MPLAB C32 1_11B/bin/../lib/gcc/pic32mx/3.4.4/../../../../pic32mx/lib/speed\libmchp_peripheral_32MX795F512H.a(rtcc_set_alarm_rpt_lib.o)
                0x9d06bf50                RtccSetAlarmRpt
 .text.RtccSetAlarmTimeDate
                0x9d06bf84       0x28 E:/Olimex/Compilers/Microchip/MPLAB C32 1_11B/bin/../lib/gcc/pic32mx/3.4.4/../../../../pic32mx/lib/speed\libmchp_peripheral_32MX795F512H.a(rtcc_set_alarm_time_date_lib.o)
                0x9d06bf84                RtccSetAlarmTimeDate
 .text.RtccSetTimeDate
                0x9d06bfac       0x28 E:/Olimex/Compilers/Microchip/MPLAB C32 1_11B/bin/../lib/gcc/pic32mx/3.4.4/../../../../pic32mx/lib/speed\libmchp_peripheral_32MX795F512H.a(rtcc_set_time_date_lib.o)
                0x9d06bfac                RtccSetTimeDate
 .text.RtccOpen
                0x9d06bfd4      0x1bc E:/Olimex/Compilers/Microchip/MPLAB C32 1_11B/bin/../lib/gcc/pic32mx/3.4.4/../../../../pic32mx/lib/speed\libmchp_peripheral_32MX795F512H.a(rtcc_open_lib.o)
                0x9d06bfd4                RtccOpen
 .text.SpiChnClose
                0x9d06c190       0xbc E:/Olimex/Compilers/Microchip/MPLAB C32 1_11B/bin/../lib/gcc/pic32mx/3.4.4/../../../../pic32mx/lib/speed\libmchp_peripheral_32MX795F512H.a(spi_chn_close_lib.o)
                0x9d06c190                SpiChnClose
 .text.SpiChnGetC
                0x9d06c24c       0x50 E:/Olimex/Compilers/Microchip/MPLAB C32 1_11B/bin/../lib/gcc/pic32mx/3.4.4/../../../../pic32mx/lib/speed\libmchp_peripheral_32MX795F512H.a(spi_chn_getc_lib.o)
                0x9d06c24c                SpiChnGetC
 .text.SpiChnOpen
                0x9d06c29c      0x144 E:/Olimex/Compilers/Microchip/MPLAB C32 1_11B/bin/../lib/gcc/pic32mx/3.4.4/../../../../pic32mx/lib/speed\libmchp_peripheral_32MX795F512H.a(spi_chn_open_lib.o)
                0x9d06c29c                SpiChnOpen
 .text.SpiChnPutC
                0x9d06c3e0       0x50 E:/Olimex/Compilers/Microchip/MPLAB C32 1_11B/bin/../lib/gcc/pic32mx/3.4.4/../../../../pic32mx/lib/speed\libmchp_peripheral_32MX795F512H.a(spi_chn_putc_lib.o)
                0x9d06c3e0                SpiChnPutC
 .text.PowerSaveSleep
                0x9d06c430       0xd0 E:/Olimex/Compilers/Microchip/MPLAB C32 1_11B/bin/../lib/gcc/pic32mx/3.4.4/../../../../pic32mx/lib/speed\libmchp_peripheral_32MX795F512H.a(power_sleep_lib.o)
                0x9d06c430                PowerSaveSleep
 .text.NVMErasePage
                0x9d06c500       0x34 E:/Olimex/Compilers/Microchip/MPLAB C32 1_11B/bin/../lib/gcc/pic32mx/3.4.4/../../../../pic32mx/lib/speed\libmchp_peripheral_32MX795F512H.a(nvm_erase_page_lib.o)
                0x9d06c500                NVMErasePage
 .text._NVMOperation
                0x9d06c534       0xf0 E:/Olimex/Compilers/Microchip/MPLAB C32 1_11B/bin/../lib/gcc/pic32mx/3.4.4/../../../../pic32mx/lib/speed\libmchp_peripheral_32MX795F512H.a(nvm_operation_lib.o)
                0x9d06c534                _NVMOperation
 .text.NVMWriteRow
                0x9d06c624       0x40 E:/Olimex/Compilers/Microchip/MPLAB C32 1_11B/bin/../lib/gcc/pic32mx/3.4.4/../../../../pic32mx/lib/speed\libmchp_peripheral_32MX795F512H.a(nvm_write_row_lib.o)
                0x9d06c624                NVMWriteRow
 .text.NVMWriteWord
                0x9d06c664       0x3c E:/Olimex/Compilers/Microchip/MPLAB C32 1_11B/bin/../lib/gcc/pic32mx/3.4.4/../../../../pic32mx/lib/speed\libmchp_peripheral_32MX795F512H.a(nvm_write_word_lib.o)
                0x9d06c664                NVMWriteWord
 .text.DmaChnOpen
                0x9d06c6a0       0xf4 E:/Olimex/Compilers/Microchip/MPLAB C32 1_11B/bin/../lib/gcc/pic32mx/3.4.4/../../../../pic32mx/lib/speed\libmchp_peripheral_32MX795F512H.a(dma_chn_open_lib.o)
                0x9d06c6a0                DmaChnOpen
 .text.DmaChnEnable
                0x9d06c794       0x28 E:/Olimex/Compilers/Microchip/MPLAB C32 1_11B/bin/../lib/gcc/pic32mx/3.4.4/../../../../pic32mx/lib/speed\libmchp_peripheral_32MX795F512H.a(dma_chn_enable_lib.o)
                0x9d06c794                DmaChnEnable
 .text.DmaChnSetControlFlags
                0x9d06c7bc       0x24 E:/Olimex/Compilers/Microchip/MPLAB C32 1_11B/bin/../lib/gcc/pic32mx/3.4.4/../../../../pic32mx/lib/speed\libmchp_peripheral_32MX795F512H.a(dma_chn_set_control_flags_lib.o)
                0x9d06c7bc                DmaChnSetControlFlags
 .text.DmaChnWriteEventControlFlags
                0x9d06c7e0       0x30 E:/Olimex/Compilers/Microchip/MPLAB C32 1_11B/bin/../lib/gcc/pic32mx/3.4.4/../../../../pic32mx/lib/speed\libmchp_peripheral_32MX795F512H.a(dma_chn_write_event_control_flags_lib.o)
                0x9d06c7e0                DmaChnWriteEventControlFlags
 .text.DmaChnSetTxfer
                0x9d06c810       0x70 E:/Olimex/Compilers/Microchip/MPLAB C32 1_11B/bin/../lib/gcc/pic32mx/3.4.4/../../../../pic32mx/lib/speed\libmchp_peripheral_32MX795F512H.a(dma_chn_set_txfer_lib.o)
                0x9d06c810                DmaChnSetTxfer
 .text.PORTResetPins
                0x9d06c880       0x2c E:/Olimex/Compilers/Microchip/MPLAB C32 1_11B/bin/../lib/gcc/pic32mx/3.4.4/../../../../pic32mx/lib/speed\libmchp_peripheral_32MX795F512H.a(port_reset_pins_lib.o)
                0x9d06c880                PORTResetPins
 .text.PORTSetPinsDigitalIn
                0x9d06c8ac       0x40 E:/Olimex/Compilers/Microchip/MPLAB C32 1_11B/bin/../lib/gcc/pic32mx/3.4.4/../../../../pic32mx/lib/speed\libmchp_peripheral_32MX795F512H.a(port_set_pins_digital_in_lib.o)
                0x9d06c8ac                PORTSetPinsDigitalIn
 .text.PORTSetPinsDigitalOut
                0x9d06c8ec       0x40 E:/Olimex/Compilers/Microchip/MPLAB C32 1_11B/bin/../lib/gcc/pic32mx/3.4.4/../../../../pic32mx/lib/speed\libmchp_peripheral_32MX795F512H.a(port_set_pins_digital_out_lib.o)
                0x9d06c8ec                PORTSetPinsDigitalOut
 .text.UARTEnable
                0x9d06c92c       0x70 E:/Olimex/Compilers/Microchip/MPLAB C32 1_11B/bin/../lib/gcc/pic32mx/3.4.4/../../../../pic32mx/lib/speed\libmchp_peripheral_32MX795F512H.a(uart_lib.o)
                0x9d06c92c                UARTEnable
 .text.UARTConfigure
                0x9d06c99c       0x3c E:/Olimex/Compilers/Microchip/MPLAB C32 1_11B/bin/../lib/gcc/pic32mx/3.4.4/../../../../pic32mx/lib/speed\libmchp_peripheral_32MX795F512H.a(uart_lib.o)
                0x9d06c99c                UARTConfigure
 .text.UARTSetDataRate
                0x9d06c9d8       0x5c E:/Olimex/Compilers/Microchip/MPLAB C32 1_11B/bin/../lib/gcc/pic32mx/3.4.4/../../../../pic32mx/lib/speed\libmchp_peripheral_32MX795F512H.a(uart_lib.o)
                0x9d06c9d8                UARTSetDataRate
 .text.UARTSetLineControl
                0x9d06ca34       0x28 E:/Olimex/Compilers/Microchip/MPLAB C32 1_11B/bin/../lib/gcc/pic32mx/3.4.4/../../../../pic32mx/lib/speed\libmchp_peripheral_32MX795F512H.a(uart_lib.o)
                0x9d06ca34                UARTSetLineControl
 .text.I2CByteWasAcknowledged
                0x9d06ca5c       0x24 E:/Olimex/Compilers/Microchip/MPLAB C32 1_11B/bin/../lib/gcc/pic32mx/3.4.4/../../../../pic32mx/lib/speed\libmchp_peripheral_32MX795F512H.a(I2CByteWasAcknowledged.o)
                0x9d06ca5c                I2CByteWasAcknowledged
 .text.I2CConfigure
                0x9d06ca80       0x20 E:/Olimex/Compilers/Microchip/MPLAB C32 1_11B/bin/../lib/gcc/pic32mx/3.4.4/../../../../pic32mx/lib/speed\libmchp_peripheral_32MX795F512H.a(I2CConfigure.o)
                0x9d06ca80                I2CConfigure
 .text.I2CEnable
                0x9d06caa0       0x28 E:/Olimex/Compilers/Microchip/MPLAB C32 1_11B/bin/../lib/gcc/pic32mx/3.4.4/../../../../pic32mx/lib/speed\libmchp_peripheral_32MX795F512H.a(I2CEnable.o)
                0x9d06caa0                I2CEnable
 .text.I2CGetByte
                0x9d06cac8       0x20 E:/Olimex/Compilers/Microchip/MPLAB C32 1_11B/bin/../lib/gcc/pic32mx/3.4.4/../../../../pic32mx/lib/speed\libmchp_peripheral_32MX795F512H.a(I2CGetByte.o)
                0x9d06cac8                I2CGetByte
 .text.I2CReceivedDataIsAvailable
                0x9d06cae8       0x20 E:/Olimex/Compilers/Microchip/MPLAB C32 1_11B/bin/../lib/gcc/pic32mx/3.4.4/../../../../pic32mx/lib/speed\libmchp_peripheral_32MX795F512H.a(I2CReceivedDataIsAvailable.o)
                0x9d06cae8                I2CReceivedDataIsAvailable
 .text.I2CReceiverEnable
                0x9d06cb08       0x34 E:/Olimex/Compilers/Microchip/MPLAB C32 1_11B/bin/../lib/gcc/pic32mx/3.4.4/../../../../pic32mx/lib/speed\libmchp_peripheral_32MX795F512H.a(I2CReceiverEnable.o)
                0x9d06cb08                I2CReceiverEnable
 .text.I2CRepeatStart
                0x9d06cb3c       0x2c E:/Olimex/Compilers/Microchip/MPLAB C32 1_11B/bin/../lib/gcc/pic32mx/3.4.4/../../../../pic32mx/lib/speed\libmchp_peripheral_32MX795F512H.a(I2CRepeatStart.o)
                0x9d06cb3c                I2CRepeatStart
 .text.I2CSendByte
                0x9d06cb68       0x30 E:/Olimex/Compilers/Microchip/MPLAB C32 1_11B/bin/../lib/gcc/pic32mx/3.4.4/../../../../pic32mx/lib/speed\libmchp_peripheral_32MX795F512H.a(I2CSendByte.o)
                0x9d06cb68                I2CSendByte
 .text.I2CSetFrequency
                0x9d06cb98       0x4c E:/Olimex/Compilers/Microchip/MPLAB C32 1_11B/bin/../lib/gcc/pic32mx/3.4.4/../../../../pic32mx/lib/speed\libmchp_peripheral_32MX795F512H.a(I2CSetFrequency.o)
                0x9d06cb98                I2CSetFrequency
 .text.I2CStart
                0x9d06cbe4       0x2c E:/Olimex/Compilers/Microchip/MPLAB C32 1_11B/bin/../lib/gcc/pic32mx/3.4.4/../../../../pic32mx/lib/speed\libmchp_peripheral_32MX795F512H.a(I2CStart.o)
                0x9d06cbe4                I2CStart
 .text.I2CStop  0x9d06cc10       0x24 E:/Olimex/Compilers/Microchip/MPLAB C32 1_11B/bin/../lib/gcc/pic32mx/3.4.4/../../../../pic32mx/lib/speed\libmchp_peripheral_32MX795F512H.a(I2CStop.o)
                0x9d06cc10                I2CStop
 .text._RtccSetAlrmTimeAndDate
                0x9d06cc34       0x54 E:/Olimex/Compilers/Microchip/MPLAB C32 1_11B/bin/../lib/gcc/pic32mx/3.4.4/../../../../pic32mx/lib/speed\libmchp_peripheral_32MX795F512H.a(_rtcc_set_alrm_time_and_date_lib.o)
                0x9d06cc34                _RtccSetAlrmTimeAndDate
 .text._RtccSetTimeAndDate
                0x9d06cc88      0x214 E:/Olimex/Compilers/Microchip/MPLAB C32 1_11B/bin/../lib/gcc/pic32mx/3.4.4/../../../../pic32mx/lib/speed\libmchp_peripheral_32MX795F512H.a(_rtcc_set_time_and_date_lib.o)
                0x9d06cc88                _RtccSetTimeAndDate
 .text._RtccWriteInAlarmWindow
                0x9d06ce9c       0xe0 E:/Olimex/Compilers/Microchip/MPLAB C32 1_11B/bin/../lib/gcc/pic32mx/3.4.4/../../../../pic32mx/lib/speed\libmchp_peripheral_32MX795F512H.a(_rtcc_write_in_alarm_window_lib.o)
                0x9d06ce9c                _RtccWriteInAlarmWindow
 .text._RtccWaitClockOff
                0x9d06cf7c       0xfc E:/Olimex/Compilers/Microchip/MPLAB C32 1_11B/bin/../lib/gcc/pic32mx/3.4.4/../../../../pic32mx/lib/speed\libmchp_peripheral_32MX795F512H.a(_rtcc_wait_clock_off_lib.o)
                0x9d06cf7c                _RtccWaitClockOff
 .text.isinf    0x9d06d078       0x28 E:/Olimex/Compilers/Microchip/MPLAB C32 1_11B/bin/../lib/gcc/pic32mx/3.4.4/../../../../pic32mx/lib/speed\libc.a(isinf.o)
                0x9d06d078                isinf
 .text          0x9d06d0a0      0x47c E:/Olimex/Compilers/Microchip/MPLAB C32 1_11B/bin/../lib/gcc/pic32mx/3.4.4/speed\libgcc.a(_udivdi3.o)
                0x9d06d0a0                __udivdi3
 .text          0x9d06d51c      0x48c E:/Olimex/Compilers/Microchip/MPLAB C32 1_11B/bin/../lib/gcc/pic32mx/3.4.4/speed\libgcc.a(_umoddi3.o)
                0x9d06d51c                __umoddi3
 *(.text.*personality*)
 *(.gnu.warning)
 *(.mips16.fn.*)
 *(.mips16.call.*)
                0x9d06d9a8                _text_end = .

.rodata         0x9d06d9a8     0x739c
 *(.rodata .rodata.* .gnu.linkonce.r.*)
 .rodata.str1.4
                0x9d06d9a8      0x69c build/OLIMEX/production/_ext/2012694729/Commands.o
                                0x6c4 (size before relaxing)
 .rodata.cst4   0x9d06e044       0x10 build/OLIMEX/production/_ext/2012694729/Commands.o
 .rodata        0x9d06e054        0x4 build/OLIMEX/production/_ext/2012694729/Commands.o
 .rodata        0x9d06e058      0xc9c build/OLIMEX/production/_ext/2012694729/Custom.o
 .rodata.str1.4
                0x9d06ecf4      0x354 build/OLIMEX/production/_ext/2012694729/Custom.o
                                0x36c (size before relaxing)
 .rodata.cst4   0x9d06f048        0x8 build/OLIMEX/production/_ext/2012694729/Custom.o
                                  0xc (size before relaxing)
 .rodata.cst8   0x9d06f050       0x18 build/OLIMEX/production/_ext/2012694729/External.o
 .rodata        0x9d06f068      0x490 build/OLIMEX/production/_ext/2012694729/External.o
 .rodata.str1.4
                0x9d06f4f8       0xb0 build/OLIMEX/production/_ext/2012694729/External.o
                                0x108 (size before relaxing)
 .rodata.cst4   0x9d06f5a8        0x4 build/OLIMEX/production/_ext/2012694729/External.o
 .rodata.str1.4
                0x9d06f5ac      0x3ea build/OLIMEX/production/_ext/2012694729/Files.o
                                0x488 (size before relaxing)
 *fill*         0x9d06f996        0x2 00
 .rodata        0x9d06f998       0x9c build/OLIMEX/production/_ext/2012694729/Files.o
                0x9d06f998                ErrorMap
 .rodata.cst4   0x9d06fa34        0x4 build/OLIMEX/production/_ext/2012694729/Files.o
 .rodata.cst4   0x9d06fa38        0xc build/OLIMEX/production/_ext/2012694729/Functions.o
                                 0x1c (size before relaxing)
 .rodata.str1.4
                0x9d06fa44       0xc5 build/OLIMEX/production/_ext/2012694729/Functions.o
                                0x118 (size before relaxing)
 *fill*         0x9d06fb09        0x3 00
 .rodata        0x9d06fb0c       0xbc build/OLIMEX/production/_ext/2012694729/Functions.o
 .rodata.cst8   0x9d06fbc8        0x8 build/OLIMEX/production/_ext/2012694729/Functions.o
 .rodata.str1.4
                0x9d06fbd0       0x25 build/OLIMEX/production/_ext/2012694729/Graphics.o
                                 0x74 (size before relaxing)
 *fill*         0x9d06fbf5        0x3 00
 .rodata.cst8   0x9d06fbf8       0x10 build/OLIMEX/production/_ext/2012694729/Graphics.o
 .rodata.str1.4
                0x9d06fc08       0x7d build/OLIMEX/production/_ext/2012694729/Help.o
                                 0x90 (size before relaxing)
 *fill*         0x9d06fc85        0x3 00
 .rodata.str1.4
                0x9d06fc88      0x3ba build/OLIMEX/production/_ext/2012694729/I2C.o
                                0x4d0 (size before relaxing)
 .rodata.cst4   0x00000000        0xc build/OLIMEX/production/_ext/2012694729/I2C.o
 *fill*         0x9d070042        0x2 00
 .rodata        0x9d070044       0x24 build/OLIMEX/production/_ext/2012694729/I2C.o
 .rodata.str1.4
                0x9d070068      0x8b1 build/OLIMEX/production/_ext/2012694729/MMBasic.o
                                0x9c4 (size before relaxing)
 *fill*         0x9d070919        0x3 00
 .rodata        0x9d07091c      0x104 build/OLIMEX/production/_ext/2012694729/MMBasic.o
 .rodata.cst4   0x9d070a20       0x18 build/OLIMEX/production/_ext/2012694729/MMBasic.o